Archive member included to satisfy reference by file (symbol)

app/libapp.a(main.c.obj)      (--whole-archive)
zephyr/libzephyr.a(crc32_sw.c.obj)
                              (--whole-archive)
zephyr/libzephyr.a(crc16_sw.c.obj)
                              (--whole-archive)
zephyr/libzephyr.a(crc8_sw.c.obj)
                              (--whole-archive)
zephyr/libzephyr.a(crc7_sw.c.obj)
                              (--whole-archive)
zephyr/libzephyr.a(dec.c.obj)
                              (--whole-archive)
zephyr/libzephyr.a(fdtable.c.obj)
                              (--whole-archive)
zephyr/libzephyr.a(hex.c.obj)
                              (--whole-archive)
zephyr/libzephyr.a(mempool.c.obj)
                              (--whole-archive)
zephyr/libzephyr.a(printk.c.obj)
                              (--whole-archive)
zephyr/libzephyr.a(onoff.c.obj)
                              (--whole-archive)
zephyr/libzephyr.a(rb.c.obj)  (--whole-archive)
zephyr/libzephyr.a(sem.c.obj)
                              (--whole-archive)
zephyr/libzephyr.a(thread_entry.c.obj)
                              (--whole-archive)
zephyr/libzephyr.a(timeutil.c.obj)
                              (--whole-archive)
zephyr/libzephyr.a(work_q.c.obj)
                              (--whole-archive)
zephyr/libzephyr.a(configs.c.obj)
                              (--whole-archive)
zephyr/libzephyr.a(soc.c.obj)
                              (--whole-archive)
zephyr/libzephyr.a(power.c.obj)
                              (--whole-archive)
zephyr/libzephyr.a(validate_base_addresses.c.obj)
                              (--whole-archive)
zephyr/libzephyr.a(power.c.obj)
                              (--whole-archive)
zephyr/libzephyr.a(policy_residency.c.obj)
                              (--whole-archive)
zephyr/libzephyr.a(nrf_power_clock.c.obj)
                              (--whole-archive)
zephyr/libzephyr.a(sys_clock_init.c.obj)
                              (--whole-archive)
zephyr/libzephyr.a(nrf_rtc_timer.c.obj)
                              (--whole-archive)
zephyr/libzephyr.a(spm.c.obj)
                              (--whole-archive)
zephyr/libzephyr.a(secure_services.c.obj)
                              (--whole-archive)
zephyr/libzephyr.a(nrf_cc310_platform_abort_zephyr.c.obj)
                              (--whole-archive)
zephyr/libzephyr.a(nrf_cc310_platform_mutex_zephyr.c.obj)
                              (--whole-archive)
zephyr/arch/common/libarch__common.a(isr_tables.c.obj)
                              (--whole-archive)
zephyr/arch/common/libarch__common.a(sw_isr_common.c.obj)
                              (--whole-archive)
zephyr/arch/arch/arm/core/aarch32/libarch__arm__core__aarch32.a(exc_exit.S.obj)
                              (--whole-archive)
zephyr/arch/arch/arm/core/aarch32/libarch__arm__core__aarch32.a(swap.c.obj)
                              (--whole-archive)
zephyr/arch/arch/arm/core/aarch32/libarch__arm__core__aarch32.a(swap_helper.S.obj)
                              (--whole-archive)
zephyr/arch/arch/arm/core/aarch32/libarch__arm__core__aarch32.a(irq_manage.c.obj)
                              (--whole-archive)
zephyr/arch/arch/arm/core/aarch32/libarch__arm__core__aarch32.a(thread.c.obj)
                              (--whole-archive)
zephyr/arch/arch/arm/core/aarch32/libarch__arm__core__aarch32.a(cpu_idle.S.obj)
                              (--whole-archive)
zephyr/arch/arch/arm/core/aarch32/libarch__arm__core__aarch32.a(fault_s.S.obj)
                              (--whole-archive)
zephyr/arch/arch/arm/core/aarch32/libarch__arm__core__aarch32.a(fatal.c.obj)
                              (--whole-archive)
zephyr/arch/arch/arm/core/aarch32/libarch__arm__core__aarch32.a(nmi.c.obj)
                              (--whole-archive)
zephyr/arch/arch/arm/core/aarch32/libarch__arm__core__aarch32.a(nmi_on_reset.S.obj)
                              (--whole-archive)
zephyr/arch/arch/arm/core/aarch32/libarch__arm__core__aarch32.a(prep_c.c.obj)
                              (--whole-archive)
zephyr/arch/arch/arm/core/aarch32/libarch__arm__core__aarch32.a(isr_wrapper.S.obj)
                              (--whole-archive)
zephyr/arch/arch/arm/core/aarch32/cortex_m/libarch__arm__core__aarch32__cortex_m.a(vector_table.S.obj)
                              (--whole-archive)
zephyr/arch/arch/arm/core/aarch32/cortex_m/libarch__arm__core__aarch32__cortex_m.a(reset.S.obj)
                              (--whole-archive)
zephyr/arch/arch/arm/core/aarch32/cortex_m/libarch__arm__core__aarch32__cortex_m.a(fault.c.obj)
                              (--whole-archive)
zephyr/arch/arch/arm/core/aarch32/cortex_m/libarch__arm__core__aarch32__cortex_m.a(scb.c.obj)
                              (--whole-archive)
zephyr/arch/arch/arm/core/aarch32/cortex_m/libarch__arm__core__aarch32__cortex_m.a(irq_init.c.obj)
                              (--whole-archive)
[...]
Memory Configuration

Name             Origin             Length             Attributes
FLASH            0x0000000000000000 0x000000000000c000 xr
SRAM             0x0000000020000000 0x0000000000010000 xw
IDT_LIST         0x0000000020010000 0x0000000000000800 xw
*default*        0x0000000000000000 0xffffffffffffffff

Linker script and memory map

LOAD zephyr/CMakeFiles/zephyr_prebuilt.dir/misc/empty_file.c.obj
                0x0000000000000020                _region_min_align = 0x20

.rel.plt        0x0000000000000000        0x0
 *(SORT_BY_ALIGNMENT(.rel.plt))
                [!provide]                        PROVIDE (__rel_iplt_start = .)
 *(SORT_BY_ALIGNMENT(.rel.iplt))
 .rel.iplt      0x0000000000000000        0x0 app/libapp.a(main.c.obj)
                [!provide]                        PROVIDE (__rel_iplt_end = .)

.rela.plt       0x0000000000000000        0x0
 *(SORT_BY_ALIGNMENT(.rela.plt))
                [!provide]                        PROVIDE (__rela_iplt_start = .)
 *(SORT_BY_ALIGNMENT(.rela.iplt))
                [!provide]                        PROVIDE (__rela_iplt_end = .)

.rel.dyn
 *(SORT_BY_ALIGNMENT(.rel.*))

.rela.dyn
 *(SORT_BY_ALIGNMENT(.rela.*))

/DISCARD/
 *(SORT_BY_ALIGNMENT(.plt))
 *(SORT_BY_ALIGNMENT(.iplt))
 *(SORT_BY_ALIGNMENT(.got.plt))
 *(SORT_BY_ALIGNMENT(.igot.plt))
 *(SORT_BY_ALIGNMENT(.got))
 *(SORT_BY_ALIGNMENT(.igot))
 *(SORT_BY_ALIGNMENT(.note.GNU-stack))
                0x0000000000000000                _image_rom_start = 0x0

rom_start       0x0000000000000000      0x23c
                0x0000000000000000                . = 0x0
                0x0000000000000000                . = ALIGN (0x4)
                0x0000000000000000                _vector_start = .
 *(SORT_BY_ALIGNMENT(.exc_vector_table))
 *(SORT_BY_ALIGNMENT(.exc_vector_table.*))
 .exc_vector_table._vector_table_section
                0x0000000000000000       0x40 zephyr/arch/arch/arm/core/aarch32/cortex_m/libarch__arm__core__aarch32__cortex_m.a(vector_table.S.obj)
                0x0000000000000000                _vector_table
 *(SORT_BY_ALIGNMENT(.gnu.linkonce.irq_vector_table))
 .gnu.linkonce.irq_vector_table
                0x0000000000000040      0x104 zephyr/arch/common/libarch__common.a(isr_tables.c.obj)
                0x0000000000000040                _irq_vector_table
 *(SORT_BY_ALIGNMENT(.vectors))
                0x0000000000000144                _vector_end = .
 *(SORT_BY_ALIGNMENT(.openocd_dbg))
 *(SORT_BY_ALIGNMENT(.openocd_dbg.*))
                0x0000000000000200                . = 0x200
 *fill*         0x0000000000000144       0xbc 
                0x0000000000000200                _fw_info_start = .
 *(SORT_BY_NAME(SORT_BY_ALIGNMENT(.firmware_info*)))
 .firmware_info
                0x0000000000000200       0x3c modules/nrf/subsys/fw_info/lib..__nrf__subsys__fw_info.a(fw_info.c.obj)
                0x0000000000000200                m_firmware_info
                0x000000000000003c                _fw_info_size = ABSOLUTE ((. - _fw_info_start))

text            0x000000000000023c     0x3c30
                0x000000000000023c                _image_text_start = .
 *(SORT_BY_ALIGNMENT(.text))
 .text          0x000000000000023c       0x30 /usr/local/gnuarmemb/bin/../lib/gcc/arm-none-eabi/8.3.1/thumb/v8-m.main+fp/hard/libgcc.a(_aeabi_uldivmod.o)
                0x000000000000023c                __aeabi_uldivmod
 .text          0x000000000000026c      0x2c8 /usr/local/gnuarmemb/bin/../lib/gcc/arm-none-eabi/8.3.1/thumb/v8-m.main+fp/hard/libgcc.a(_udivmoddi4.o)
                0x000000000000026c                __udivmoddi4
 .text          0x0000000000000534        0x4 /usr/local/gnuarmemb/bin/../lib/gcc/arm-none-eabi/8.3.1/thumb/v8-m.main+fp/hard/libgcc.a(_dvmd_tls.o)
                0x0000000000000534                __aeabi_ldiv0
                0x0000000000000534                __aeabi_idiv0
 .text          0x0000000000000538       0x5c /usr/local/gnuarmemb/bin/../lib/gcc/arm-none-eabi/8.3.1/thumb/v8-m.main+fp/hard/libgcc.a(cmse_nonsecure_call.o)
                0x0000000000000538                __gnu_cmse_nonsecure_call
 *(SORT_BY_ALIGNMENT(.text.*))
 .text.char_out
                0x0000000000000594       0x10 zephyr/libzephyr.a(printk.c.obj)
 .text._printk_dec_ulong
                0x00000000000005a4       0x98 zephyr/libzephyr.a(printk.c.obj)
 .text.vprintk  0x000000000000063c       0x1c zephyr/libzephyr.a(printk.c.obj)
                0x000000000000063c                vprintk
 .text.nordicsemi_nrf91_init
                0x0000000000000658       0x28 zephyr/libzephyr.a(soc.c.obj)
 .text.nrf_power_clock_isr
                0x0000000000000680       0x54 zephyr/libzephyr.a(nrf_power_clock.c.obj)
                0x0000000000000680                nrf_power_clock_isr
 .text.rtc1_nrf_isr
                0x00000000000006d4       0x40 zephyr/libzephyr.a(nrf_rtc_timer.c.obj)
                0x00000000000006d4                rtc1_nrf_isr
 .text.z_clock_driver_init
                0x0000000000000714       0x6c zephyr/libzephyr.a(nrf_rtc_timer.c.obj)
                0x0000000000000714                z_clock_driver_init
 .text.z_clock_set_timeout
                0x0000000000000780       0xac zephyr/libzephyr.a(nrf_rtc_timer.c.obj)
                0x0000000000000780                z_clock_set_timeout
 .text.z_clock_elapsed
                0x000000000000082c       0x34 zephyr/libzephyr.a(nrf_rtc_timer.c.obj)
                0x000000000000082c                z_clock_elapsed
 .text.spm_config_peripheral.constprop.1
                0x0000000000000860       0x5c zephyr/libzephyr.a(spm.c.obj)
 .text.spm_jump
                0x00000000000008bc       0xd4 zephyr/libzephyr.a(spm.c.obj)
                0x00000000000008bc                spm_jump
 .text.spm_config
                0x0000000000000990      0x224 zephyr/libzephyr.a(spm.c.obj)
                0x0000000000000990                spm_config
 .text.spm_request_read
                0x0000000000000bb4       0xb0 zephyr/libzephyr.a(secure_services.c.obj)
                0x0000000000000bb4                __acle_se_spm_request_read
 .text.spm_firmware_info
                0x0000000000000c64       0xcc zephyr/libzephyr.a(secure_services.c.obj)
                0x0000000000000c64                __acle_se_spm_firmware_info
 .text.nrf_cc310_platform_abort_init
                0x0000000000000d30        0xc zephyr/libzephyr.a(nrf_cc310_platform_abort_zephyr.c.obj)
                0x0000000000000d30                nrf_cc310_platform_abort_init
 .text.mutex_unlock
                0x0000000000000d3c       0x20 zephyr/libzephyr.a(nrf_cc310_platform_mutex_zephyr.c.obj)
 .text.mutex_free
                0x0000000000000d5c       0x40 zephyr/libzephyr.a(nrf_cc310_platform_mutex_zephyr.c.obj)
 .text.mutex_init
                0x0000000000000d9c       0x64 zephyr/libzephyr.a(nrf_cc310_platform_mutex_zephyr.c.obj)
 .text.mutex_lock
                0x0000000000000e00       0x30 zephyr/libzephyr.a(nrf_cc310_platform_mutex_zephyr.c.obj)
 .text.nrf_cc310_platform_mutex_init
                0x0000000000000e30       0x2c zephyr/libzephyr.a(nrf_cc310_platform_mutex_zephyr.c.obj)
                0x0000000000000e30                nrf_cc310_platform_mutex_init
 .text._HandlerModeExit
                0x0000000000000e5c       0x1c zephyr/arch/arch/arm/core/aarch32/libarch__arm__core__aarch32.a(exc_exit.S.obj)
                0x0000000000000e5c                z_arm_exc_exit
                0x0000000000000e5c                z_arm_int_exit
 .text.arch_swap
                0x0000000000000e78       0x34 zephyr/arch/arch/arm/core/aarch32/libarch__arm__core__aarch32.a(swap.c.obj)
                0x0000000000000e78                arch_swap
 .text.z_arm_pendsv
                0x0000000000000eac       0x54 zephyr/arch/arch/arm/core/aarch32/libarch__arm__core__aarch32.a(swap_helper.S.obj)
                0x0000000000000eac                z_arm_pendsv
 .text.z_arm_svc
                0x0000000000000f00       0x20 zephyr/arch/arch/arm/core/aarch32/libarch__arm__core__aarch32.a(swap_helper.S.obj)
                0x0000000000000f00                z_arm_svc
 .text.arch_irq_enable
                0x0000000000000f20       0x20 zephyr/arch/arch/arm/core/aarch32/libarch__arm__core__aarch32.a(irq_manage.c.obj)
                0x0000000000000f20                arch_irq_enable
 .text.z_arm_irq_priority_set
                0x0000000000000f40       0x30 zephyr/arch/arch/arm/core/aarch32/libarch__arm__core__aarch32.a(irq_manage.c.obj)
                0x0000000000000f40                z_arm_irq_priority_set
 .text.arch_new_thread
                0x0000000000000f70       0x44 zephyr/arch/arch/arm/core/aarch32/libarch__arm__core__aarch32.a(thread.c.obj)
                0x0000000000000f70                arch_new_thread
 .text.arch_switch_to_main_thread
                0x0000000000000fb4       0x44 zephyr/arch/arch/arm/core/aarch32/libarch__arm__core__aarch32.a(thread.c.obj)
                0x0000000000000fb4                arch_switch_to_main_thread
 .text.z_arm_cpu_idle_init
                0x0000000000000ff8        0xc zephyr/arch/arch/arm/core/aarch32/libarch__arm__core__aarch32.a(cpu_idle.S.obj)
                0x0000000000000ff8                z_arm_cpu_idle_init
 .text.arch_cpu_idle
                0x0000000000001004        0xc zephyr/arch/arch/arm/core/aarch32/libarch__arm__core__aarch32.a(cpu_idle.S.obj)
                0x0000000000001004                arch_cpu_idle
 .text.__fault  0x0000000000001010       0x14 zephyr/arch/arch/arm/core/aarch32/libarch__arm__core__aarch32.a(fault_s.S.obj)
                0x0000000000001010                z_arm_secure_fault
                0x0000000000001010                z_arm_bus_fault
                0x0000000000001010                z_arm_usage_fault
                0x0000000000001010                z_arm_mpu_fault
                0x0000000000001010                z_arm_reserved
                0x0000000000001010                z_arm_debug_monitor
                0x0000000000001010                z_arm_hard_fault
 .text.z_SysNmiOnReset
                0x0000000000001024        0x8 zephyr/arch/arch/arm/core/aarch32/libarch__arm__core__aarch32.a(nmi_on_reset.S.obj)
                0x0000000000001024                z_SysNmiOnReset
 .text.z_arm_prep_c
                0x000000000000102c       0x54 zephyr/arch/arch/arm/core/aarch32/libarch__arm__core__aarch32.a(prep_c.c.obj)
                0x000000000000102c                z_arm_prep_c
 .text._isr_wrapper
                0x0000000000001080       0x40 zephyr/arch/arch/arm/core/aarch32/libarch__arm__core__aarch32.a(isr_wrapper.S.obj)
                0x0000000000001080                _isr_wrapper
 .text._reset_section
                0x00000000000010c0       0x30 zephyr/arch/arch/arm/core/aarch32/cortex_m/libarch__arm__core__aarch32__cortex_m.a(reset.S.obj)
                0x00000000000010c0                z_arm_reset
                0x00000000000010c0                __start
 .text.mem_manage_fault.isra.2
                0x00000000000010f0       0x38 zephyr/arch/arch/arm/core/aarch32/cortex_m/libarch__arm__core__aarch32__cortex_m.a(fault.c.obj)
 .text.bus_fault.isra.3
                0x0000000000001128       0x3c zephyr/arch/arch/arm/core/aarch32/cortex_m/libarch__arm__core__aarch32__cortex_m.a(fault.c.obj)
 .text.usage_fault.isra.4
                0x0000000000001164       0x24 zephyr/arch/arch/arm/core/aarch32/cortex_m/libarch__arm__core__aarch32__cortex_m.a(fault.c.obj)
 .text.secure_fault.isra.5
                0x0000000000001188       0x3c zephyr/arch/arch/arm/core/aarch32/cortex_m/libarch__arm__core__aarch32__cortex_m.a(fault.c.obj)
 .text.z_arm_fault
                0x00000000000011c4      0x118 zephyr/arch/arch/arm/core/aarch32/cortex_m/libarch__arm__core__aarch32__cortex_m.a(fault.c.obj)
                0x00000000000011c4                z_arm_fault
 .text.z_arm_fault_init
                0x00000000000012dc       0x10 zephyr/arch/arch/arm/core/aarch32/cortex_m/libarch__arm__core__aarch32__cortex_m.a(fault.c.obj)
                0x00000000000012dc                z_arm_fault_init
 .text.sys_arch_reboot
                0x00000000000012ec       0x24 zephyr/arch/arch/arm/core/aarch32/cortex_m/libarch__arm__core__aarch32__cortex_m.a(scb.c.obj)
                0x00000000000012ec                sys_arch_reboot
 .text.z_arm_int_lib_init
                0x0000000000001310       0x18 zephyr/arch/arch/arm/core/aarch32/cortex_m/libarch__arm__core__aarch32__cortex_m.a(irq_init.c.obj)
                0x0000000000001310                z_arm_int_lib_init
 .text.z_impl_k_thread_abort
                0x0000000000001328       0x4c zephyr/arch/arch/arm/core/aarch32/cortex_m/libarch__arm__core__aarch32__cortex_m.a(thread_abort.c.obj)
                0x0000000000001328                z_impl_k_thread_abort
 .text.z_arm_configure_static_mpu_regions
                0x0000000000001374       0x54 zephyr/arch/arch/arm/core/aarch32/cortex_m/mpu/libarch__arm__core__aarch32__cortex_m__mpu.a(arm_core_mpu.c.obj)
                0x0000000000001374                z_arm_configure_static_mpu_regions
 .text.region_init
                0x00000000000013c8       0x30 zephyr/arch/arch/arm/core/aarch32/cortex_m/mpu/libarch__arm__core__aarch32__cortex_m__mpu.a(arm_mpu.c.obj)
 .text.mpu_configure_regions_and_partition.constprop.1
                0x00000000000013f8      0x134 zephyr/arch/arch/arm/core/aarch32/cortex_m/mpu/libarch__arm__core__aarch32__cortex_m__mpu.a(arm_mpu.c.obj)
 .text.arm_core_mpu_enable
                0x000000000000152c       0x14 zephyr/arch/arch/arm/core/aarch32/cortex_m/mpu/libarch__arm__core__aarch32__cortex_m__mpu.a(arm_mpu.c.obj)
                0x000000000000152c                arm_core_mpu_enable
 .text.arm_core_mpu_disable
                0x0000000000001540       0x10 zephyr/arch/arch/arm/core/aarch32/cortex_m/mpu/libarch__arm__core__aarch32__cortex_m__mpu.a(arm_mpu.c.obj)
                0x0000000000001540                arm_core_mpu_disable
 .text.arm_mpu_init
                0x0000000000001550       0x4c zephyr/arch/arch/arm/core/aarch32/cortex_m/mpu/libarch__arm__core__aarch32__cortex_m__mpu.a(arm_mpu.c.obj)
 .text.arm_core_mpu_configure_static_mpu_regions
                0x000000000000159c       0x14 zephyr/arch/arch/arm/core/aarch32/cortex_m/mpu/libarch__arm__core__aarch32__cortex_m__mpu.a(arm_mpu.c.obj)
                0x000000000000159c                arm_core_mpu_configure_static_mpu_regions
 .text.arm_core_mpu_mark_areas_for_dynamic_regions
                0x00000000000015b0       0xa8 zephyr/arch/arch/arm/core/aarch32/cortex_m/mpu/libarch__arm__core__aarch32__cortex_m__mpu.a(arm_mpu.c.obj)
                0x00000000000015b0                arm_core_mpu_mark_areas_for_dynamic_regions
 .text.arm_core_mpu_configure_dynamic_mpu_regions
                0x0000000000001658       0x40 zephyr/arch/arch/arm/core/aarch32/cortex_m/mpu/libarch__arm__core__aarch32__cortex_m__mpu.a(arm_mpu.c.obj)
                0x0000000000001658                arm_core_mpu_configure_dynamic_mpu_regions
 .text.tz_nonsecure_state_setup
                0x0000000000001698       0x38 zephyr/arch/arch/arm/core/aarch32/cortex_m/tz/libarch__arm__core__aarch32__cortex_m__tz.a(arm_core_tz.c.obj)
                0x0000000000001698                tz_nonsecure_state_setup
 .text.tz_nbanked_exception_target_state_set
                0x00000000000016d0       0x28 zephyr/arch/arch/arm/core/aarch32/cortex_m/tz/libarch__arm__core__aarch32__cortex_m__tz.a(arm_core_tz.c.obj)
                0x00000000000016d0                tz_nbanked_exception_target_state_set
 .text.tz_nonsecure_exception_prio_config
                0x00000000000016f8       0x28 zephyr/arch/arch/arm/core/aarch32/cortex_m/tz/libarch__arm__core__aarch32__cortex_m__tz.a(arm_core_tz.c.obj)
                0x00000000000016f8                tz_nonsecure_exception_prio_config
 .text.tz_nonsecure_system_reset_req_block
                0x0000000000001720       0x28 zephyr/arch/arch/arm/core/aarch32/cortex_m/tz/libarch__arm__core__aarch32__cortex_m__tz.a(arm_core_tz.c.obj)
                0x0000000000001720                tz_nonsecure_system_reset_req_block
 .text.tz_nonsecure_fpu_access_enable
                0x0000000000001748       0x14 zephyr/arch/arch/arm/core/aarch32/cortex_m/tz/libarch__arm__core__aarch32__cortex_m__tz.a(arm_core_tz.c.obj)
                0x0000000000001748                tz_nonsecure_fpu_access_enable
 .text.tz_sau_configure
                0x000000000000175c       0x28 zephyr/arch/arch/arm/core/aarch32/cortex_m/tz/libarch__arm__core__aarch32__cortex_m__tz.a(arm_core_tz.c.obj)
                0x000000000000175c                tz_sau_configure
 .text.check_ext_api_requests
                0x0000000000001784       0x88 modules/nrf/subsys/fw_info/lib..__nrf__subsys__fw_info.a(fw_info.c.obj)
 .text.nrf91_errata_6
                0x000000000000180c       0x20 modules/nordic/lib..__modules__hal__nordic.a(system_nrf9160.c.obj)
 .text.nrf91_errata_14
                0x000000000000182c       0x1c modules/nordic/lib..__modules__hal__nordic.a(system_nrf9160.c.obj)
 .text.SystemInit
                0x0000000000001848      0x170 modules/nordic/lib..__modules__hal__nordic.a(system_nrf9160.c.obj)
                0x0000000000001848                SystemInit
 .text.z_sys_device_do_config_level
                0x00000000000019b8       0x2c zephyr/kernel/libkernel.a(device.c.obj)
                0x00000000000019b8                z_sys_device_do_config_level
 .text.z_impl_device_get_binding
                0x00000000000019e4       0x4c zephyr/kernel/libkernel.a(device.c.obj)
                0x00000000000019e4                z_impl_device_get_binding
 .text.idle     0x0000000000001a30       0x34 zephyr/kernel/libkernel.a(idle.c.obj)
                0x0000000000001a30                idle
 .text.z_bss_zero
                0x0000000000001a64       0x14 zephyr/kernel/libkernel.a(init.c.obj)
                0x0000000000001a64                z_bss_zero
 .text.z_data_copy
                0x0000000000001a78       0x34 zephyr/kernel/libkernel.a(init.c.obj)
                0x0000000000001a78                z_data_copy
 .text.bg_thread_main
                0x0000000000001aac       0x30 zephyr/kernel/libkernel.a(init.c.obj)
 .text.z_cstart
                0x0000000000001adc      0x110 zephyr/kernel/libkernel.a(init.c.obj)
                0x0000000000001adc                z_cstart
 .text.init_mem_slab_module
                0x0000000000001bec       0x44 zephyr/kernel/libkernel.a(mem_slab.c.obj)
 .text.k_mem_slab_alloc
                0x0000000000001c30       0x58 zephyr/kernel/libkernel.a(mem_slab.c.obj)
                0x0000000000001c30                k_mem_slab_alloc
 .text.k_mem_slab_free
                0x0000000000001c88       0x5c zephyr/kernel/libkernel.a(mem_slab.c.obj)
                0x0000000000001c88                k_mem_slab_free
 .text.z_impl_k_mutex_lock
                0x0000000000001ce4       0xe4 zephyr/kernel/libkernel.a(mutex.c.obj)
                0x0000000000001ce4                z_impl_k_mutex_lock
 .text.z_impl_k_mutex_unlock
                0x0000000000001dc8       0x98 zephyr/kernel/libkernel.a(mutex.c.obj)
                0x0000000000001dc8                z_impl_k_mutex_unlock
 .text.z_reset_time_slice
                0x0000000000001e60       0x2c zephyr/kernel/libkernel.a(sched.c.obj)
                0x0000000000001e60                z_reset_time_slice
 .text.k_sched_time_slice_set
                0x0000000000001e8c       0x58 zephyr/kernel/libkernel.a(sched.c.obj)
                0x0000000000001e8c                k_sched_time_slice_set
 .text.k_sched_lock
                0x0000000000001ee4       0x28 zephyr/kernel/libkernel.a(sched.c.obj)
                0x0000000000001ee4                k_sched_lock
 .text.z_priq_dumb_remove
                0x0000000000001f0c       0x2c zephyr/kernel/libkernel.a(sched.c.obj)
                0x0000000000001f0c                z_priq_dumb_remove
 .text.update_cache
                0x0000000000001f38       0x3c zephyr/kernel/libkernel.a(sched.c.obj)
 .text.k_sched_unlock
                0x0000000000001f74       0x38 zephyr/kernel/libkernel.a(sched.c.obj)
                0x0000000000001f74                k_sched_unlock
 .text.z_add_thread_to_ready_q
                0x0000000000001fac       0x6c zephyr/kernel/libkernel.a(sched.c.obj)
                0x0000000000001fac                z_add_thread_to_ready_q
 .text.z_move_thread_to_end_of_prio_q
                0x0000000000002018       0x88 zephyr/kernel/libkernel.a(sched.c.obj)
                0x0000000000002018                z_move_thread_to_end_of_prio_q
 .text.z_time_slice
                0x00000000000020a0       0x6c zephyr/kernel/libkernel.a(sched.c.obj)
                0x00000000000020a0                z_time_slice
 .text.z_thread_single_abort
                0x000000000000210c       0x88 zephyr/kernel/libkernel.a(sched.c.obj)
                0x000000000000210c                z_thread_single_abort
 .text.z_remove_thread_from_ready_q
                0x0000000000002194       0x4c zephyr/kernel/libkernel.a(sched.c.obj)
                0x0000000000002194                z_remove_thread_from_ready_q
 .text.pend     0x00000000000021e0       0x88 zephyr/kernel/libkernel.a(sched.c.obj)
 .text.z_pend_curr
                0x0000000000002268       0x28 zephyr/kernel/libkernel.a(sched.c.obj)
                0x0000000000002268                z_pend_curr
 .text.z_set_prio
                0x0000000000002290       0x84 zephyr/kernel/libkernel.a(sched.c.obj)
                0x0000000000002290                z_set_prio
 .text.z_sched_init
                0x0000000000002314       0x18 zephyr/kernel/libkernel.a(sched.c.obj)
                0x0000000000002314                z_sched_init
 .text.z_impl_k_current_get
                0x000000000000232c        0xc zephyr/kernel/libkernel.a(sched.c.obj)
                0x000000000000232c                z_impl_k_current_get
 .text.z_impl_k_thread_start
                0x0000000000002338       0x48 zephyr/kernel/libkernel.a(thread.c.obj)
                0x0000000000002338                z_impl_k_thread_start
 .text.z_setup_new_thread
                0x0000000000002380       0x30 zephyr/kernel/libkernel.a(thread.c.obj)
                0x0000000000002380                z_setup_new_thread
 .text.z_init_static_threads
                0x00000000000023b0       0xb4 zephyr/kernel/libkernel.a(thread.c.obj)
                0x00000000000023b0                z_init_static_threads
 .text.elapsed  0x0000000000002464       0x14 zephyr/kernel/libkernel.a(timeout.c.obj)
 .text.remove_timeout
                0x0000000000002478       0x28 zephyr/kernel/libkernel.a(timeout.c.obj)
 .text.next_timeout
                0x00000000000024a0       0x38 zephyr/kernel/libkernel.a(timeout.c.obj)
 .text.z_add_timeout
                0x00000000000024d8       0x84 zephyr/kernel/libkernel.a(timeout.c.obj)
                0x00000000000024d8                z_add_timeout
 .text.z_clock_announce
                0x000000000000255c       0xac zephyr/kernel/libkernel.a(timeout.c.obj)
                0x000000000000255c                z_clock_announce
 .text.init_static_pools
                0x0000000000002608       0x28 zephyr/kernel/libkernel.a(mempool.c.obj)
                0x0000000000002608                init_static_pools
 .text.CC_PalMemCopyPlat
                0x0000000000002630        0x4 /Users/crfosse/nordic/ncs/nrfxlib/crypto/nrf_cc310_mbedcrypto/lib/cortex-m33/hard-float/no-interrupts/libnrf_cc310_mbedcrypto_0.9.2.a(cc_pal_mem.c.obj)
                0x0000000000002630                CC_PalMemCopyPlat
 .text.CC_PalMemSetZeroPlat
                0x0000000000002634        0x8 /Users/crfosse/nordic/ncs/nrfxlib/crypto/nrf_cc310_mbedcrypto/lib/cortex-m33/hard-float/no-interrupts/libnrf_cc310_mbedcrypto_0.9.2.a(cc_pal_mem.c.obj)
                0x0000000000002634                CC_PalMemSetZeroPlat
 .text.CC_PalInit
                0x000000000000263c       0x5c /Users/crfosse/nordic/ncs/nrfxlib/crypto/nrf_cc310_mbedcrypto/lib/cortex-m33/hard-float/no-interrupts/libnrf_cc310_mbedcrypto_0.9.2.a(cc_pal.c.obj)
                0x000000000000263c                CC_PalInit
 .text.CC_PalTerminate
                0x0000000000002698       0x34 /Users/crfosse/nordic/ncs/nrfxlib/crypto/nrf_cc310_mbedcrypto/lib/cortex-m33/hard-float/no-interrupts/libnrf_cc310_mbedcrypto_0.9.2.a(cc_pal.c.obj)
                0x0000000000002698                CC_PalTerminate
 .text.CC_PalDmaInit
                0x00000000000026cc        0x4 /Users/crfosse/nordic/ncs/nrfxlib/crypto/nrf_cc310_mbedcrypto/lib/cortex-m33/hard-float/no-interrupts/libnrf_cc310_mbedcrypto_0.9.2.a(cc_pal_dma.c.obj)
                0x00000000000026cc                CC_PalDmaInit
 .text.CC_PalDmaTerminate
                0x00000000000026d0        0x4 /Users/crfosse/nordic/ncs/nrfxlib/crypto/nrf_cc310_mbedcrypto/lib/cortex-m33/hard-float/no-interrupts/libnrf_cc310_mbedcrypto_0.9.2.a(cc_pal_dma.c.obj)
                0x00000000000026d0                CC_PalDmaTerminate
 .text.CC_PalMutexCreate
                0x00000000000026d4       0x14 /Users/crfosse/nordic/ncs/nrfxlib/crypto/nrf_cc310_mbedcrypto/lib/cortex-m33/hard-float/no-interrupts/libnrf_cc310_mbedcrypto_0.9.2.a(cc_pal_mutex.c.obj)
                0x00000000000026d4                CC_PalMutexCreate
 .text.CC_PalMutexDestroy
                0x00000000000026e8       0x14 /Users/crfosse/nordic/ncs/nrfxlib/crypto/nrf_cc310_mbedcrypto/lib/cortex-m33/hard-float/no-interrupts/libnrf_cc310_mbedcrypto_0.9.2.a(cc_pal_mutex.c.obj)
                0x00000000000026e8                CC_PalMutexDestroy
 .text.CC_PalMutexLock
                0x00000000000026fc       0x10 /Users/crfosse/nordic/ncs/nrfxlib/crypto/nrf_cc310_mbedcrypto/lib/cortex-m33/hard-float/no-interrupts/libnrf_cc310_mbedcrypto_0.9.2.a(cc_pal_mutex.c.obj)
                0x00000000000026fc                CC_PalMutexLock
 .text.CC_PalMutexUnlock
                0x000000000000270c       0x14 /Users/crfosse/nordic/ncs/nrfxlib/crypto/nrf_cc310_mbedcrypto/lib/cortex-m33/hard-float/no-interrupts/libnrf_cc310_mbedcrypto_0.9.2.a(cc_pal_mutex.c.obj)
                0x000000000000270c                CC_PalMutexUnlock
 .text.CC_PalPowerSaveModeInit
                0x0000000000002720       0x3c /Users/crfosse/nordic/ncs/nrfxlib/crypto/nrf_cc310_mbedcrypto/lib/cortex-m33/hard-float/no-interrupts/libnrf_cc310_mbedcrypto_0.9.2.a(cc_pal_pm.c.obj)
                0x0000000000002720                CC_PalPowerSaveModeInit
 .text.CC_PalPowerSaveModeSelect
                0x000000000000275c       0x84 /Users/crfosse/nordic/ncs/nrfxlib/crypto/nrf_cc310_mbedcrypto/lib/cortex-m33/hard-float/no-interrupts/libnrf_cc310_mbedcrypto_0.9.2.a(cc_pal_pm.c.obj)
                0x000000000000275c                CC_PalPowerSaveModeSelect
 .text.CC_HalInit
                0x00000000000027e0        0x4 /Users/crfosse/nordic/ncs/nrfxlib/crypto/nrf_cc310_mbedcrypto/lib/cortex-m33/hard-float/no-interrupts/libnrf_cc310_mbedcrypto_0.9.2.a(cc_hal.c.obj)
                0x00000000000027e0                CC_HalInit
 .text.CC_HalTerminate
                0x00000000000027e4        0x4 /Users/crfosse/nordic/ncs/nrfxlib/crypto/nrf_cc310_mbedcrypto/lib/cortex-m33/hard-float/no-interrupts/libnrf_cc310_mbedcrypto_0.9.2.a(cc_hal.c.obj)
                0x00000000000027e4                CC_HalTerminate
 .text.CC_HalClearInterruptBit
                0x00000000000027e8       0x1c /Users/crfosse/nordic/ncs/nrfxlib/crypto/nrf_cc310_mbedcrypto/lib/cortex-m33/hard-float/no-interrupts/libnrf_cc310_mbedcrypto_0.9.2.a(cc_hal.c.obj)
                0x00000000000027e8                CC_HalClearInterruptBit
 .text.CC_HalMaskInterrupt
                0x0000000000002804        0xc /Users/crfosse/nordic/ncs/nrfxlib/crypto/nrf_cc310_mbedcrypto/lib/cortex-m33/hard-float/no-interrupts/libnrf_cc310_mbedcrypto_0.9.2.a(cc_hal.c.obj)
                0x0000000000002804                CC_HalMaskInterrupt
 .text.CC_HalWaitInterruptRND
                0x0000000000002810        0xc /Users/crfosse/nordic/ncs/nrfxlib/crypto/nrf_cc310_mbedcrypto/lib/cortex-m33/hard-float/no-interrupts/libnrf_cc310_mbedcrypto_0.9.2.a(cc_hal.c.obj)
                0x0000000000002810                CC_HalWaitInterruptRND
 .text.CC_PalWaitInterruptRND
                0x000000000000281c       0x30 /Users/crfosse/nordic/ncs/nrfxlib/crypto/nrf_cc310_mbedcrypto/lib/cortex-m33/hard-float/no-interrupts/libnrf_cc310_mbedcrypto_0.9.2.a(cc_pal_interrupt_ctrl.c.obj)
                0x000000000000281c                CC_PalWaitInterruptRND
 .text.mbedtls_platform_setup
                0x000000000000284c        0x4 /Users/crfosse/nordic/ncs/nrfxlib/crypto/nrf_cc310_platform/lib/cortex-m33/hard-float/no-interrupts/libnrf_cc310_platform_0.9.2.a(platform_alt.c.obj)
                0x000000000000284c                mbedtls_platform_setup
 .text.mbedtls_platform_zeroize
                0x0000000000002850       0x14 /Users/crfosse/nordic/ncs/nrfxlib/crypto/nrf_cc310_platform/lib/cortex-m33/hard-float/no-interrupts/libnrf_cc310_platform_0.9.2.a(mbedtls_common.c.obj)
                0x0000000000002850                mbedtls_platform_zeroize
 .text.mbedtls_hardware_poll
                0x0000000000002864       0xb0 /Users/crfosse/nordic/ncs/nrfxlib/crypto/nrf_cc310_platform/lib/cortex-m33/hard-float/no-interrupts/libnrf_cc310_platform_0.9.2.a(trng_api.c.obj)
                0x0000000000002864                mbedtls_hardware_poll
 .text.RNG_PLAT_SetUserRngParameters
                0x0000000000002914       0x7c /Users/crfosse/nordic/ncs/nrfxlib/crypto/nrf_cc310_platform/lib/cortex-m33/hard-float/no-interrupts/libnrf_cc310_platform_0.9.2.a(cc_rng_plat.c.obj)
                0x0000000000002914                RNG_PLAT_SetUserRngParameters
 .text.nrf_cc310_platform_init
                0x0000000000002990       0x44 /Users/crfosse/nordic/ncs/nrfxlib/crypto/nrf_cc310_platform/lib/cortex-m33/hard-float/no-interrupts/libnrf_cc310_platform_0.9.2.a(nrf_cc310_platform.c.obj)
                0x0000000000002990                nrf_cc310_platform_init
 .text.nrf_cc310_platform_init_no_rng
                0x00000000000029d4       0x34 /Users/crfosse/nordic/ncs/nrfxlib/crypto/nrf_cc310_platform/lib/cortex-m33/hard-float/no-interrupts/libnrf_cc310_platform_0.9.2.a(nrf_cc310_platform.c.obj)
                0x00000000000029d4                nrf_cc310_platform_init_no_rng
 .text.nrf_cc310_platform_abort
                0x0000000000002a08       0x24 /Users/crfosse/nordic/ncs/nrfxlib/crypto/nrf_cc310_platform/lib/cortex-m33/hard-float/no-interrupts/libnrf_cc310_platform_0.9.2.a(nrf_cc310_platform_abort.c.obj)
 .text.CC_PalAbort
                0x0000000000002a2c        0xc /Users/crfosse/nordic/ncs/nrfxlib/crypto/nrf_cc310_platform/lib/cortex-m33/hard-float/no-interrupts/libnrf_cc310_platform_0.9.2.a(nrf_cc310_platform_abort.c.obj)
                0x0000000000002a2c                CC_PalAbort
 .text.nrf_cc310_platform_set_abort
                0x0000000000002a38       0x10 /Users/crfosse/nordic/ncs/nrfxlib/crypto/nrf_cc310_platform/lib/cortex-m33/hard-float/no-interrupts/libnrf_cc310_platform_0.9.2.a(nrf_cc310_platform_abort.c.obj)
                0x0000000000002a38                nrf_cc310_platform_set_abort
 .text.mutex_free
                0x0000000000002a48        0x4 /Users/crfosse/nordic/ncs/nrfxlib/crypto/nrf_cc310_platform/lib/cortex-m33/hard-float/no-interrupts/libnrf_cc310_platform_0.9.2.a(nrf_cc310_platform_mutex.c.obj)
 .text.mutex_unlock
                0x0000000000002a4c       0x24 /Users/crfosse/nordic/ncs/nrfxlib/crypto/nrf_cc310_platform/lib/cortex-m33/hard-float/no-interrupts/libnrf_cc310_platform_0.9.2.a(nrf_cc310_platform_mutex.c.obj)
 .text.mutex_init
                0x0000000000002a70       0x1c /Users/crfosse/nordic/ncs/nrfxlib/crypto/nrf_cc310_platform/lib/cortex-m33/hard-float/no-interrupts/libnrf_cc310_platform_0.9.2.a(nrf_cc310_platform_mutex.c.obj)
 .text.mutex_lock
                0x0000000000002a8c       0x1c /Users/crfosse/nordic/ncs/nrfxlib/crypto/nrf_cc310_platform/lib/cortex-m33/hard-float/no-interrupts/libnrf_cc310_platform_0.9.2.a(nrf_cc310_platform_mutex.c.obj)
 .text.nrf_cc310_platform_set_mutexes
                0x0000000000002aa8       0x38 /Users/crfosse/nordic/ncs/nrfxlib/crypto/nrf_cc310_platform/lib/cortex-m33/hard-float/no-interrupts/libnrf_cc310_platform_0.9.2.a(nrf_cc310_platform_mutex.c.obj)
                0x0000000000002aa8                nrf_cc310_platform_set_mutexes
 .text.CC_LibInitNoRng
                0x0000000000002ae0       0x6c /Users/crfosse/nordic/ncs/nrfxlib/crypto/nrf_cc310_platform/lib/cortex-m33/hard-float/no-interrupts/libnrf_cc310_platform_0.9.2.a(cc_lib.c.obj)
                0x0000000000002ae0                CC_LibInitNoRng
 .text.CC_LibInitRngModule
                0x0000000000002b4c       0xb8 /Users/crfosse/nordic/ncs/nrfxlib/crypto/nrf_cc310_platform/lib/cortex-m33/hard-float/no-interrupts/libnrf_cc310_platform_0.9.2.a(cc_lib.c.obj)
                0x0000000000002b4c                CC_LibInitRngModule
 .text.CC_LibInit
                0x0000000000002c04       0x84 /Users/crfosse/nordic/ncs/nrfxlib/crypto/nrf_cc310_platform/lib/cortex-m33/hard-float/no-interrupts/libnrf_cc310_platform_0.9.2.a(cc_lib.c.obj)
                0x0000000000002c04                CC_LibInit
 .text.CC_PalTrngParamGet
                0x0000000000002c88      0x10c /Users/crfosse/nordic/ncs/nrfxlib/crypto/nrf_cc310_platform/lib/cortex-m33/hard-float/no-interrupts/libnrf_cc310_platform_0.9.2.a(cc_pal_trng.c.obj)
                0x0000000000002c88                CC_PalTrngParamGet
 .text.LLF_RND_AdaptiveProportionTest
                0x0000000000002d94       0x7c /Users/crfosse/nordic/ncs/nrfxlib/crypto/nrf_cc310_platform/lib/cortex-m33/hard-float/no-interrupts/libnrf_cc310_platform_0.9.2.a(llf_rnd_trng90b.c.obj)
                0x0000000000002d94                LLF_RND_AdaptiveProportionTest
 .text.getTrngSource
                0x0000000000002e10      0x4b0 /Users/crfosse/nordic/ncs/nrfxlib/crypto/nrf_cc310_platform/lib/cortex-m33/hard-float/no-interrupts/libnrf_cc310_platform_0.9.2.a(llf_rnd_trng90b.c.obj)
 .text.LLF_RND_GetTrngSource
                0x00000000000032c0       0x88 /Users/crfosse/nordic/ncs/nrfxlib/crypto/nrf_cc310_platform/lib/cortex-m33/hard-float/no-interrupts/libnrf_cc310_platform_0.9.2.a(llf_rnd_trng90b.c.obj)
                0x00000000000032c0                LLF_RND_GetTrngSource
 .text.LLF_RND_RunTrngStartupTest
                0x0000000000003348       0x1c /Users/crfosse/nordic/ncs/nrfxlib/crypto/nrf_cc310_platform/lib/cortex-m33/hard-float/no-interrupts/libnrf_cc310_platform_0.9.2.a(llf_rnd_trng90b.c.obj)
                0x0000000000003348                LLF_RND_RunTrngStartupTest
 .text.LLF_RND_WaitRngInterrupt
                0x0000000000003364       0x20 /Users/crfosse/nordic/ncs/nrfxlib/crypto/nrf_cc310_platform/lib/cortex-m33/hard-float/no-interrupts/libnrf_cc310_platform_0.9.2.a(llf_rnd.c.obj)
                0x0000000000003364                LLF_RND_WaitRngInterrupt
 .text.LLF_RND_GetRoscSampleCnt
                0x0000000000003384       0x3c /Users/crfosse/nordic/ncs/nrfxlib/crypto/nrf_cc310_platform/lib/cortex-m33/hard-float/no-interrupts/libnrf_cc310_platform_0.9.2.a(llf_rnd.c.obj)
                0x0000000000003384                LLF_RND_GetRoscSampleCnt
 .text.LLF_RND_GetFastestRosc
                0x00000000000033c0       0x20 /Users/crfosse/nordic/ncs/nrfxlib/crypto/nrf_cc310_platform/lib/cortex-m33/hard-float/no-interrupts/libnrf_cc310_platform_0.9.2.a(llf_rnd.c.obj)
                0x00000000000033c0                LLF_RND_GetFastestRosc
 .text.LLF_RND_TurnOffTrng
                0x00000000000033e0       0x1c /Users/crfosse/nordic/ncs/nrfxlib/crypto/nrf_cc310_platform/lib/cortex-m33/hard-float/no-interrupts/libnrf_cc310_platform_0.9.2.a(llf_rnd.c.obj)
                0x00000000000033e0                LLF_RND_TurnOffTrng
 .text.main     0x00000000000033fc        0xe app/libapp.a(main.c.obj)
                0x00000000000033fc                main
 .text.z_sys_mem_pool_base_init
                0x000000000000340a       0x8c zephyr/libzephyr.a(mempool.c.obj)
                0x000000000000340a                z_sys_mem_pool_base_init
 .text.arch_printk_char_out
                0x0000000000003496        0x4 zephyr/libzephyr.a(printk.c.obj)
                0x0000000000003496                arch_printk_char_out
 .text.print_err
                0x000000000000349a       0x1c zephyr/libzephyr.a(printk.c.obj)
 .text.z_vprintk
                0x00000000000034b6      0x2e0 zephyr/libzephyr.a(printk.c.obj)
                0x00000000000034b6                z_vprintk
 .text.printk   0x0000000000003796       0x1a zephyr/libzephyr.a(printk.c.obj)
                0x0000000000003796                printk
 .text.z_thread_entry
                0x00000000000037b0       0x14 zephyr/libzephyr.a(thread_entry.c.obj)
                0x00000000000037b0                z_thread_entry
 .text._ConfigAbsSyms
                0x00000000000037c4        0x2 zephyr/libzephyr.a(configs.c.obj)
                0x00000000000037c4                _ConfigAbsSyms
 .text.z_platform_init
                0x00000000000037c6        0x4 zephyr/libzephyr.a(soc.c.obj)
                0x00000000000037c6                z_platform_init
 .text.get_status
                0x00000000000037ca       0x1c zephyr/libzephyr.a(nrf_power_clock.c.obj)
 .text.clock_stop
                0x00000000000037e6       0x76 zephyr/libzephyr.a(nrf_power_clock.c.obj)
 .text.clkstarted_handle
                0x000000000000385c       0x46 zephyr/libzephyr.a(nrf_power_clock.c.obj)
 .text.clock_async_start
                0x00000000000038a2       0xe0 zephyr/libzephyr.a(nrf_power_clock.c.obj)
 .text.clock_start
                0x0000000000003982        0x6 zephyr/libzephyr.a(nrf_power_clock.c.obj)
 .text.clk_init
                0x0000000000003988       0x34 zephyr/libzephyr.a(nrf_power_clock.c.obj)
 .text.z_clock_isr
                0x00000000000039bc        0x2 zephyr/libzephyr.a(sys_clock_init.c.obj)
                0x00000000000039bc                z_clock_isr
 .text.z_clock_idle_exit
                0x00000000000039be        0x2 zephyr/libzephyr.a(sys_clock_init.c.obj)
                0x00000000000039be                z_clock_idle_exit
 .text.spm_secure_services_init
                0x00000000000039c0       0x14 zephyr/libzephyr.a(secure_services.c.obj)
                0x00000000000039c0                spm_secure_services_init
 .text.spm_request_random_number
                0x00000000000039d4       0x82 zephyr/libzephyr.a(secure_services.c.obj)
                0x00000000000039d4                __acle_se_spm_request_random_number
 .text.abort_function
                0x0000000000003a56        0x2 zephyr/libzephyr.a(nrf_cc310_platform_abort_zephyr.c.obj)
 .text.z_irq_spurious
                0x0000000000003a58        0x4 zephyr/arch/arch/arm/core/aarch32/libarch__arm__core__aarch32.a(irq_manage.c.obj)
                0x0000000000003a58                z_irq_spurious
 .text.irq_target_state_set
                0x0000000000003a5c       0x56 zephyr/arch/arch/arm/core/aarch32/libarch__arm__core__aarch32.a(irq_manage.c.obj)
                0x0000000000003a5c                irq_target_state_set
 .text.z_arm_fatal_error
                0x0000000000003ab2        0x4 zephyr/arch/arch/arm/core/aarch32/libarch__arm__core__aarch32.a(fatal.c.obj)
                0x0000000000003ab2                z_arm_fatal_error
 .text.z_do_kernel_oops
                0x0000000000003ab6        0x8 zephyr/arch/arch/arm/core/aarch32/libarch__arm__core__aarch32.a(fatal.c.obj)
                0x0000000000003ab6                z_do_kernel_oops
 .text.z_arm_nmi
                0x0000000000003abe        0xe zephyr/arch/arch/arm/core/aarch32/libarch__arm__core__aarch32.a(nmi.c.obj)
                0x0000000000003abe                z_arm_nmi
 .text.z_arm_configure_dynamic_mpu_regions
                0x0000000000003acc       0x10 zephyr/arch/arch/arm/core/aarch32/cortex_m/mpu/libarch__arm__core__aarch32__cortex_m__mpu.a(arm_core_mpu.c.obj)
                0x0000000000003acc                z_arm_configure_dynamic_mpu_regions
 .text.mpu_configure_region
                0x0000000000003adc       0x44 zephyr/arch/arch/arm/core/aarch32/cortex_m/mpu/libarch__arm__core__aarch32__cortex_m__mpu.a(arm_mpu.c.obj)
 .text.arm_cmse_mpu_region_get
                0x0000000000003b20       0x12 zephyr/arch/arch/arm/core/aarch32/cortex_m/cmse/libarch__arm__core__aarch32__cortex_m__cmse.a(arm_core_cmse.c.obj)
                0x0000000000003b20                arm_cmse_mpu_region_get
 .text.strcmp   0x0000000000003b32       0x18 zephyr/lib/libc/minimal/liblib__libc__minimal.a(string.c.obj)
                0x0000000000003b32                strcmp
 .text.memcmp   0x0000000000003b4a       0x20 zephyr/lib/libc/minimal/liblib__libc__minimal.a(string.c.obj)
                0x0000000000003b4a                memcmp
 .text.memmove  0x0000000000003b6a       0x2e zephyr/lib/libc/minimal/liblib__libc__minimal.a(string.c.obj)
                0x0000000000003b6a                memmove
 .text.memcpy   0x0000000000003b98       0x54 zephyr/lib/libc/minimal/liblib__libc__minimal.a(string.c.obj)
                0x0000000000003b98                memcpy
 .text.memset   0x0000000000003bec       0x44 zephyr/lib/libc/minimal/liblib__libc__minimal.a(string.c.obj)
                0x0000000000003bec                memset
 .text.k_sys_fatal_error_handler
                0x0000000000003c30        0x8 modules/nrf/lib/fatal_error/lib..__nrf__lib__fatal_error.a(fatal_error.c.obj)
                0x0000000000003c30                k_sys_fatal_error_handler
 .text.hw_cc310_init
                0x0000000000003c38       0x12 modules/nrf/drivers/hw_cc310/lib..__nrf__drivers__hw_cc310.a(hw_cc310.c.obj)
 .text.z_fatal_error
                0x0000000000003c4a       0x1e zephyr/kernel/libkernel.a(fatal.c.obj)
                0x0000000000003c4a                z_fatal_error
 .text.z_sys_power_save_idle_exit
                0x0000000000003c68        0x4 zephyr/kernel/libkernel.a(idle.c.obj)
                0x0000000000003c68                z_sys_power_save_idle_exit
 .text.k_mem_slab_init
                0x0000000000003c6c       0x36 zephyr/kernel/libkernel.a(mem_slab.c.obj)
                0x0000000000003c6c                k_mem_slab_init
 .text.z_impl_k_mutex_init
                0x0000000000003ca2        0xe zephyr/kernel/libkernel.a(mutex.c.obj)
                0x0000000000003ca2                z_impl_k_mutex_init
 .text.z_is_thread_ready
                0x0000000000003cb0       0x12 zephyr/kernel/libkernel.a(sched.c.obj)
 .text.z_reschedule
                0x0000000000003cc2       0x16 zephyr/kernel/libkernel.a(sched.c.obj)
                0x0000000000003cc2                z_reschedule
 .text.z_reschedule_irqlock
                0x0000000000003cd8       0x18 zephyr/kernel/libkernel.a(sched.c.obj)
                0x0000000000003cd8                z_reschedule_irqlock
 .text.z_reschedule_unlocked
                0x0000000000003cf0       0x14 zephyr/kernel/libkernel.a(sched.c.obj)
 .text.z_priq_dumb_best
                0x0000000000003d04        0xc zephyr/kernel/libkernel.a(sched.c.obj)
                0x0000000000003d04                z_priq_dumb_best
 .text.z_thread_timeout
                0x0000000000003d10       0x62 zephyr/kernel/libkernel.a(sched.c.obj)
                0x0000000000003d10                z_thread_timeout
 .text.z_unpend_first_thread
                0x0000000000003d72       0x5a zephyr/kernel/libkernel.a(sched.c.obj)
                0x0000000000003d72                z_unpend_first_thread
 .text.z_new_thread_init
                0x0000000000003dcc       0x1e zephyr/kernel/libkernel.a(thread.c.obj)
                0x0000000000003dcc                z_new_thread_init
 .text.z_abort_timeout
                0x0000000000003dea       0x2c zephyr/kernel/libkernel.a(timeout.c.obj)
                0x0000000000003dea                z_abort_timeout
 .text.z_get_next_timeout_expiry
                0x0000000000003e16       0x20 zephyr/kernel/libkernel.a(timeout.c.obj)
                0x0000000000003e16                z_get_next_timeout_expiry
 .text.z_set_timeout_expiry
                0x0000000000003e36       0x34 zephyr/kernel/libkernel.a(timeout.c.obj)
                0x0000000000003e36                z_set_timeout_expiry
 .text._OffsetAbsSyms
                0x0000000000003e6a        0x2 zephyr/CMakeFiles/offsets.dir/./arch/arm/core/offsets/offsets.c.obj
                0x0000000000003e6a                _OffsetAbsSyms
 *(SORT_BY_ALIGNMENT(.gnu.linkonce.t.*))
 *(SORT_BY_ALIGNMENT(.glue_7t))
 .glue_7t       0x0000000000003e6c        0x0 linker stubs
 *(SORT_BY_ALIGNMENT(.glue_7))
 .glue_7        0x0000000000003e6c        0x0 linker stubs
 *(SORT_BY_ALIGNMENT(.vfp11_veneer))
 .vfp11_veneer  0x0000000000003e6c        0x0 linker stubs
 *(SORT_BY_ALIGNMENT(.v4_bx))
 .v4_bx         0x0000000000003e6c        0x0 linker stubs
                0x0000000000003e6c                _image_text_end = .

.ARM.exidx      0x0000000000003e6c        0x8
                0x0000000000003e6c                __exidx_start = .
 *(SORT_BY_ALIGNMENT(.ARM.exidx*) SORT_BY_ALIGNMENT(gnu.linkonce.armexidx.*))
 .ARM.exidx     0x0000000000003e6c        0x8 /usr/local/gnuarmemb/bin/../lib/gcc/arm-none-eabi/8.3.1/thumb/v8-m.main+fp/hard/libgcc.a(_udivmoddi4.o)
                0x0000000000003e74                __exidx_end = .
                0x0000000000003e74                _image_rodata_start = .

sw_isr_table    0x0000000000003e74      0x208
                0x0000000000003e74                . = ALIGN (0x0)
 *(SORT_BY_ALIGNMENT(.gnu.linkonce.sw_isr_table))
 .gnu.linkonce.sw_isr_table
                0x0000000000003e74      0x208 zephyr/arch/common/libarch__common.a(isr_tables.c.obj)
                0x0000000000003e74                _sw_isr_table

app_shmem_regions
                0x000000000000407c        0x0
                0x000000000000407c                __app_shmem_regions_start = .
 *(SORT_BY_NAME(SORT_BY_ALIGNMENT(.app_regions.*)))
                0x000000000000407c                __app_shmem_regions_end = .

devconfig       0x000000000000407c       0x60
                0x000000000000407c                __devconfig_start = .
 *(SORT_BY_ALIGNMENT(.devconfig.*))
 .devconfig.init
                0x000000000000407c        0xc zephyr/libzephyr.a(soc.c.obj)
 .devconfig.init
                0x0000000000004088        0xc zephyr/libzephyr.a(nrf_power_clock.c.obj)
 .devconfig.init
                0x0000000000004094        0xc zephyr/libzephyr.a(sys_clock_init.c.obj)
 .devconfig.init
                0x00000000000040a0        0xc zephyr/arch/arch/arm/core/aarch32/cortex_m/mpu/libarch__arm__core__aarch32__cortex_m__mpu.a(arm_mpu.c.obj)
 .devconfig.init
                0x00000000000040ac        0xc modules/nrf/subsys/fw_info/lib..__nrf__subsys__fw_info.a(fw_info.c.obj)
 .devconfig.init
                0x00000000000040b8        0xc modules/nrf/drivers/hw_cc310/lib..__nrf__drivers__hw_cc310.a(hw_cc310.c.obj)
 .devconfig.init
                0x00000000000040c4        0xc zephyr/kernel/libkernel.a(mem_slab.c.obj)
 .devconfig.init
                0x00000000000040d0        0xc zephyr/kernel/libkernel.a(mempool.c.obj)
 *(SORT_BY_NAME(SORT_BY_ALIGNMENT(.devconfig*)))
                0x00000000000040dc                __devconfig_end = .

net_l2          0x00000000000040dc        0x0
                0x00000000000040dc                __net_l2_start = .
 *(SORT_BY_ALIGNMENT(.net_l2.init))
 *(SORT_BY_NAME(SORT_BY_ALIGNMENT(.net_l2.init*)))
                0x00000000000040dc                __net_l2_end = .

_bt_channels_area
                0x00000000000040dc        0x0
                0x00000000000040dc                _bt_l2cap_fixed_chan_list_start = .
 *(SORT_BY_NAME(SORT_BY_ALIGNMENT(._bt_l2cap_fixed_chan.static.*)))
                0x00000000000040dc                _bt_l2cap_fixed_chan_list_end = .

_bt_services_area
                0x00000000000040dc        0x0
                0x00000000000040dc                _bt_gatt_service_static_list_start = .
 *(SORT_BY_NAME(SORT_BY_ALIGNMENT(._bt_gatt_service_static.static.*)))
                0x00000000000040dc                _bt_gatt_service_static_list_end = .

log_const_sections
                0x00000000000040dc        0x0
                0x00000000000040dc                __log_const_start = .
 *(SORT_BY_NAME(SORT_BY_ALIGNMENT(.log_const_*)))
                0x00000000000040dc                __log_const_end = .

log_backends_sections
                0x00000000000040dc        0x0
                0x00000000000040dc                __log_backends_start = .
 *(SORT_BY_ALIGNMENT(._log_backend.*))
                0x00000000000040dc                __log_backends_end = .

shell_root_cmds_sections
                0x00000000000040dc        0x0
                0x00000000000040dc                __shell_root_cmds_start = .
 *(SORT_BY_NAME(SORT_BY_ALIGNMENT(.shell_root_cmd_*)))
                0x00000000000040dc                __shell_root_cmds_end = .

font_entry_sections
                0x00000000000040dc        0x0
                0x00000000000040dc                __font_entry_start = .
 *(SORT_BY_NAME(SORT_BY_ALIGNMENT(._cfb_font.*)))
                0x00000000000040dc                __font_entry_end = .

rodata          0x00000000000040dc      0x6cc
 *(SORT_BY_ALIGNMENT(.rodata))
 .rodata        0x00000000000040dc        0xc zephyr/libzephyr.a(secure_services.c.obj)
 .rodata        0x00000000000040e8       0x18 modules/nrf/subsys/fw_info/lib..__nrf__subsys__fw_info.a(fw_info.c.obj)
 *(SORT_BY_ALIGNMENT(.rodata.*))
 .rodata.clock_control_api
                0x0000000000004100       0x14 zephyr/libzephyr.a(nrf_power_clock.c.obj)
 .rodata.config
                0x0000000000004114       0x18 zephyr/libzephyr.a(nrf_power_clock.c.obj)
 .rodata.flash_perm.10162
                0x000000000000412c       0x80 zephyr/libzephyr.a(spm.c.obj)
 .rodata.periph.10197
                0x00000000000041ac       0xd0 zephyr/libzephyr.a(spm.c.obj)
 .rodata.sram_perm.10171
                0x000000000000427c       0x80 zephyr/libzephyr.a(spm.c.obj)
 .rodata.fw_info_allowed_offsets
                0x00000000000042fc       0x14 zephyr/libzephyr.a(secure_services.c.obj)
 .rodata.apis   0x0000000000004310        0x8 zephyr/libzephyr.a(nrf_cc310_platform_abort_zephyr.c.obj)
 .rodata.mutex_apis
                0x0000000000004318       0x10 zephyr/libzephyr.a(nrf_cc310_platform_mutex_zephyr.c.obj)
 .rodata.mutexes
                0x0000000000004328       0x14 zephyr/libzephyr.a(nrf_cc310_platform_mutex_zephyr.c.obj)
 .rodata.mpu_config
                0x000000000000433c        0x8 zephyr/soc/arm/common/cortex_m/libsoc__arm__common__cortex_m.a(arm_mpu_regions.c.obj)
                0x000000000000433c                mpu_config
 .rodata.mpu_regions
                0x0000000000004344       0x20 zephyr/soc/arm/common/cortex_m/libsoc__arm__common__cortex_m.a(arm_mpu_regions.c.obj)
 .rodata.config_levels.9875
                0x0000000000004364       0x14 zephyr/kernel/libkernel.a(device.c.obj)
 .rodata._k_neg_eagain
                0x0000000000004378        0x4 zephyr/kernel/libkernel.a(errno.c.obj)
                0x0000000000004378                _k_neg_eagain
 .rodata.CC_PalPowerSaveModeInit.str1.4
                0x000000000000437c       0x20 /Users/crfosse/nordic/ncs/nrfxlib/crypto/nrf_cc310_mbedcrypto/lib/cortex-m33/hard-float/no-interrupts/libnrf_cc310_mbedcrypto_0.9.2.a(cc_pal_pm.c.obj)
 .rodata.CSWTCH.6
                0x000000000000439c       0x1c /Users/crfosse/nordic/ncs/nrfxlib/crypto/nrf_cc310_platform/lib/cortex-m33/hard-float/no-interrupts/libnrf_cc310_platform_0.9.2.a(nrf_cc310_platform.c.obj)
 .rodata.mutex_init.str1.4
                0x00000000000043b8       0x23 /Users/crfosse/nordic/ncs/nrfxlib/crypto/nrf_cc310_platform/lib/cortex-m33/hard-float/no-interrupts/libnrf_cc310_platform_0.9.2.a(nrf_cc310_platform_mutex.c.obj)
 *fill*         0x00000000000043db        0x1 
 .rodata.mutex_unlock.str1.4
                0x00000000000043dc       0x1f /Users/crfosse/nordic/ncs/nrfxlib/crypto/nrf_cc310_platform/lib/cortex-m33/hard-float/no-interrupts/libnrf_cc310_platform_0.9.2.a(nrf_cc310_platform_mutex.c.obj)
 *fill*         0x00000000000043fb        0x1 
 .rodata.CC_LibInitRngModule.str1.4
                0x00000000000043fc       0x70 /Users/crfosse/nordic/ncs/nrfxlib/crypto/nrf_cc310_platform/lib/cortex-m33/hard-float/no-interrupts/libnrf_cc310_platform_0.9.2.a(cc_lib.c.obj)
                                         0x6d (size before relaxing)
 .rodata.LLF_RND_GetTrngSource.str1.4
                0x000000000000446c       0x6f /Users/crfosse/nordic/ncs/nrfxlib/crypto/nrf_cc310_platform/lib/cortex-m33/hard-float/no-interrupts/libnrf_cc310_platform_0.9.2.a(llf_rnd_trng90b.c.obj)
 .rodata.str1.1
                0x000000000000446c        0x0 zephyr/libzephyr.a(soc.c.obj)
                                          0x1 (size before relaxing)
 .rodata.str1.1
                0x000000000000446c        0x0 zephyr/libzephyr.a(nrf_power_clock.c.obj)
                                          0x6 (size before relaxing)
 .rodata.str1.1
                0x000000000000446c        0xa zephyr/libzephyr.a(sys_clock_init.c.obj)
 .rodata.z_clock_driver_init.str1.1
                0x0000000000004476        0x6 zephyr/libzephyr.a(nrf_rtc_timer.c.obj)
 .rodata.spm_config.str1.1
                0x0000000000004476      0x144 zephyr/libzephyr.a(spm.c.obj)
                                        0x151 (size before relaxing)
 .rodata.spm_jump.str1.1
                0x00000000000045ba       0x75 zephyr/libzephyr.a(spm.c.obj)
 .rodata.str1.1
                0x000000000000462f       0xfc zephyr/libzephyr.a(spm.c.obj)
 .rodata.mutex_free.str1.1
                0x000000000000472b       0x26 zephyr/libzephyr.a(nrf_cc310_platform_mutex_zephyr.c.obj)
 .rodata.mutex_init.str1.1
                0x0000000000004751       0x2d zephyr/libzephyr.a(nrf_cc310_platform_mutex_zephyr.c.obj)
 .rodata.str1.1
                0x000000000000477e        0x1 zephyr/arch/arch/arm/core/aarch32/cortex_m/mpu/libarch__arm__core__aarch32__cortex_m__mpu.a(arm_mpu.c.obj)
 .rodata.str1.1
                0x000000000000477e        0xf zephyr/soc/arm/common/cortex_m/libsoc__arm__common__cortex_m.a(arm_mpu_regions.c.obj)
 .rodata.str1.1
                0x000000000000478d        0x1 modules/nrf/subsys/fw_info/lib..__nrf__subsys__fw_info.a(fw_info.c.obj)
 .rodata.str1.1
                0x000000000000478d        0xb modules/nrf/drivers/hw_cc310/lib..__nrf__drivers__hw_cc310.a(hw_cc310.c.obj)
 .rodata.z_cstart.str1.1
                0x0000000000004798        0xa zephyr/kernel/libkernel.a(init.c.obj)
 .rodata.str1.1
                0x00000000000047a2        0x1 zephyr/kernel/libkernel.a(mem_slab.c.obj)
 .rodata.str1.1
                0x00000000000047a2        0x1 zephyr/kernel/libkernel.a(mempool.c.obj)
 *(SORT_BY_ALIGNMENT(.gnu.linkonce.r.*))
                0x00000000000047a4                . = ALIGN (0x4)
 *fill*         0x00000000000047a2        0x2 
                0x00000000000047a4                _fw_info_images_start = .
 *(SORT_BY_ALIGNMENT(.fw_info_images))
 .fw_info_images
                0x00000000000047a4        0x4 modules/nrf/subsys/fw_info/lib..__nrf__subsys__fw_info.a(fw_info.c.obj)
                0x00000000000047a4                self_image
                0x0000000000000001                _fw_info_images_size = ABSOLUTE (((. - _fw_info_images_start) / 0x4))
                0x00000000000047a8                _ext_apis_start = .
 *(SORT_BY_ALIGNMENT(.ext_apis))
                0x0000000000000000                _ext_apis_size = ABSOLUTE ((. - _ext_apis_start))
                0x00000000000047a8                _ext_apis_req_start = .
 *(SORT_BY_ALIGNMENT(.ext_apis_req))
                0x0000000000000000                _ext_apis_req_size = ABSOLUTE ((. - _ext_apis_req_start))
                0x00000000000047a8                . = ALIGN (0x4)
                0x00000000000047a8                _image_rodata_end = .
                0x00000000000047c0                . = ALIGN (_region_min_align)
                0x00000000000047c0                _image_rom_end = .
                0x0000000020000000                . = 0x20000000
                0x0000000020000000                . = ALIGN (_region_min_align)
                0x0000000020000000                _image_ram_start = .

.ramfunc        0x0000000020000000        0x0 load address 0x00000000000047a8
                0x0000000020000000                . = ALIGN (_region_min_align)
                0x0000000020000000                _ramfunc_ram_start = .
 *(SORT_BY_ALIGNMENT(.ramfunc))
 *(SORT_BY_ALIGNMENT(.ramfunc.*))
                0x0000000020000000                . = ALIGN (_region_min_align)
                0x0000000020000000                _ramfunc_ram_end = .
                0x0000000000000000                _ramfunc_ram_size = (_ramfunc_ram_end - _ramfunc_ram_start)
                0x00000000000047a8                _ramfunc_rom_start = LOADADDR (.ramfunc)

bss             0x0000000020000000      0x68a
                0x0000000020000000                . = ALIGN (0x4)
                0x0000000020000000                __bss_start = .
                0x0000000020000000                __kernel_ram_start = .
 *(SORT_BY_ALIGNMENT(.bss))
 *(SORT_BY_ALIGNMENT(.bss.*))
 .bss.curr_tick
                0x0000000020000000        0x8 zephyr/kernel/libkernel.a(timeout.c.obj)
 .bss.data      0x0000000020000008       0x18 zephyr/libzephyr.a(nrf_power_clock.c.obj)
 .bss.last_count
                0x0000000020000020        0x4 zephyr/libzephyr.a(nrf_rtc_timer.c.obj)
 .bss.mutex_slab
                0x0000000020000024       0x1c zephyr/libzephyr.a(nrf_cc310_platform_mutex_zephyr.c.obj)
                0x0000000020000024                mutex_slab
 .bss.mutex_slab_buffer
                0x0000000020000040      0x500 zephyr/libzephyr.a(nrf_cc310_platform_mutex_zephyr.c.obj)
                0x0000000020000040                mutex_slab_buffer
 .bss.dyn_reg_info
                0x0000000020000540       0x14 zephyr/arch/arch/arm/core/aarch32/cortex_m/mpu/libarch__arm__core__aarch32__cortex_m__mpu.a(arm_mpu.c.obj)
 .bss.z_idle_thread
                0x0000000020000554       0x6c zephyr/kernel/libkernel.a(init.c.obj)
                0x0000000020000554                z_idle_thread
 .bss.z_main_thread
                0x00000000200005c0       0x6c zephyr/kernel/libkernel.a(init.c.obj)
                0x00000000200005c0                z_main_thread
 .bss._kernel   0x000000002000062c       0x30 zephyr/kernel/libkernel.a(sched.c.obj)
                0x000000002000062c                _kernel
 .bss.pending_current
                0x000000002000065c        0x4 zephyr/kernel/libkernel.a(sched.c.obj)
 .bss.slice_max_prio
                0x0000000020000660        0x4 zephyr/kernel/libkernel.a(sched.c.obj)
 .bss.slice_time
                0x0000000020000664        0x4 zephyr/kernel/libkernel.a(sched.c.obj)
 .bss.announce_remaining
                0x0000000020000668        0x4 zephyr/kernel/libkernel.a(timeout.c.obj)
 .bss.use_count
                0x000000002000066c        0x4 /Users/crfosse/nordic/ncs/nrfxlib/crypto/nrf_cc310_mbedcrypto/lib/cortex-m33/hard-float/no-interrupts/libnrf_cc310_mbedcrypto_0.9.2.a(cc_pal_pm.c.obj)
 .bss.nrf_cc310_platform_initialized
                0x0000000020000670        0x4 /Users/crfosse/nordic/ncs/nrfxlib/crypto/nrf_cc310_platform/lib/cortex-m33/hard-float/no-interrupts/libnrf_cc310_platform_0.9.2.a(nrf_cc310_platform.c.obj)
 .bss.nrf_cc310_platform_rng_initialized
                0x0000000020000674        0x4 /Users/crfosse/nordic/ncs/nrfxlib/crypto/nrf_cc310_platform/lib/cortex-m33/hard-float/no-interrupts/libnrf_cc310_platform_0.9.2.a(nrf_cc310_platform.c.obj)
 .bss.asym_mutex
                0x0000000020000678        0x4 /Users/crfosse/nordic/ncs/nrfxlib/crypto/nrf_cc310_platform/lib/cortex-m33/hard-float/no-interrupts/libnrf_cc310_platform_0.9.2.a(nrf_cc310_platform_mutex.c.obj)
 .bss.power_mutex
                0x000000002000067c        0x4 /Users/crfosse/nordic/ncs/nrfxlib/crypto/nrf_cc310_platform/lib/cortex-m33/hard-float/no-interrupts/libnrf_cc310_platform_0.9.2.a(nrf_cc310_platform_mutex.c.obj)
 .bss.rng_mutex
                0x0000000020000680        0x4 /Users/crfosse/nordic/ncs/nrfxlib/crypto/nrf_cc310_platform/lib/cortex-m33/hard-float/no-interrupts/libnrf_cc310_platform_0.9.2.a(nrf_cc310_platform_mutex.c.obj)
 .bss.sym_mutex
                0x0000000020000684        0x4 /Users/crfosse/nordic/ncs/nrfxlib/crypto/nrf_cc310_platform/lib/cortex-m33/hard-float/no-interrupts/libnrf_cc310_platform_0.9.2.a(nrf_cc310_platform_mutex.c.obj)
 .bss.static_regions_num
                0x0000000020000688        0x1 zephyr/arch/arch/arm/core/aarch32/cortex_m/mpu/libarch__arm__core__aarch32__cortex_m__mpu.a(arm_mpu.c.obj)
 .bss.z_sys_post_kernel
                0x0000000020000689        0x1 zephyr/kernel/libkernel.a(init.c.obj)
                0x0000000020000689                z_sys_post_kernel
 .bss.lock      0x000000002000068a        0x0 zephyr/kernel/libkernel.a(mem_slab.c.obj)
 .bss.lock      0x000000002000068a        0x0 zephyr/kernel/libkernel.a(mutex.c.obj)
 .bss.lock      0x000000002000068a        0x0 zephyr/kernel/libkernel.a(thread.c.obj)
 *(SORT_BY_ALIGNMENT(COMMON))
 *(SORT_BY_ALIGNMENT(.kernel_bss.*))
                0x000000002000068c                __bss_end = ALIGN (0x4)

noinit          0x0000000020000690      0xd40
 *(SORT_BY_ALIGNMENT(.noinit))
 *(SORT_BY_ALIGNMENT(.noinit.*))
 .noinit."ZEPHYR_BASE/kernel/init.c".3
                0x0000000020000690      0x400 zephyr/kernel/libkernel.a(init.c.obj)
                0x0000000020000690                z_main_stack
 .noinit."ZEPHYR_BASE/kernel/init.c".4
                0x0000000020000a90      0x140 zephyr/kernel/libkernel.a(init.c.obj)
                0x0000000020000a90                z_idle_stack
 .noinit."ZEPHYR_BASE/kernel/init.c".5
                0x0000000020000bd0      0x800 zephyr/kernel/libkernel.a(init.c.obj)
                0x0000000020000bd0                _interrupt_stack
 *(SORT_BY_ALIGNMENT(.kernel_noinit.*))

datas           0x00000000200013d0       0x70 load address 0x00000000000047a8
                0x00000000200013d0                __data_ram_start = .
 *(SORT_BY_ALIGNMENT(.data))
 *(SORT_BY_ALIGNMENT(.data.*))
 .data._char_out
                0x00000000200013d0        0x4 zephyr/libzephyr.a(printk.c.obj)
                0x00000000200013d0                _char_out
 .data.asym_mutex
                0x00000000200013d4        0x8 zephyr/libzephyr.a(nrf_cc310_platform_mutex_zephyr.c.obj)
                0x00000000200013d4                asym_mutex
 .data.power_mutex
                0x00000000200013dc        0x8 zephyr/libzephyr.a(nrf_cc310_platform_mutex_zephyr.c.obj)
                0x00000000200013dc                power_mutex
 .data.rng_mutex
                0x00000000200013e4        0x8 zephyr/libzephyr.a(nrf_cc310_platform_mutex_zephyr.c.obj)
                0x00000000200013e4                rng_mutex
 .data.sym_mutex
                0x00000000200013ec        0x8 zephyr/libzephyr.a(nrf_cc310_platform_mutex_zephyr.c.obj)
                0x00000000200013ec                sym_mutex
 .data.SystemCoreClock
                0x00000000200013f4        0x4 modules/nordic/lib..__modules__hal__nordic.a(system_nrf9160.c.obj)
                0x00000000200013f4                SystemCoreClock
 .data.timeout_list
                0x00000000200013f8        0x8 zephyr/kernel/libkernel.a(timeout.c.obj)
 .data.CCAsymCryptoMutex
                0x0000000020001400        0x4 /Users/crfosse/nordic/ncs/nrfxlib/crypto/nrf_cc310_mbedcrypto/lib/cortex-m33/hard-float/no-interrupts/libnrf_cc310_mbedcrypto_0.9.2.a(cc_pal.c.obj)
                0x0000000020001400                CCAsymCryptoMutex
 .data.CCPowerMutex
                0x0000000020001404        0x4 /Users/crfosse/nordic/ncs/nrfxlib/crypto/nrf_cc310_mbedcrypto/lib/cortex-m33/hard-float/no-interrupts/libnrf_cc310_mbedcrypto_0.9.2.a(cc_pal.c.obj)
                0x0000000020001404                CCPowerMutex
 .data.CCRndCryptoMutex
                0x0000000020001408        0x4 /Users/crfosse/nordic/ncs/nrfxlib/crypto/nrf_cc310_mbedcrypto/lib/cortex-m33/hard-float/no-interrupts/libnrf_cc310_mbedcrypto_0.9.2.a(cc_pal.c.obj)
                0x0000000020001408                CCRndCryptoMutex
 .data.CCSymCryptoMutex
                0x000000002000140c        0x4 /Users/crfosse/nordic/ncs/nrfxlib/crypto/nrf_cc310_mbedcrypto/lib/cortex-m33/hard-float/no-interrupts/libnrf_cc310_mbedcrypto_0.9.2.a(cc_pal.c.obj)
                0x000000002000140c                CCSymCryptoMutex
 .data.pCCRndCryptoMutex
                0x0000000020001410        0x4 /Users/crfosse/nordic/ncs/nrfxlib/crypto/nrf_cc310_mbedcrypto/lib/cortex-m33/hard-float/no-interrupts/libnrf_cc310_mbedcrypto_0.9.2.a(cc_pal.c.obj)
                0x0000000020001410                pCCRndCryptoMutex
 .data.platform_abort_apis
                0x0000000020001414        0x8 /Users/crfosse/nordic/ncs/nrfxlib/crypto/nrf_cc310_platform/lib/cortex-m33/hard-float/no-interrupts/libnrf_cc310_platform_0.9.2.a(nrf_cc310_platform_abort.c.obj)
                0x0000000020001414                platform_abort_apis
 .data.platform_mutex_apis
                0x000000002000141c       0x10 /Users/crfosse/nordic/ncs/nrfxlib/crypto/nrf_cc310_platform/lib/cortex-m33/hard-float/no-interrupts/libnrf_cc310_platform_0.9.2.a(nrf_cc310_platform_mutex.c.obj)
                0x000000002000141c                platform_mutex_apis
 .data.platform_mutexes
                0x000000002000142c       0x14 /Users/crfosse/nordic/ncs/nrfxlib/crypto/nrf_cc310_platform/lib/cortex-m33/hard-float/no-interrupts/libnrf_cc310_platform_0.9.2.a(nrf_cc310_platform_mutex.c.obj)
                0x000000002000142c                platform_mutexes
 *(SORT_BY_ALIGNMENT(.kernel.*))
                0x00000000000047a8                __data_rom_start = LOADADDR (datas)

initlevel       0x0000000020001440       0x60 load address 0x0000000000004818
                0x0000000020001440                __device_init_start = .
                0x0000000020001440                __device_PRE_KERNEL_1_start = .
 *(SORT_BY_NAME(SORT_BY_ALIGNMENT(.init_PRE_KERNEL_1[0-9])))
 .init_PRE_KERNEL_10
                0x0000000020001440        0xc zephyr/libzephyr.a(soc.c.obj)
 *(SORT_BY_NAME(SORT_BY_ALIGNMENT(.init_PRE_KERNEL_1[1-9][0-9])))
 .init_PRE_KERNEL_130
                0x000000002000144c        0xc zephyr/kernel/libkernel.a(mem_slab.c.obj)
 .init_PRE_KERNEL_130
                0x0000000020001458        0xc zephyr/kernel/libkernel.a(mempool.c.obj)
 .init_PRE_KERNEL_140
                0x0000000020001464        0xc zephyr/arch/arch/arm/core/aarch32/cortex_m/mpu/libarch__arm__core__aarch32__cortex_m__mpu.a(arm_mpu.c.obj)
 .init_PRE_KERNEL_150
                0x0000000020001470        0xc zephyr/libzephyr.a(nrf_power_clock.c.obj)
                0x000000002000147c                __device_PRE_KERNEL_2_start = .
 *(SORT_BY_NAME(SORT_BY_ALIGNMENT(.init_PRE_KERNEL_2[0-9])))
 .init_PRE_KERNEL_20
                0x000000002000147c        0xc zephyr/libzephyr.a(sys_clock_init.c.obj)
 *(SORT_BY_NAME(SORT_BY_ALIGNMENT(.init_PRE_KERNEL_2[1-9][0-9])))
                0x0000000020001488                __device_POST_KERNEL_start = .
 *(SORT_BY_NAME(SORT_BY_ALIGNMENT(.init_POST_KERNEL[0-9])))
 *(SORT_BY_NAME(SORT_BY_ALIGNMENT(.init_POST_KERNEL[1-9][0-9])))
 .init_POST_KERNEL40
                0x0000000020001488        0xc modules/nrf/drivers/hw_cc310/lib..__nrf__drivers__hw_cc310.a(hw_cc310.c.obj)
 .init_POST_KERNEL90
                0x0000000020001494        0xc modules/nrf/subsys/fw_info/lib..__nrf__subsys__fw_info.a(fw_info.c.obj)
                0x00000000200014a0                __device_APPLICATION_start = .
 *(SORT_BY_NAME(SORT_BY_ALIGNMENT(.init_APPLICATION[0-9])))
 *(SORT_BY_NAME(SORT_BY_ALIGNMENT(.init_APPLICATION[1-9][0-9])))
                0x00000000200014a0                __device_init_end = .

initlevel_error
                0x0000000020001440        0x0
 *(SORT_BY_NAME(SORT_BY_ALIGNMENT(.init_[_A-Z0-9]*)))
                0x0000000000000001                ASSERT ((SIZEOF (initlevel_error) == 0x0), Undefined initialization levels used.)

initshell       0x00000000200014a0        0x0 load address 0x0000000000004878
                0x00000000200014a0                __shell_module_start = .
 *(SORT_BY_ALIGNMENT(.shell_module_*))
                0x00000000200014a0                __shell_module_end = .
                0x00000000200014a0                __shell_cmd_start = .
 *(SORT_BY_ALIGNMENT(.shell_cmd_*))
                0x00000000200014a0                __shell_cmd_end = .

log_dynamic_sections
                0x00000000200014a0        0x0 load address 0x0000000000004878
                0x00000000200014a0                __log_dynamic_start = .
 *(SORT_BY_NAME(SORT_BY_ALIGNMENT(.log_dynamic_*)))
                0x00000000200014a0                __log_dynamic_end = .

_static_thread_area
                0x00000000200014a0        0x0 load address 0x0000000000004878
                0x00000000200014a0                __static_thread_data_list_start = .
 *(SORT_BY_NAME(SORT_BY_ALIGNMENT(.__static_thread_data.static.*)))
                0x00000000200014a0                __static_thread_data_list_end = .

_k_timer_area   0x00000000200014a0        0x0 load address 0x0000000000004878
                0x00000000200014a0                _k_timer_list_start = .
 *(SORT_BY_ALIGNMENT(._k_timer.static.*))
                0x00000000200014a0                _k_timer_list_end = .

_k_mem_slab_area
                0x00000000200014a0        0x0 load address 0x0000000000004878
                0x00000000200014a0                _k_mem_slab_list_start = .
 *(SORT_BY_ALIGNMENT(._k_mem_slab.static.*))
                0x00000000200014a0                _k_mem_slab_list_end = .

_k_mem_pool_area
                0x00000000200014a0        0x0 load address 0x0000000000004878
                0x00000000200014a0                _k_mem_pool_list_start = .
 *(SORT_BY_ALIGNMENT(._k_mem_pool.static.*))
                0x00000000200014a0                _k_mem_pool_list_end = .

_k_sem_area     0x00000000200014a0        0x0 load address 0x0000000000004878
                0x00000000200014a0                _k_sem_list_start = .
 *(SORT_BY_ALIGNMENT(._k_sem.static.*))
 *(SORT_BY_ALIGNMENT(._sys_sem.static.*))
                0x00000000200014a0                _k_sem_list_end = .

_k_mutex_area   0x00000000200014a0       0x64 load address 0x0000000000004878
                0x00000000200014a0                _k_mutex_list_start = .
 *(SORT_BY_ALIGNMENT(._k_mutex.static.*))
 ._k_mutex.static.fdtable_lock
                0x00000000200014a0       0x14 zephyr/libzephyr.a(fdtable.c.obj)
 ._k_mutex.static.asym_mutex_int
                0x00000000200014b4       0x14 zephyr/libzephyr.a(nrf_cc310_platform_mutex_zephyr.c.obj)
                0x00000000200014b4                asym_mutex_int
 ._k_mutex.static.power_mutex_int
                0x00000000200014c8       0x14 zephyr/libzephyr.a(nrf_cc310_platform_mutex_zephyr.c.obj)
                0x00000000200014c8                power_mutex_int
 ._k_mutex.static.rng_mutex_int
                0x00000000200014dc       0x14 zephyr/libzephyr.a(nrf_cc310_platform_mutex_zephyr.c.obj)
                0x00000000200014dc                rng_mutex_int
 ._k_mutex.static.sym_mutex_int
                0x00000000200014f0       0x14 zephyr/libzephyr.a(nrf_cc310_platform_mutex_zephyr.c.obj)
                0x00000000200014f0                sym_mutex_int
                0x0000000020001504                _k_mutex_list_end = .

_k_queue_area   0x0000000020001504        0x0 load address 0x00000000000048dc
                0x0000000020001504                _k_queue_list_start = .
 *(SORT_BY_ALIGNMENT(._k_queue.static.*))
 *(SORT_BY_ALIGNMENT(._k_fifo.static.*))
 *(SORT_BY_ALIGNMENT(._k_lifo.static.*))
                0x0000000020001504                _k_queue_list_end = .

_k_stack_area   0x0000000020001504        0x0 load address 0x00000000000048dc
                0x0000000020001504                _k_stack_list_start = .
 *(SORT_BY_ALIGNMENT(._k_stack.static.*))
                0x0000000020001504                _k_stack_list_end = .

_k_msgq_area    0x0000000020001504        0x0 load address 0x00000000000048dc
                0x0000000020001504                _k_msgq_list_start = .
 *(SORT_BY_ALIGNMENT(._k_msgq.static.*))
                0x0000000020001504                _k_msgq_list_end = .

_k_mbox_area    0x0000000020001504        0x0 load address 0x00000000000048dc
                0x0000000020001504                _k_mbox_list_start = .
 *(SORT_BY_ALIGNMENT(._k_mbox.static.*))
                0x0000000020001504                _k_mbox_list_end = .

_k_pipe_area    0x0000000020001504        0x0 load address 0x00000000000048dc
                0x0000000020001504                _k_pipe_list_start = .
 *(SORT_BY_ALIGNMENT(._k_pipe.static.*))
                0x0000000020001504                _k_pipe_list_end = .

_net_buf_pool_area
                0x0000000020001504        0x0 load address 0x00000000000048dc
                0x0000000020001504                _net_buf_pool_list = .
 *(SORT_BY_NAME(SORT_BY_ALIGNMENT(._net_buf_pool.static.*)))

net_if          0x0000000020001504        0x0 load address 0x00000000000048dc
                0x0000000020001504                __net_if_start = .
 *(SORT_BY_ALIGNMENT(.net_if.*))
 *(SORT_BY_NAME(SORT_BY_ALIGNMENT(.net_if.*)))
                0x0000000020001504                __net_if_end = .

net_if_dev      0x0000000020001504        0x0 load address 0x00000000000048dc
                0x0000000020001504                __net_if_dev_start = .
 *(SORT_BY_ALIGNMENT(.net_if_dev.*))
 *(SORT_BY_NAME(SORT_BY_ALIGNMENT(.net_if_dev.*)))
                0x0000000020001504                __net_if_dev_end = .

net_l2_data     0x0000000020001504        0x0 load address 0x00000000000048dc
                0x0000000020001504                __net_l2_data_start = .
 *(SORT_BY_ALIGNMENT(.net_l2.data))
 *(SORT_BY_NAME(SORT_BY_ALIGNMENT(.net_l2.data*)))
                0x0000000020001504                __net_l2_data_end = .

priv_stacks_noinit
                0x0000000020001504        0x0 load address 0x00000000000048dc
                0x0000000020001504                z_priv_stacks_ram_start = .
 *(SORT_BY_ALIGNMENT(.priv_stacks.noinit))
                0x0000000020001504                z_priv_stacks_ram_end = .
                0x0000000020001504                __data_ram_end = .
                0x0000000020001504                _image_ram_end = .
                0x0000000020001504                _end = .
                0x0000000020010000                __kernel_ram_end = 0x20010000
                0x0000000000010000                __kernel_ram_size = (__kernel_ram_end - __kernel_ram_start)
                0x0000000000000001                ASSERT (((((_image_rom_start + _flash_used) - 0x1) / 0x8000) < 0x1), SPM and app are sharing an SPU region. Cannot partition flash correctly into secure and non-secure. Adjust partitions sizes so they are placed in separate regions.)

.intList        0x0000000020010000       0x28
 *(SORT_BY_ALIGNMENT(.irq_info))
 .irq_info      0x0000000020010000        0x8 zephyr/arch/common/libarch__common.a(isr_tables.c.obj)
                0x0000000020010000                _iheader
 *(SORT_BY_ALIGNMENT(.intList))
 .intList       0x0000000020010008       0x10 zephyr/libzephyr.a(nrf_power_clock.c.obj)
 .intList       0x0000000020010018       0x10 zephyr/libzephyr.a(nrf_rtc_timer.c.obj)

.gnu.sgstubs    0x00000000000048e0     0x3720
                0x0000000000007fe0                . = (ALIGN (0x8000) - (0x1 << LOG2CEIL (__sg_size)))
 *fill*         0x00000000000048e0     0x3700 
                0x0000000000007fe0                __sg_start = .
 *fill*         0x0000000000007fe0        0x0 
 .gnu.sgstubs.__stub
                0x0000000000007fe0       0x18 linker stubs
                0x0000000000007fe0                spm_request_read
                0x0000000000007fe8                spm_firmware_info
                0x0000000000007ff0                spm_request_random_number
                0x0000000000008000                __sg_end = .
                0x0000000000000020                __sg_size = (__sg_end - __sg_start)
                0x0000000000008000                . = ALIGN (0x8000)
                0x0000000000000020                __nsc_size = (. - __sg_start)
                0x0000000000000001                ASSERT (((((0x1 << LOG2CEIL ((0x8000 - (__sg_start % 0x8000)))) == (0x8000 - (__sg_start % 0x8000))) && ((0x8000 - (__sg_start % 0x8000)) >= 0x20)) && ((0x8000 - (__sg_start % 0x8000)) <= 0x1000)), The Non-Secure Callable region size must be a power of 2 between 32 and 4096 bytes.)

.stab
 *(SORT_BY_ALIGNMENT(.stab))

.stabstr
 *(SORT_BY_ALIGNMENT(.stabstr))

.stab.excl
 *(SORT_BY_ALIGNMENT(.stab.excl))

.stab.exclstr
 *(SORT_BY_ALIGNMENT(.stab.exclstr))

.stab.index
 *(SORT_BY_ALIGNMENT(.stab.index))

.stab.indexstr
 *(SORT_BY_ALIGNMENT(.stab.indexstr))

.gnu.build.attributes
 *(SORT_BY_ALIGNMENT(.gnu.build.attributes) SORT_BY_ALIGNMENT(.gnu.build.attributes.*))

.comment        0x0000000000000000       0xf5
 *(SORT_BY_ALIGNMENT(.comment))
 .comment       0x0000000000000000       0x76 app/libapp.a(main.c.obj)
                                         0x77 (size before relaxing)
 .comment       0x0000000000000076       0x77 zephyr/libzephyr.a(fdtable.c.obj)
 .comment       0x0000000000000076       0x77 zephyr/libzephyr.a(mempool.c.obj)
 .comment       0x0000000000000076       0x77 zephyr/libzephyr.a(printk.c.obj)
 .comment       0x0000000000000076       0x77 zephyr/libzephyr.a(thread_entry.c.obj)
 .comment       0x0000000000000076       0x77 zephyr/libzephyr.a(configs.c.obj)
 .comment       0x0000000000000076       0x77 zephyr/libzephyr.a(soc.c.obj)
 .comment       0x0000000000000076       0x77 zephyr/libzephyr.a(nrf_power_clock.c.obj)
 .comment       0x0000000000000076       0x77 zephyr/libzephyr.a(sys_clock_init.c.obj)
 .comment       0x0000000000000076       0x77 zephyr/libzephyr.a(nrf_rtc_timer.c.obj)
 .comment       0x0000000000000076       0x77 zephyr/libzephyr.a(spm.c.obj)
 .comment       0x0000000000000076       0x77 zephyr/libzephyr.a(secure_services.c.obj)
 .comment       0x0000000000000076       0x77 zephyr/libzephyr.a(nrf_cc310_platform_abort_zephyr.c.obj)
 .comment       0x0000000000000076       0x77 zephyr/libzephyr.a(nrf_cc310_platform_mutex_zephyr.c.obj)
 .comment       0x0000000000000076       0x77 zephyr/arch/common/libarch__common.a(isr_tables.c.obj)
 .comment       0x0000000000000076       0x77 zephyr/arch/arch/arm/core/aarch32/libarch__arm__core__aarch32.a(swap.c.obj)
 .comment       0x0000000000000076       0x77 zephyr/arch/arch/arm/core/aarch32/libarch__arm__core__aarch32.a(irq_manage.c.obj)
 .comment       0x0000000000000076       0x77 zephyr/arch/arch/arm/core/aarch32/libarch__arm__core__aarch32.a(thread.c.obj)
 .comment       0x0000000000000076       0x77 zephyr/arch/arch/arm/core/aarch32/libarch__arm__core__aarch32.a(fatal.c.obj)
 .comment       0x0000000000000076       0x77 zephyr/arch/arch/arm/core/aarch32/libarch__arm__core__aarch32.a(nmi.c.obj)
 .comment       0x0000000000000076       0x77 zephyr/arch/arch/arm/core/aarch32/libarch__arm__core__aarch32.a(prep_c.c.obj)
 .comment       0x0000000000000076       0x77 zephyr/arch/arch/arm/core/aarch32/cortex_m/libarch__arm__core__aarch32__cortex_m.a(fault.c.obj)
 .comment       0x0000000000000076       0x77 zephyr/arch/arch/arm/core/aarch32/cortex_m/libarch__arm__core__aarch32__cortex_m.a(scb.c.obj)
 .comment       0x0000000000000076       0x77 zephyr/arch/arch/arm/core/aarch32/cortex_m/libarch__arm__core__aarch32__cortex_m.a(irq_init.c.obj)
 .comment       0x0000000000000076       0x77 zephyr/arch/arch/arm/core/aarch32/cortex_m/libarch__arm__core__aarch32__cortex_m.a(thread_abort.c.obj)
 .comment       0x0000000000000076       0x77 zephyr/arch/arch/arm/core/aarch32/cortex_m/mpu/libarch__arm__core__aarch32__cortex_m__mpu.a(arm_core_mpu.c.obj)
 .comment       0x0000000000000076       0x77 zephyr/arch/arch/arm/core/aarch32/cortex_m/mpu/libarch__arm__core__aarch32__cortex_m__mpu.a(arm_mpu.c.obj)
 .comment       0x0000000000000076       0x77 zephyr/arch/arch/arm/core/aarch32/cortex_m/cmse/libarch__arm__core__aarch32__cortex_m__cmse.a(arm_core_cmse.c.obj)
 .comment       0x0000000000000076       0x77 zephyr/arch/arch/arm/core/aarch32/cortex_m/tz/libarch__arm__core__aarch32__cortex_m__tz.a(arm_core_tz.c.obj)
 .comment       0x0000000000000076       0x77 zephyr/lib/libc/minimal/liblib__libc__minimal.a(string.c.obj)
 .comment       0x0000000000000076       0x77 zephyr/soc/arm/common/cortex_m/libsoc__arm__common__cortex_m.a(arm_mpu_regions.c.obj)
 .comment       0x0000000000000076       0x77 modules/nrf/lib/fatal_error/lib..__nrf__lib__fatal_error.a(fatal_error.c.obj)
 .comment       0x0000000000000076       0x77 modules/nrf/subsys/fw_info/lib..__nrf__subsys__fw_info.a(fw_info.c.obj)
 .comment       0x0000000000000076       0x77 modules/nrf/drivers/hw_cc310/lib..__nrf__drivers__hw_cc310.a(hw_cc310.c.obj)
 .comment       0x0000000000000076       0x77 modules/nordic/lib..__modules__hal__nordic.a(system_nrf9160.c.obj)
 .comment       0x0000000000000076       0x77 zephyr/kernel/libkernel.a(device.c.obj)
 .comment       0x0000000000000076       0x77 zephyr/kernel/libkernel.a(errno.c.obj)
 .comment       0x0000000000000076       0x77 zephyr/kernel/libkernel.a(fatal.c.obj)
 .comment       0x0000000000000076       0x77 zephyr/kernel/libkernel.a(idle.c.obj)
 .comment       0x0000000000000076       0x77 zephyr/kernel/libkernel.a(init.c.obj)
 .comment       0x0000000000000076       0x77 zephyr/kernel/libkernel.a(mem_slab.c.obj)
 .comment       0x0000000000000076       0x77 zephyr/kernel/libkernel.a(mutex.c.obj)
 .comment       0x0000000000000076       0x77 zephyr/kernel/libkernel.a(sched.c.obj)
 .comment       0x0000000000000076       0x77 zephyr/kernel/libkernel.a(thread.c.obj)
 .comment       0x0000000000000076       0x77 zephyr/kernel/libkernel.a(timeout.c.obj)
 .comment       0x0000000000000076       0x77 zephyr/kernel/libkernel.a(mempool.c.obj)
 .comment       0x0000000000000076       0x77 zephyr/CMakeFiles/offsets.dir/./arch/arm/core/offsets/offsets.c.obj
 .comment       0x0000000000000076       0x7f /Users/crfosse/nordic/ncs/nrfxlib/crypto/nrf_cc310_mbedcrypto/lib/cortex-m33/hard-float/no-interrupts/libnrf_cc310_mbedcrypto_0.9.2.a(cc_pal_mem.c.obj)
                                         0x80 (size before relaxing)
 .comment       0x00000000000000f5       0x80 /Users/crfosse/nordic/ncs/nrfxlib/crypto/nrf_cc310_mbedcrypto/lib/cortex-m33/hard-float/no-interrupts/libnrf_cc310_mbedcrypto_0.9.2.a(cc_pal.c.obj)
 .comment       0x00000000000000f5       0x80 /Users/crfosse/nordic/ncs/nrfxlib/crypto/nrf_cc310_mbedcrypto/lib/cortex-m33/hard-float/no-interrupts/libnrf_cc310_mbedcrypto_0.9.2.a(cc_pal_dma.c.obj)
 .comment       0x00000000000000f5       0x80 /Users/crfosse/nordic/ncs/nrfxlib/crypto/nrf_cc310_mbedcrypto/lib/cortex-m33/hard-float/no-interrupts/libnrf_cc310_mbedcrypto_0.9.2.a(cc_pal_mutex.c.obj)
 .comment       0x00000000000000f5       0x80 /Users/crfosse/nordic/ncs/nrfxlib/crypto/nrf_cc310_mbedcrypto/lib/cortex-m33/hard-float/no-interrupts/libnrf_cc310_mbedcrypto_0.9.2.a(cc_pal_pm.c.obj)
 .comment       0x00000000000000f5       0x80 /Users/crfosse/nordic/ncs/nrfxlib/crypto/nrf_cc310_mbedcrypto/lib/cortex-m33/hard-float/no-interrupts/libnrf_cc310_mbedcrypto_0.9.2.a(cc_hal.c.obj)
 .comment       0x00000000000000f5       0x80 /Users/crfosse/nordic/ncs/nrfxlib/crypto/nrf_cc310_mbedcrypto/lib/cortex-m33/hard-float/no-interrupts/libnrf_cc310_mbedcrypto_0.9.2.a(cc_pal_interrupt_ctrl.c.obj)
 .comment       0x00000000000000f5       0x80 /Users/crfosse/nordic/ncs/nrfxlib/crypto/nrf_cc310_platform/lib/cortex-m33/hard-float/no-interrupts/libnrf_cc310_platform_0.9.2.a(platform_alt.c.obj)
 .comment       0x00000000000000f5       0x80 /Users/crfosse/nordic/ncs/nrfxlib/crypto/nrf_cc310_platform/lib/cortex-m33/hard-float/no-interrupts/libnrf_cc310_platform_0.9.2.a(cc_rng_plat.c.obj)
 .comment       0x00000000000000f5       0x80 /Users/crfosse/nordic/ncs/nrfxlib/crypto/nrf_cc310_platform/lib/cortex-m33/hard-float/no-interrupts/libnrf_cc310_platform_0.9.2.a(nrf_cc310_platform.c.obj)
 .comment       0x00000000000000f5       0x80 /Users/crfosse/nordic/ncs/nrfxlib/crypto/nrf_cc310_platform/lib/cortex-m33/hard-float/no-interrupts/libnrf_cc310_platform_0.9.2.a(nrf_cc310_platform_abort.c.obj)
 .comment       0x00000000000000f5       0x80 /Users/crfosse/nordic/ncs/nrfxlib/crypto/nrf_cc310_platform/lib/cortex-m33/hard-float/no-interrupts/libnrf_cc310_platform_0.9.2.a(nrf_cc310_platform_mutex.c.obj)
 .comment       0x00000000000000f5       0x80 /Users/crfosse/nordic/ncs/nrfxlib/crypto/nrf_cc310_platform/lib/cortex-m33/hard-float/no-interrupts/libnrf_cc310_platform_0.9.2.a(cc_lib.c.obj)
 .comment       0x00000000000000f5       0x80 /Users/crfosse/nordic/ncs/nrfxlib/crypto/nrf_cc310_platform/lib/cortex-m33/hard-float/no-interrupts/libnrf_cc310_platform_0.9.2.a(cc_pal_trng.c.obj)
 .comment       0x00000000000000f5       0x80 /Users/crfosse/nordic/ncs/nrfxlib/crypto/nrf_cc310_platform/lib/cortex-m33/hard-float/no-interrupts/libnrf_cc310_platform_0.9.2.a(llf_rnd_trng90b.c.obj)
 .comment       0x00000000000000f5       0x80 /Users/crfosse/nordic/ncs/nrfxlib/crypto/nrf_cc310_platform/lib/cortex-m33/hard-float/no-interrupts/libnrf_cc310_platform_0.9.2.a(llf_rnd.c.obj)

.debug
 *(SORT_BY_ALIGNMENT(.debug))

.line
 *(SORT_BY_ALIGNMENT(.line))

.debug_srcinfo
 *(SORT_BY_ALIGNMENT(.debug_srcinfo))

.debug_sfnames
 *(SORT_BY_ALIGNMENT(.debug_sfnames))

.debug_aranges  0x0000000000000000      0xd88
 *(SORT_BY_ALIGNMENT(.debug_aranges))
 .debug_aranges
                0x0000000000000000       0x20 zephyr/arch/arch/arm/core/aarch32/libarch__arm__core__aarch32.a(exc_exit.S.obj)
 .debug_aranges
                0x0000000000000020       0x28 zephyr/arch/arch/arm/core/aarch32/libarch__arm__core__aarch32.a(swap_helper.S.obj)
 .debug_aranges
                0x0000000000000048       0x30 zephyr/arch/arch/arm/core/aarch32/libarch__arm__core__aarch32.a(cpu_idle.S.obj)
 .debug_aranges
                0x0000000000000078       0x20 zephyr/arch/arch/arm/core/aarch32/libarch__arm__core__aarch32.a(fault_s.S.obj)
 .debug_aranges
                0x0000000000000098       0x20 zephyr/arch/arch/arm/core/aarch32/libarch__arm__core__aarch32.a(nmi_on_reset.S.obj)
 .debug_aranges
                0x00000000000000b8       0x20 zephyr/arch/arch/arm/core/aarch32/libarch__arm__core__aarch32.a(isr_wrapper.S.obj)
 .debug_aranges
                0x00000000000000d8       0x20 zephyr/arch/arch/arm/core/aarch32/cortex_m/libarch__arm__core__aarch32__cortex_m.a(reset.S.obj)
 .debug_aranges
                0x00000000000000f8       0x20 app/libapp.a(main.c.obj)
 .debug_aranges
                0x0000000000000118       0x50 zephyr/libzephyr.a(fdtable.c.obj)
 .debug_aranges
                0x0000000000000168       0x68 zephyr/libzephyr.a(mempool.c.obj)
 .debug_aranges
                0x00000000000001d0       0x80 zephyr/libzephyr.a(printk.c.obj)
 .debug_aranges
                0x0000000000000250       0x20 zephyr/libzephyr.a(thread_entry.c.obj)
 .debug_aranges
                0x0000000000000270       0x20 zephyr/libzephyr.a(configs.c.obj)
 .debug_aranges
                0x0000000000000290       0x30 zephyr/libzephyr.a(soc.c.obj)
 .debug_aranges
                0x00000000000002c0       0x50 zephyr/libzephyr.a(nrf_power_clock.c.obj)
 .debug_aranges
                0x0000000000000310       0x40 zephyr/libzephyr.a(sys_clock_init.c.obj)
 .debug_aranges
                0x0000000000000350       0x40 zephyr/libzephyr.a(nrf_rtc_timer.c.obj)
 .debug_aranges
                0x0000000000000390       0x30 zephyr/libzephyr.a(spm.c.obj)
 .debug_aranges
                0x00000000000003c0       0x38 zephyr/libzephyr.a(secure_services.c.obj)
 .debug_aranges
                0x00000000000003f8       0x28 zephyr/libzephyr.a(nrf_cc310_platform_abort_zephyr.c.obj)
 .debug_aranges
                0x0000000000000420       0x40 zephyr/libzephyr.a(nrf_cc310_platform_mutex_zephyr.c.obj)
 .debug_aranges
                0x0000000000000460       0x18 zephyr/arch/common/libarch__common.a(isr_tables.c.obj)
 .debug_aranges
                0x0000000000000478       0x20 zephyr/arch/arch/arm/core/aarch32/libarch__arm__core__aarch32.a(swap.c.obj)
 .debug_aranges
                0x0000000000000498       0x58 zephyr/arch/arch/arm/core/aarch32/libarch__arm__core__aarch32.a(irq_manage.c.obj)
 .debug_aranges
                0x00000000000004f0       0x28 zephyr/arch/arch/arm/core/aarch32/libarch__arm__core__aarch32.a(thread.c.obj)
 .debug_aranges
                0x0000000000000518       0x30 zephyr/arch/arch/arm/core/aarch32/libarch__arm__core__aarch32.a(fatal.c.obj)
 .debug_aranges
                0x0000000000000548       0x20 zephyr/arch/arch/arm/core/aarch32/libarch__arm__core__aarch32.a(nmi.c.obj)
 .debug_aranges
                0x0000000000000568       0x20 zephyr/arch/arch/arm/core/aarch32/libarch__arm__core__aarch32.a(prep_c.c.obj)
 .debug_aranges
                0x0000000000000588       0x48 zephyr/arch/arch/arm/core/aarch32/cortex_m/libarch__arm__core__aarch32__cortex_m.a(fault.c.obj)
 .debug_aranges
                0x00000000000005d0       0x20 zephyr/arch/arch/arm/core/aarch32/cortex_m/libarch__arm__core__aarch32__cortex_m.a(scb.c.obj)
 .debug_aranges
                0x00000000000005f0       0x20 zephyr/arch/arch/arm/core/aarch32/cortex_m/libarch__arm__core__aarch32__cortex_m.a(irq_init.c.obj)
 .debug_aranges
                0x0000000000000610       0x20 zephyr/arch/arch/arm/core/aarch32/cortex_m/libarch__arm__core__aarch32__cortex_m.a(thread_abort.c.obj)
 .debug_aranges
                0x0000000000000630       0x28 zephyr/arch/arch/arm/core/aarch32/cortex_m/mpu/libarch__arm__core__aarch32__cortex_m__mpu.a(arm_core_mpu.c.obj)
 .debug_aranges
                0x0000000000000658       0x60 zephyr/arch/arch/arm/core/aarch32/cortex_m/mpu/libarch__arm__core__aarch32__cortex_m__mpu.a(arm_mpu.c.obj)
 .debug_aranges
                0x00000000000006b8       0x80 zephyr/arch/arch/arm/core/aarch32/cortex_m/cmse/libarch__arm__core__aarch32__cortex_m__cmse.a(arm_core_cmse.c.obj)
 .debug_aranges
                0x0000000000000738       0x60 zephyr/arch/arch/arm/core/aarch32/cortex_m/tz/libarch__arm__core__aarch32__cortex_m__tz.a(arm_core_tz.c.obj)
 .debug_aranges
                0x0000000000000798       0x90 zephyr/lib/libc/minimal/liblib__libc__minimal.a(string.c.obj)
 .debug_aranges
                0x0000000000000828       0x18 zephyr/soc/arm/common/cortex_m/libsoc__arm__common__cortex_m.a(arm_mpu_regions.c.obj)
 .debug_aranges
                0x0000000000000840       0x20 modules/nrf/lib/fatal_error/lib..__nrf__lib__fatal_error.a(fatal_error.c.obj)
 .debug_aranges
                0x0000000000000860       0x30 modules/nrf/subsys/fw_info/lib..__nrf__subsys__fw_info.a(fw_info.c.obj)
 .debug_aranges
                0x0000000000000890       0x20 modules/nrf/drivers/hw_cc310/lib..__nrf__drivers__hw_cc310.a(hw_cc310.c.obj)
 .debug_aranges
                0x00000000000008b0       0x38 modules/nordic/lib..__modules__hal__nordic.a(system_nrf9160.c.obj)
 .debug_aranges
                0x00000000000008e8       0x30 zephyr/kernel/libkernel.a(device.c.obj)
 .debug_aranges
                0x0000000000000918       0x20 zephyr/kernel/libkernel.a(errno.c.obj)
 .debug_aranges
                0x0000000000000938       0x38 zephyr/kernel/libkernel.a(fatal.c.obj)
 .debug_aranges
                0x0000000000000970       0x28 zephyr/kernel/libkernel.a(idle.c.obj)
 .debug_aranges
                0x0000000000000998       0x48 zephyr/kernel/libkernel.a(init.c.obj)
 .debug_aranges
                0x00000000000009e0       0x38 zephyr/kernel/libkernel.a(mem_slab.c.obj)
 .debug_aranges
                0x0000000000000a18       0x30 zephyr/kernel/libkernel.a(mutex.c.obj)
 .debug_aranges
                0x0000000000000a48      0x198 zephyr/kernel/libkernel.a(sched.c.obj)
 .debug_aranges
                0x0000000000000be0       0xc0 zephyr/kernel/libkernel.a(thread.c.obj)
 .debug_aranges
                0x0000000000000ca0       0x78 zephyr/kernel/libkernel.a(timeout.c.obj)
 .debug_aranges
                0x0000000000000d18       0x50 zephyr/kernel/libkernel.a(mempool.c.obj)
 .debug_aranges
                0x0000000000000d68       0x20 zephyr/CMakeFiles/offsets.dir/./arch/arm/core/offsets/offsets.c.obj

.debug_pubnames
 *(SORT_BY_ALIGNMENT(.debug_pubnames))

.debug_info     0x0000000000000000    0x358ca
 *(SORT_BY_ALIGNMENT(.debug_info) SORT_BY_ALIGNMENT(.gnu.linkonce.wi.*))
 .debug_info    0x0000000000000000       0x67 app/libapp.a(main.c.obj)
 .debug_info    0x0000000000000067      0xefd zephyr/libzephyr.a(fdtable.c.obj)
 .debug_info    0x0000000000000f64     0x1cc2 zephyr/libzephyr.a(mempool.c.obj)
 .debug_info    0x0000000000002c26     0x139b zephyr/libzephyr.a(printk.c.obj)
 .debug_info    0x0000000000003fc1      0x9f0 zephyr/libzephyr.a(thread_entry.c.obj)
 .debug_info    0x00000000000049b1       0x38 zephyr/libzephyr.a(configs.c.obj)
 .debug_info    0x00000000000049e9      0xe48 zephyr/libzephyr.a(soc.c.obj)
 .debug_info    0x0000000000005831     0x23c8 zephyr/libzephyr.a(nrf_power_clock.c.obj)
 .debug_info    0x0000000000007bf9      0xb10 zephyr/libzephyr.a(sys_clock_init.c.obj)
 .debug_info    0x0000000000008709     0x1e56 zephyr/libzephyr.a(nrf_rtc_timer.c.obj)
 .debug_info    0x000000000000a55f     0x4355 zephyr/libzephyr.a(spm.c.obj)
 .debug_info    0x000000000000e8b4      0xef9 zephyr/libzephyr.a(secure_services.c.obj)
 .debug_info    0x000000000000f7ad      0x9f8 zephyr/libzephyr.a(nrf_cc310_platform_abort_zephyr.c.obj)
 .debug_info    0x00000000000101a5      0xff9 zephyr/libzephyr.a(nrf_cc310_platform_mutex_zephyr.c.obj)
 .debug_info    0x000000000001119e      0x240 zephyr/arch/common/libarch__common.a(isr_tables.c.obj)
 .debug_info    0x00000000000113de       0x26 zephyr/arch/arch/arm/core/aarch32/libarch__arm__core__aarch32.a(exc_exit.S.obj)
 .debug_info    0x0000000000011404      0xcd3 zephyr/arch/arch/arm/core/aarch32/libarch__arm__core__aarch32.a(swap.c.obj)
 .debug_info    0x00000000000120d7       0x22 zephyr/arch/arch/arm/core/aarch32/libarch__arm__core__aarch32.a(swap_helper.S.obj)
 .debug_info    0x00000000000120f9     0x11cb zephyr/arch/arch/arm/core/aarch32/libarch__arm__core__aarch32.a(irq_manage.c.obj)