Archive member included to satisfy reference by file (symbol)

app/libapp.a(main.c.obj)      (--whole-archive)
app/libapp.a(mqtt_module.c.obj)
                              (--whole-archive)
zephyr/libzephyr.a(crc32_sw.c.obj)
                              (--whole-archive)
zephyr/libzephyr.a(crc16_sw.c.obj)
                              (--whole-archive)
zephyr/libzephyr.a(crc8_sw.c.obj)
                              (--whole-archive)
zephyr/libzephyr.a(crc7_sw.c.obj)
                              (--whole-archive)
zephyr/libzephyr.a(dec.c.obj)
                              (--whole-archive)
zephyr/libzephyr.a(fdtable.c.obj)
                              (--whole-archive)
zephyr/libzephyr.a(hex.c.obj)
                              (--whole-archive)
zephyr/libzephyr.a(mempool.c.obj)
                              (--whole-archive)
zephyr/libzephyr.a(printk.c.obj)
                              (--whole-archive)
zephyr/libzephyr.a(onoff.c.obj)
                              (--whole-archive)
zephyr/libzephyr.a(rb.c.obj)  (--whole-archive)
zephyr/libzephyr.a(sem.c.obj)
                              (--whole-archive)
zephyr/libzephyr.a(thread_entry.c.obj)
                              (--whole-archive)
zephyr/libzephyr.a(timeutil.c.obj)
                              (--whole-archive)
zephyr/libzephyr.a(work_q.c.obj)
                              (--whole-archive)
zephyr/libzephyr.a(configs.c.obj)
                              (--whole-archive)
zephyr/libzephyr.a(soc.c.obj)
                              (--whole-archive)
zephyr/libzephyr.a(power.c.obj)
                              (--whole-archive)
zephyr/libzephyr.a(validate_base_addresses.c.obj)
                              (--whole-archive)
zephyr/libzephyr.a(log_list.c.obj)
                              (--whole-archive)
zephyr/libzephyr.a(log_core.c.obj)
                              (--whole-archive)
zephyr/libzephyr.a(log_msg.c.obj)
                              (--whole-archive)
zephyr/libzephyr.a(log_output.c.obj)
                              (--whole-archive)
zephyr/libzephyr.a(addr_utils.c.obj)
                              (--whole-archive)
zephyr/libzephyr.a(socket_offload.c.obj)
                              (--whole-archive)
zephyr/libzephyr.a(power.c.obj)
                              (--whole-archive)
zephyr/libzephyr.a(policy_residency.c.obj)
                              (--whole-archive)
zephyr/libzephyr.a(nrf_power_clock.c.obj)
                              (--whole-archive)
zephyr/libzephyr.a(sys_clock_init.c.obj)
                              (--whole-archive)
zephyr/libzephyr.a(nrf_rtc_timer.c.obj)
                              (--whole-archive)
zephyr/libzephyr.a(secure_services_ns.c.obj)
                              (--whole-archive)
zephyr/arch/common/libarch__common.a(isr_tables.c.obj)
                              (--whole-archive)
zephyr/arch/common/libarch__common.a(sw_isr_common.c.obj)
                              (--whole-archive)
zephyr/arch/arch/arm/core/aarch32/libarch__arm__core__aarch32.a(exc_exit.S.obj)
                              (--whole-archive)
zephyr/arch/arch/arm/core/aarch32/libarch__arm__core__aarch32.a(swap.c.obj)
                              (--whole-archive)
zephyr/arch/arch/arm/core/aarch32/libarch__arm__core__aarch32.a(swap_helper.S.obj)
                              (--whole-archive)
zephyr/arch/arch/arm/core/aarch32/libarch__arm__core__aarch32.a(irq_manage.c.obj)
                              (--whole-archive)
zephyr/arch/arch/arm/core/aarch32/libarch__arm__core__aarch32.a(thread.c.obj)
                              (--whole-archive)
zephyr/arch/arch/arm/core/aarch32/libarch__arm__core__aarch32.a(cpu_idle.S.obj)
                              (--whole-archive)
zephyr/arch/arch/arm/core/aarch32/libarch__arm__core__aarch32.a(fault_s.S.obj)
                              (--whole-archive)
zephyr/arch/arch/arm/core/aarch32/libarch__arm__core__aarch32.a(fatal.c.obj)
                              (--whole-archive)
zephyr/arch/arch/arm/core/aarch32/libarch__arm__core__aarch32.a(nmi.c.obj)
                              (--whole-archive)
zephyr/arch/arch/arm/core/aarch32/libarch__arm__core__aarch32.a(nmi_on_reset.S.obj)
                              (--whole-archive)
zephyr/arch/arch/arm/core/aarch32/libarch__arm__core__aarch32.a(prep_c.c.obj)
                              (--whole-archive)
zephyr/arch/arch/arm/core/aarch32/libarch__arm__core__aarch32.a(isr_wrapper.S.obj)
                              (--whole-archive)
zephyr/arch/arch/arm/core/aarch32/cortex_m/libarch__arm__core__aarch32__cortex_m.a(vector_table.S.obj)
                              (--whole-archive)
zephyr/arch/arch/arm/core/aarch32/cortex_m/libarch__arm__core__aarch32__cortex_m.a(reset.S.obj)
                              (--whole-archive)
zephyr/arch/arch/arm/core/aarch32/cortex_m/libarch__arm__core__aarch32__cortex_m.a(fault.c.obj)
                              (--whole-archive)
[...]
Memory Configuration

Name             Origin             Length             Attributes
FLASH            0x000000000000c000 0x00000000000f4000 xr
SRAM             0x0000000020020000 0x0000000000020000 xw
IDT_LIST         0x0000000020040000 0x0000000000000800 xw
*default*        0x0000000000000000 0xffffffffffffffff

Linker script and memory map

LOAD zephyr/CMakeFiles/zephyr_prebuilt.dir/misc/empty_file.c.obj
                0x0000000000000020                _region_min_align = 0x20

.rel.plt        0x000000000000c000        0x0
 *(SORT_BY_ALIGNMENT(.rel.plt))
                [!provide]                        PROVIDE (__rel_iplt_start = .)
 *(SORT_BY_ALIGNMENT(.rel.iplt))
 .rel.iplt      0x000000000000c000        0x0 app/libapp.a(main.c.obj)
                [!provide]                        PROVIDE (__rel_iplt_end = .)

.rela.plt       0x0000000000000000        0x0
 *(SORT_BY_ALIGNMENT(.rela.plt))
                [!provide]                        PROVIDE (__rela_iplt_start = .)
 *(SORT_BY_ALIGNMENT(.rela.iplt))
                [!provide]                        PROVIDE (__rela_iplt_end = .)

.rel.dyn
 *(SORT_BY_ALIGNMENT(.rel.*))

.rela.dyn
 *(SORT_BY_ALIGNMENT(.rela.*))

/DISCARD/
 *(SORT_BY_ALIGNMENT(.plt))
 *(SORT_BY_ALIGNMENT(.iplt))
 *(SORT_BY_ALIGNMENT(.got.plt))
 *(SORT_BY_ALIGNMENT(.igot.plt))
 *(SORT_BY_ALIGNMENT(.got))
 *(SORT_BY_ALIGNMENT(.igot))
 *(SORT_BY_ALIGNMENT(.note.GNU-stack))
                0x000000000000c000                _image_rom_start = 0xc000

rom_start       0x000000000000c000      0x23c
                0x0000000000000000                . = 0x0
                0x0000000000000000                . = ALIGN (0x4)
                0x000000000000c000                _vector_start = .
 *(SORT_BY_ALIGNMENT(.exc_vector_table))
 *(SORT_BY_ALIGNMENT(.exc_vector_table.*))
 .exc_vector_table._vector_table_section
                0x000000000000c000       0x40 zephyr/arch/arch/arm/core/aarch32/cortex_m/libarch__arm__core__aarch32__cortex_m.a(vector_table.S.obj)
                0x000000000000c000                _vector_table
 *(SORT_BY_ALIGNMENT(.gnu.linkonce.irq_vector_table))
 .gnu.linkonce.irq_vector_table
                0x000000000000c040      0x104 zephyr/arch/common/libarch__common.a(isr_tables.c.obj)
                0x000000000000c040                _irq_vector_table
 *(SORT_BY_ALIGNMENT(.vectors))
                0x000000000000c144                _vector_end = .
 *(SORT_BY_ALIGNMENT(.openocd_dbg))
 *(SORT_BY_ALIGNMENT(.openocd_dbg.*))
                0x0000000000000200                . = 0x200
 *fill*         0x000000000000c144       0xbc 
                0x000000000000c200                _fw_info_start = .
 *(SORT_BY_NAME(SORT_BY_ALIGNMENT(.firmware_info*)))
 .firmware_info
                0x000000000000c200       0x3c modules/nrf/subsys/fw_info/lib..__nrf__subsys__fw_info.a(fw_info.c.obj)
                0x000000000000c200                m_firmware_info
                0x000000000000003c                _fw_info_size = ABSOLUTE ((. - _fw_info_start))

text            0x000000000000c23c    0x11b1e
                0x000000000000c23c                _image_text_start = .
 *(SORT_BY_ALIGNMENT(.text))
 .text          0x000000000000c23c       0x30 /usr/local/gnuarmemb/bin/../lib/gcc/arm-none-eabi/8.3.1/thumb/v8-m.main+fp/hard/libgcc.a(_aeabi_uldivmod.o)
                0x000000000000c23c                __aeabi_uldivmod
 .text          0x000000000000c26c      0x2c8 /usr/local/gnuarmemb/bin/../lib/gcc/arm-none-eabi/8.3.1/thumb/v8-m.main+fp/hard/libgcc.a(_udivmoddi4.o)
                0x000000000000c26c                __udivmoddi4
 .text          0x000000000000c534        0x4 /usr/local/gnuarmemb/bin/../lib/gcc/arm-none-eabi/8.3.1/thumb/v8-m.main+fp/hard/libgcc.a(_dvmd_tls.o)
                0x000000000000c534                __aeabi_ldiv0
                0x000000000000c534                __aeabi_idiv0
 *(SORT_BY_ALIGNMENT(.text.*))
 .text.rsrp_notification_handler
                0x000000000000c538        0xc app/libapp.a(main.c.obj)
 .text.app_timer_handler
                0x000000000000c544       0x50 app/libapp.a(main.c.obj)
                0x000000000000c544                app_timer_handler
 .text.button_handler
                0x000000000000c594       0x7c app/libapp.a(main.c.obj)
 .text.bsd_recoverable_error_handler
                0x000000000000c610       0x2c app/libapp.a(main.c.obj)
                0x000000000000c610                bsd_recoverable_error_handler
 .text.timer_init
                0x000000000000c63c       0x10 app/libapp.a(main.c.obj)
                0x000000000000c63c                timer_init
 .text.main     0x000000000000c64c      0x23c app/libapp.a(main.c.obj)
                0x000000000000c64c                main
 .text.mqtt_thread
                0x000000000000c888      0x274 app/libapp.a(mqtt_module.c.obj)
 .text.mqtt_evt_handler
                0x000000000000cafc      0x27c app/libapp.a(mqtt_module.c.obj)
                0x000000000000cafc                mqtt_evt_handler
 .text.mqtt_data_publish
                0x000000000000cd78       0x60 app/libapp.a(mqtt_module.c.obj)
                0x000000000000cd78                mqtt_data_publish
 .text.mqtt_start_thread
                0x000000000000cdd8       0x5c app/libapp.a(mqtt_module.c.obj)
                0x000000000000cdd8                mqtt_start_thread
 .text.mqtt_connected
                0x000000000000ce34        0xc app/libapp.a(mqtt_module.c.obj)
                0x000000000000ce34                mqtt_connected
 .text.char_out
                0x000000000000ce40       0x10 zephyr/libzephyr.a(printk.c.obj)
 .text._printk_dec_ulong
                0x000000000000ce50       0x98 zephyr/libzephyr.a(printk.c.obj)
 .text.vprintk  0x000000000000cee8       0x1c zephyr/libzephyr.a(printk.c.obj)
                0x000000000000cee8                vprintk
 .text.nordicsemi_nrf91_init
                0x000000000000cf04       0x28 zephyr/libzephyr.a(soc.c.obj)
 .text.enable_logger
                0x000000000000cf2c       0x54 zephyr/libzephyr.a(log_core.c.obj)
 .text.log_process_thread_timer_expiry_fn
                0x000000000000cf80        0xc zephyr/libzephyr.a(log_core.c.obj)
 .text.log_core_init
                0x000000000000cf8c       0x40 zephyr/libzephyr.a(log_core.c.obj)
                0x000000000000cf8c                log_core_init
 .text.dropped_notify
                0x000000000000cfcc       0x44 zephyr/libzephyr.a(log_core.c.obj)
                0x000000000000cfcc                dropped_notify
 .text.log_dropped
                0x000000000000d010       0x18 zephyr/libzephyr.a(log_core.c.obj)
                0x000000000000d010                log_dropped
 .text.log_backend_enable
                0x000000000000d028       0x34 zephyr/libzephyr.a(log_core.c.obj)
                0x000000000000d028                log_backend_enable
 .text.log_init
                0x000000000000d05c       0x4c zephyr/libzephyr.a(log_core.c.obj)
                0x000000000000d05c                log_init
 .text.log_strdup
                0x000000000000d0a8       0x64 zephyr/libzephyr.a(log_core.c.obj)
                0x000000000000d0a8                log_strdup
 .text.log_is_strdup
                0x000000000000d10c       0x1c zephyr/libzephyr.a(log_core.c.obj)
                0x000000000000d10c                log_is_strdup
 .text.z_impl_log_process
                0x000000000000d128      0x14c zephyr/libzephyr.a(log_core.c.obj)
                0x000000000000d128                z_impl_log_process
 .text.msg_finalize
                0x000000000000d274       0xb0 zephyr/libzephyr.a(log_core.c.obj)
 .text.log_process_thread_func
                0x000000000000d324       0x44 zephyr/libzephyr.a(log_core.c.obj)
 .text.z_impl_log_panic
                0x000000000000d368       0x48 zephyr/libzephyr.a(log_core.c.obj)
                0x000000000000d368                z_impl_log_panic
 .text.log_free
                0x000000000000d3b0       0x2c zephyr/libzephyr.a(log_core.c.obj)
                0x000000000000d3b0                log_free
 .text.log_msg_pool_init
                0x000000000000d3dc       0x14 zephyr/libzephyr.a(log_msg.c.obj)
                0x000000000000d3dc                log_msg_pool_init
 .text.log_msg_no_space_handle
                0x000000000000d3f0       0x30 zephyr/libzephyr.a(log_msg.c.obj)
                0x000000000000d3f0                log_msg_no_space_handle
 .text.log_msg_chunk_alloc
                0x000000000000d420       0x24 zephyr/libzephyr.a(log_msg.c.obj)
                0x000000000000d420                log_msg_chunk_alloc
 .text.msg_free
                0x000000000000d444       0x84 zephyr/libzephyr.a(log_msg.c.obj)
 .text.log_output_timestamp_freq_set
                0x000000000000d4c8       0x30 zephyr/libzephyr.a(log_output.c.obj)
                0x000000000000d4c8                log_output_timestamp_freq_set
 .text.socket_offload_register
                0x000000000000d4f8        0xc zephyr/libzephyr.a(socket_offload.c.obj)
                0x000000000000d4f8                socket_offload_register
 .text.clock_async_start
                0x000000000000d504       0xe4 zephyr/libzephyr.a(nrf_power_clock.c.obj)
 .text.clk_init
                0x000000000000d5e8       0x38 zephyr/libzephyr.a(nrf_power_clock.c.obj)
 .text.nrf_power_clock_isr
                0x000000000000d620       0x54 zephyr/libzephyr.a(nrf_power_clock.c.obj)
                0x000000000000d620                nrf_power_clock_isr
 .text.rtc1_nrf_isr
                0x000000000000d674       0x40 zephyr/libzephyr.a(nrf_rtc_timer.c.obj)
                0x000000000000d674                rtc1_nrf_isr
 .text.z_clock_driver_init
                0x000000000000d6b4       0x6c zephyr/libzephyr.a(nrf_rtc_timer.c.obj)
                0x000000000000d6b4                z_clock_driver_init
 .text.z_clock_set_timeout
                0x000000000000d720       0xac zephyr/libzephyr.a(nrf_rtc_timer.c.obj)
                0x000000000000d720                z_clock_set_timeout
 .text.z_clock_elapsed
                0x000000000000d7cc       0x34 zephyr/libzephyr.a(nrf_rtc_timer.c.obj)
                0x000000000000d7cc                z_clock_elapsed
 .text.z_timer_cycle_get_32
                0x000000000000d800       0x34 zephyr/libzephyr.a(nrf_rtc_timer.c.obj)
                0x000000000000d800                z_timer_cycle_get_32
 .text._HandlerModeExit
                0x000000000000d834       0x1c zephyr/arch/arch/arm/core/aarch32/libarch__arm__core__aarch32.a(exc_exit.S.obj)
                0x000000000000d834                z_arm_exc_exit
                0x000000000000d834                z_arm_int_exit
 .text.arch_swap
                0x000000000000d850       0x34 zephyr/arch/arch/arm/core/aarch32/libarch__arm__core__aarch32.a(swap.c.obj)
                0x000000000000d850                arch_swap
 .text.z_arm_pendsv
                0x000000000000d884       0xb0 zephyr/arch/arch/arm/core/aarch32/libarch__arm__core__aarch32.a(swap_helper.S.obj)
                0x000000000000d884                z_arm_pendsv
 .text.z_arm_svc
                0x000000000000d934       0x20 zephyr/arch/arch/arm/core/aarch32/libarch__arm__core__aarch32.a(swap_helper.S.obj)
                0x000000000000d934                z_arm_svc
 .text.arch_irq_enable
                0x000000000000d954       0x20 zephyr/arch/arch/arm/core/aarch32/libarch__arm__core__aarch32.a(irq_manage.c.obj)
                0x000000000000d954                arch_irq_enable
 .text.z_arm_irq_priority_set
                0x000000000000d974       0x30 zephyr/arch/arch/arm/core/aarch32/libarch__arm__core__aarch32.a(irq_manage.c.obj)
                0x000000000000d974                z_arm_irq_priority_set
 .text._arch_isr_direct_pm
                0x000000000000d9a4       0x1c zephyr/arch/arch/arm/core/aarch32/libarch__arm__core__aarch32.a(irq_manage.c.obj)
                0x000000000000d9a4                _arch_isr_direct_pm
 .text.arch_new_thread
                0x000000000000d9c0       0x48 zephyr/arch/arch/arm/core/aarch32/libarch__arm__core__aarch32.a(thread.c.obj)
                0x000000000000d9c0                arch_new_thread
 .text.arch_switch_to_main_thread
                0x000000000000da08       0x54 zephyr/arch/arch/arm/core/aarch32/libarch__arm__core__aarch32.a(thread.c.obj)
                0x000000000000da08                arch_switch_to_main_thread
 .text.z_arm_cpu_idle_init
                0x000000000000da5c        0xc zephyr/arch/arch/arm/core/aarch32/libarch__arm__core__aarch32.a(cpu_idle.S.obj)
                0x000000000000da5c                z_arm_cpu_idle_init
 .text.arch_cpu_idle
                0x000000000000da68        0xc zephyr/arch/arch/arm/core/aarch32/libarch__arm__core__aarch32.a(cpu_idle.S.obj)
                0x000000000000da68                arch_cpu_idle
 .text.__fault  0x000000000000da74       0x14 zephyr/arch/arch/arm/core/aarch32/libarch__arm__core__aarch32.a(fault_s.S.obj)
                0x000000000000da74                z_arm_bus_fault
                0x000000000000da74                z_arm_usage_fault
                0x000000000000da74                z_arm_mpu_fault
                0x000000000000da74                z_arm_reserved
                0x000000000000da74                z_arm_debug_monitor
                0x000000000000da74                z_arm_hard_fault
 .text.z_arm_fatal_error
                0x000000000000da88      0x134 zephyr/arch/arch/arm/core/aarch32/libarch__arm__core__aarch32.a(fatal.c.obj)
                0x000000000000da88                z_arm_fatal_error
 .text.z_SysNmiOnReset
                0x000000000000dbbc        0x8 zephyr/arch/arch/arm/core/aarch32/libarch__arm__core__aarch32.a(nmi_on_reset.S.obj)
                0x000000000000dbbc                z_SysNmiOnReset
 .text.z_arm_prep_c
                0x000000000000dbc4       0x50 zephyr/arch/arch/arm/core/aarch32/libarch__arm__core__aarch32.a(prep_c.c.obj)
                0x000000000000dbc4                z_arm_prep_c
 .text._isr_wrapper
                0x000000000000dc14       0x40 zephyr/arch/arch/arm/core/aarch32/libarch__arm__core__aarch32.a(isr_wrapper.S.obj)
                0x000000000000dc14                _isr_wrapper
 .text._reset_section
                0x000000000000dc54       0x30 zephyr/arch/arch/arm/core/aarch32/cortex_m/libarch__arm__core__aarch32__cortex_m.a(reset.S.obj)
                0x000000000000dc54                z_arm_reset
                0x000000000000dc54                __start
 .text.usage_fault.isra.2
                0x000000000000dc84      0x124 zephyr/arch/arch/arm/core/aarch32/cortex_m/libarch__arm__core__aarch32__cortex_m.a(fault.c.obj)
 .text.mem_manage_fault.isra.4
                0x000000000000dda8      0x110 zephyr/arch/arch/arm/core/aarch32/cortex_m/libarch__arm__core__aarch32__cortex_m.a(fault.c.obj)
 .text.bus_fault.isra.5
                0x000000000000deb8      0x12c zephyr/arch/arch/arm/core/aarch32/cortex_m/libarch__arm__core__aarch32__cortex_m.a(fault.c.obj)
 .text.z_arm_fault
                0x000000000000dfe4      0x1e4 zephyr/arch/arch/arm/core/aarch32/cortex_m/libarch__arm__core__aarch32__cortex_m.a(fault.c.obj)
                0x000000000000dfe4                z_arm_fault
 .text.z_arm_fault_init
                0x000000000000e1c8       0x10 zephyr/arch/arch/arm/core/aarch32/cortex_m/libarch__arm__core__aarch32__cortex_m.a(fault.c.obj)
                0x000000000000e1c8                z_arm_fault_init
 .text.sys_arch_reboot
                0x000000000000e1d8       0x24 zephyr/arch/arch/arm/core/aarch32/cortex_m/libarch__arm__core__aarch32__cortex_m.a(scb.c.obj)
                0x000000000000e1d8                sys_arch_reboot
 .text.z_arm_int_lib_init
                0x000000000000e1fc       0x18 zephyr/arch/arch/arm/core/aarch32/cortex_m/libarch__arm__core__aarch32__cortex_m.a(irq_init.c.obj)
                0x000000000000e1fc                z_arm_int_lib_init
 .text.z_impl_k_thread_abort
                0x000000000000e214       0x4c zephyr/arch/arch/arm/core/aarch32/cortex_m/libarch__arm__core__aarch32__cortex_m.a(thread_abort.c.obj)
                0x000000000000e214                z_impl_k_thread_abort
 .text.z_arm_configure_static_mpu_regions
                0x000000000000e260       0x54 zephyr/arch/arch/arm/core/aarch32/cortex_m/mpu/libarch__arm__core__aarch32__cortex_m__mpu.a(arm_core_mpu.c.obj)
                0x000000000000e260                z_arm_configure_static_mpu_regions
 .text.region_init
                0x000000000000e2b4       0x30 zephyr/arch/arch/arm/core/aarch32/cortex_m/mpu/libarch__arm__core__aarch32__cortex_m__mpu.a(arm_mpu.c.obj)
 .text.region_allocate_and_init.part.0
                0x000000000000e2e4       0x34 zephyr/arch/arch/arm/core/aarch32/cortex_m/mpu/libarch__arm__core__aarch32__cortex_m__mpu.a(arm_mpu.c.obj)
 .text.mpu_configure_regions_and_partition.constprop.2
                0x000000000000e318      0x19c zephyr/arch/arch/arm/core/aarch32/cortex_m/mpu/libarch__arm__core__aarch32__cortex_m__mpu.a(arm_mpu.c.obj)
 .text.arm_core_mpu_enable
                0x000000000000e4b4       0x14 zephyr/arch/arch/arm/core/aarch32/cortex_m/mpu/libarch__arm__core__aarch32__cortex_m__mpu.a(arm_mpu.c.obj)
                0x000000000000e4b4                arm_core_mpu_enable
 .text.arm_core_mpu_disable
                0x000000000000e4c8       0x10 zephyr/arch/arch/arm/core/aarch32/cortex_m/mpu/libarch__arm__core__aarch32__cortex_m__mpu.a(arm_mpu.c.obj)
                0x000000000000e4c8                arm_core_mpu_disable
 .text.arm_mpu_init
                0x000000000000e4d8       0x4c zephyr/arch/arch/arm/core/aarch32/cortex_m/mpu/libarch__arm__core__aarch32__cortex_m__mpu.a(arm_mpu.c.obj)
 .text.arm_core_mpu_configure_static_mpu_regions
                0x000000000000e524       0x14 zephyr/arch/arch/arm/core/aarch32/cortex_m/mpu/libarch__arm__core__aarch32__cortex_m__mpu.a(arm_mpu.c.obj)
                0x000000000000e524                arm_core_mpu_configure_static_mpu_regions
 .text.arm_core_mpu_mark_areas_for_dynamic_regions
                0x000000000000e538       0xa8 zephyr/arch/arch/arm/core/aarch32/cortex_m/mpu/libarch__arm__core__aarch32__cortex_m__mpu.a(arm_mpu.c.obj)
                0x000000000000e538                arm_core_mpu_mark_areas_for_dynamic_regions
 .text.arm_core_mpu_configure_dynamic_mpu_regions
                0x000000000000e5e0       0x40 zephyr/arch/arch/arm/core/aarch32/cortex_m/mpu/libarch__arm__core__aarch32__cortex_m__mpu.a(arm_mpu.c.obj)
                0x000000000000e5e0                arm_core_mpu_configure_dynamic_mpu_regions
 .text.z_prf    0x000000000000e620      0x988 zephyr/lib/libc/minimal/liblib__libc__minimal.a(prf.c.obj)
                0x000000000000e620                z_prf
 .text.snprintf
                0x000000000000efa8       0x30 zephyr/lib/libc/minimal/liblib__libc__minimal.a(sprintf.c.obj)
                0x000000000000efa8                snprintf
 .text.net_if_init
                0x000000000000efd8       0x28 zephyr/subsys/net/ip/libsubsys__net__ip.a(net_if.c.obj)
                0x000000000000efd8                net_if_init
 .text.net_if_post_init
                0x000000000000f000       0x2c zephyr/subsys/net/ip/libsubsys__net__ip.a(net_if.c.obj)
                0x000000000000f000                net_if_post_init
 .text.z_impl_net_addr_ntop
                0x000000000000f02c      0x1b4 zephyr/subsys/net/ip/libsubsys__net__ip.a(utils.c.obj)
                0x000000000000f02c                z_impl_net_addr_ntop
 .text.connect_request_encode
                0x000000000000f1e0      0x100 zephyr/subsys/net/lib/mqtt/libsubsys__net__lib__mqtt.a(mqtt_encoder.c.obj)
                0x000000000000f1e0                connect_request_encode
 .text.disconnect_encode
                0x000000000000f2e0       0x2c zephyr/subsys/net/lib/mqtt/libsubsys__net__lib__mqtt.a(mqtt_encoder.c.obj)
                0x000000000000f2e0                disconnect_encode
 .text.ping_request_encode
                0x000000000000f30c       0x2c zephyr/subsys/net/lib/mqtt/libsubsys__net__lib__mqtt.a(mqtt_encoder.c.obj)
                0x000000000000f30c                ping_request_encode
 .text.mqtt_client_tcp_connect
                0x000000000000f338       0x4c zephyr/subsys/net/lib/mqtt/libsubsys__net__lib__mqtt.a(mqtt_transport_socket_tcp.c.obj)
                0x000000000000f338                mqtt_client_tcp_connect
 .text.mqtt_client_tcp_write
                0x000000000000f384       0x44 zephyr/subsys/net/lib/mqtt/libsubsys__net__lib__mqtt.a(mqtt_transport_socket_tcp.c.obj)
                0x000000000000f384                mqtt_client_tcp_write
 .text.mqtt_client_tcp_read
                0x000000000000f3c8       0x28 zephyr/subsys/net/lib/mqtt/libsubsys__net__lib__mqtt.a(mqtt_transport_socket_tcp.c.obj)
                0x000000000000f3c8                mqtt_client_tcp_read
 .text.mqtt_client_tcp_disconnect
                0x000000000000f3f0       0x24 zephyr/subsys/net/lib/mqtt/libsubsys__net__lib__mqtt.a(mqtt_transport_socket_tcp.c.obj)
                0x000000000000f3f0                mqtt_client_tcp_disconnect
 .text.mqtt_transport_connect
                0x000000000000f414       0x10 zephyr/subsys/net/lib/mqtt/libsubsys__net__lib__mqtt.a(mqtt_transport.c.obj)
                0x000000000000f414                mqtt_transport_connect
 .text.mqtt_transport_write
                0x000000000000f424       0x18 zephyr/subsys/net/lib/mqtt/libsubsys__net__lib__mqtt.a(mqtt_transport.c.obj)
                0x000000000000f424                mqtt_transport_write
 .text.mqtt_transport_read
                0x000000000000f43c       0x18 zephyr/subsys/net/lib/mqtt/libsubsys__net__lib__mqtt.a(mqtt_transport.c.obj)
                0x000000000000f43c                mqtt_transport_read
 .text.sys_mutex_unlock
                0x000000000000f454       0x28 zephyr/subsys/net/lib/mqtt/libsubsys__net__lib__mqtt.a(mqtt.c.obj)
 .text.sys_rand32_get
                0x000000000000f47c       0x34 zephyr/subsys/random/libsubsys__random.a(rand32_entropy_device.c.obj)
                0x000000000000f47c                sys_rand32_get
 .text.gpio_nrfx_init
                0x000000000000f4b0       0x30 zephyr/drivers/gpio/libdrivers__gpio.a(gpio_nrfx.c.obj)
 .text.gpiote_pin_int_cfg
                0x000000000000f4e0      0x158 zephyr/drivers/gpio/libdrivers__gpio.a(gpio_nrfx.c.obj)
 .text.gpio_nrfx_config
                0x000000000000f638      0x124 zephyr/drivers/gpio/libdrivers__gpio.a(gpio_nrfx.c.obj)
 .text.gpiote_event_handler
                0x000000000000f75c      0x154 zephyr/drivers/gpio/libdrivers__gpio.a(gpio_nrfx.c.obj)
 .text._bsdlib_init
                0x000000000000f8b0       0x1c modules/nrf/lib/bsdlib/lib..__nrf__lib__bsdlib.a(bsdlib.c.obj)
 .text.thread_monitor_entry_get
                0x000000000000f8cc       0x40 modules/nrf/lib/bsdlib/lib..__nrf__lib__bsdlib.a(bsd_os.c.obj)
 .text.rpc_proxy_irq_handler
                0x000000000000f90c       0x48 modules/nrf/lib/bsdlib/lib..__nrf__lib__bsdlib.a(bsd_os.c.obj)
                0x000000000000f90c                rpc_proxy_irq_handler
 .text.bsd_os_timedwait
                0x000000000000f954      0x128 modules/nrf/lib/bsdlib/lib..__nrf__lib__bsdlib.a(bsd_os.c.obj)
                0x000000000000f954                bsd_os_timedwait
 .text.bsd_os_errno_set
                0x000000000000fa7c      0x158 modules/nrf/lib/bsdlib/lib..__nrf__lib__bsdlib.a(bsd_os.c.obj)
                0x000000000000fa7c                bsd_os_errno_set
 .text.bsd_os_application_irq_set
                0x000000000000fbd4       0x10 modules/nrf/lib/bsdlib/lib..__nrf__lib__bsdlib.a(bsd_os.c.obj)
                0x000000000000fbd4                bsd_os_application_irq_set
 .text.bsd_os_application_irq_clear
                0x000000000000fbe4       0x10 modules/nrf/lib/bsdlib/lib..__nrf__lib__bsdlib.a(bsd_os.c.obj)
                0x000000000000fbe4                bsd_os_application_irq_clear
 .text.bsd_os_trace_irq_set
                0x000000000000fbf4       0x10 modules/nrf/lib/bsdlib/lib..__nrf__lib__bsdlib.a(bsd_os.c.obj)
                0x000000000000fbf4                bsd_os_trace_irq_set
 .text.bsd_os_trace_irq_clear
                0x000000000000fc04       0x10 modules/nrf/lib/bsdlib/lib..__nrf__lib__bsdlib.a(bsd_os.c.obj)
                0x000000000000fc04                bsd_os_trace_irq_clear
 .text.bsd_os_init
                0x000000000000fc14       0x2c modules/nrf/lib/bsdlib/lib..__nrf__lib__bsdlib.a(bsd_os.c.obj)
                0x000000000000fc14                bsd_os_init
 .text.z_to_nrf_optname
                0x000000000000fc40       0xd0 modules/nrf/lib/bsdlib/lib..__nrf__lib__bsdlib.a(nrf91_sockets.c.obj)
 .text.nrf91_socket_iface_init
                0x000000000000fd10       0x18 modules/nrf/lib/bsdlib/lib..__nrf__lib__bsdlib.a(nrf91_sockets.c.obj)
 .text.dk_set_leds_state.part.7
                0x000000000000fd28       0x7c modules/nrf/lib/dk_buttons_and_leds/lib..__nrf__lib__dk_buttons_and_leds.a(dk_buttons_and_leds.c.obj)
 .text.button_pressed
                0x000000000000fda4       0x9c modules/nrf/lib/dk_buttons_and_leds/lib..__nrf__lib__dk_buttons_and_leds.a(dk_buttons_and_leds.c.obj)
 .text.buttons_scan_fn
                0x000000000000fe40      0x198 modules/nrf/lib/dk_buttons_and_leds/lib..__nrf__lib__dk_buttons_and_leds.a(dk_buttons_and_leds.c.obj)
 .text.dk_leds_init
                0x000000000000ffd8       0x94 modules/nrf/lib/dk_buttons_and_leds/lib..__nrf__lib__dk_buttons_and_leds.a(dk_buttons_and_leds.c.obj)
                0x000000000000ffd8                dk_leds_init
 .text.dk_read_buttons
                0x000000000001006c       0x20 modules/nrf/lib/dk_buttons_and_leds/lib..__nrf__lib__dk_buttons_and_leds.a(dk_buttons_and_leds.c.obj)
                0x000000000001006c                dk_read_buttons
 .text.dk_buttons_init
                0x000000000001008c      0x1e8 modules/nrf/lib/dk_buttons_and_leds/lib..__nrf__lib__dk_buttons_and_leds.a(dk_buttons_and_leds.c.obj)
                0x000000000001008c                dk_buttons_init
 .text.callback_worker
                0x0000000000010274       0x20 modules/nrf/lib/at_cmd/lib..__nrf__lib__at_cmd.a(at_cmd.c.obj)
 .text.open_socket
                0x0000000000010294       0x30 modules/nrf/lib/at_cmd/lib..__nrf__lib__at_cmd.a(at_cmd.c.obj)
 .text.at_cmd_driver_init
                0x00000000000102c4       0x68 modules/nrf/lib/at_cmd/lib..__nrf__lib__at_cmd.a(at_cmd.c.obj)
 .text.socket_thread_fn
                0x000000000001032c      0x294 modules/nrf/lib/at_cmd/lib..__nrf__lib__at_cmd.a(at_cmd.c.obj)
 .text.at_write
                0x00000000000105c0       0xb4 modules/nrf/lib/at_cmd/lib..__nrf__lib__at_cmd.a(at_cmd.c.obj)
 .text.at_cmd_write
                0x0000000000010674       0x44 modules/nrf/lib/at_cmd/lib..__nrf__lib__at_cmd.a(at_cmd.c.obj)
                0x0000000000010674                at_cmd_write
 .text.at_cmd_set_notification_handler
                0x00000000000106b8       0x54 modules/nrf/lib/at_cmd/lib..__nrf__lib__at_cmd.a(at_cmd.c.obj)
                0x00000000000106b8                at_cmd_set_notification_handler
 .text.find_node
                0x000000000001070c       0x34 modules/nrf/lib/at_notif/lib..__nrf__lib__at_notif.a(at_notif.c.obj)
 .text.module_init
                0x0000000000010740       0x1c modules/nrf/lib/at_notif/lib..__nrf__lib__at_notif.a(at_notif.c.obj)
 .text.k_mutex_unlock.constprop.6
                0x000000000001075c        0xc modules/nrf/lib/at_notif/lib..__nrf__lib__at_notif.a(at_notif.c.obj)
 .text.notif_dispatch
                0x0000000000010768       0x38 modules/nrf/lib/at_notif/lib..__nrf__lib__at_notif.a(at_notif.c.obj)
 .text.at_notif_register_handler
                0x00000000000107a0       0x9c modules/nrf/lib/at_notif/lib..__nrf__lib__at_notif.a(at_notif.c.obj)
                0x00000000000107a0                at_notif_register_handler
 .text.at_notif_deregister_handler
                0x000000000001083c       0xb0 modules/nrf/lib/at_notif/lib..__nrf__lib__at_notif.a(at_notif.c.obj)
                0x000000000001083c                at_notif_deregister_handler
 .text.at_parse_process_element
                0x00000000000108ec      0x1a8 modules/nrf/lib/at_cmd_parser/lib..__nrf__lib__at_cmd_parser.a(at_cmd_parser.c.obj)
 .text.at_parse_detect_type
                0x0000000000010a94       0xc0 modules/nrf/lib/at_cmd_parser/lib..__nrf__lib__at_cmd_parser.a(at_cmd_parser.c.obj)
 .text.at_parser_max_params_from_str
                0x0000000000010b54      0x118 modules/nrf/lib/at_cmd_parser/lib..__nrf__lib__at_cmd_parser.a(at_cmd_parser.c.obj)
                0x0000000000010b54                at_parser_max_params_from_str
 .text.w_lte_lc_init
                0x0000000000010c6c       0x2c modules/nrf/lib/lte_link_control/lib..__nrf__lib__lte_link_control.a(lte_lc.c.obj)
 .text.parse_nw_reg_status
                0x0000000000010c98      0x14c modules/nrf/lib/lte_link_control/lib..__nrf__lib__lte_link_control.a(lte_lc.c.obj)
 .text.at_handler
                0x0000000000010de4       0x78 modules/nrf/lib/lte_link_control/lib..__nrf__lib__lte_link_control.a(lte_lc.c.obj)
                0x0000000000010de4                at_handler
 .text.w_lte_lc_connect
                0x0000000000010e5c      0x120 modules/nrf/lib/lte_link_control/lib..__nrf__lib__lte_link_control.a(lte_lc.c.obj)
 .text.lte_lc_psm_get
                0x0000000000010f7c      0x214 modules/nrf/lib/lte_link_control/lib..__nrf__lib__lte_link_control.a(lte_lc.c.obj)
                0x0000000000010f7c                lte_lc_psm_get
 .text.modem_info_parse.isra.0
                0x0000000000011190       0x2c modules/nrf/lib/modem_info/lib..__nrf__lib__modem_info.a(modem_info.c.obj)
 .text.modem_info_rsrp_subscribe_handler
                0x00000000000111bc       0x98 modules/nrf/lib/modem_info/lib..__nrf__lib__modem_info.a(modem_info.c.obj)
 .text.modem_info_string_get
                0x0000000000011254      0x12c modules/nrf/lib/modem_info/lib..__nrf__lib__modem_info.a(modem_info.c.obj)
                0x0000000000011254                modem_info_string_get
 .text.modem_info_rsrp_register
                0x0000000000011380       0x64 modules/nrf/lib/modem_info/lib..__nrf__lib__modem_info.a(modem_info.c.obj)
                0x0000000000011380                modem_info_rsrp_register
 .text.modem_info_init
                0x00000000000113e4        0xc modules/nrf/lib/modem_info/lib..__nrf__lib__modem_info.a(modem_info.c.obj)
                0x00000000000113e4                modem_info_init
 .text.modem_info_params_init
                0x00000000000113f0       0xa0 modules/nrf/lib/modem_info/lib..__nrf__lib__modem_info.a(modem_info_params.c.obj)
                0x00000000000113f0                modem_info_params_init
 .text.k_sys_fatal_error_handler
                0x0000000000011490       0x34 modules/nrf/lib/fatal_error/lib..__nrf__lib__fatal_error.a(fatal_error.c.obj)
                0x0000000000011490                k_sys_fatal_error_handler
 .text.check_ext_api_requests
                0x00000000000114c4       0x88 modules/nrf/subsys/fw_info/lib..__nrf__subsys__fw_info.a(fw_info.c.obj)
 .text.rpc_logobj_client_evt_handler
                0x000000000001154c       0x10 /Users/crfosse/nordic/ncs/nrfxlib/bsdlib/lib/cortex-m33/hard-float/libbsd_nrf9160_xxaa.a(rpc_logobj_client.c.o)
 .text.rpc_logobj_client_init
                0x000000000001155c        0xc /Users/crfosse/nordic/ncs/nrfxlib/bsdlib/lib/cortex-m33/hard-float/libbsd_nrf9160_xxaa.a(rpc_logobj_client.c.o)
                0x000000000001155c                rpc_logobj_client_init
 .text.rpc_logobj_client_request_alloc
                0x0000000000011568       0x30 /Users/crfosse/nordic/ncs/nrfxlib/bsdlib/lib/cortex-m33/hard-float/libbsd_nrf9160_xxaa.a(rpc_logobj_client.c.o)
                0x0000000000011568                rpc_logobj_client_request_alloc
 .text.rpc_logobj_client_request_send
                0x0000000000011598       0x2c /Users/crfosse/nordic/ncs/nrfxlib/bsdlib/lib/cortex-m33/hard-float/libbsd_nrf9160_xxaa.a(rpc_logobj_client.c.o)
                0x0000000000011598                rpc_logobj_client_request_send
 .text.rpc_logobj_client_message_free
                0x00000000000115c4       0x10 /Users/crfosse/nordic/ncs/nrfxlib/bsdlib/lib/cortex-m33/hard-float/libbsd_nrf9160_xxaa.a(rpc_logobj_client.c.o)
                0x00000000000115c4                rpc_logobj_client_message_free
 .text.rpc_logobj_client_data_free
                0x00000000000115d4       0x10 /Users/crfosse/nordic/ncs/nrfxlib/bsdlib/lib/cortex-m33/hard-float/libbsd_nrf9160_xxaa.a(rpc_logobj_client.c.o)
                0x00000000000115d4                rpc_logobj_client_data_free
 .text.packet_free_cb
                0x00000000000115e4       0x18 /Users/crfosse/nordic/ncs/nrfxlib/bsdlib/lib/cortex-m33/hard-float/libbsd_nrf9160_xxaa.a(logobj_interface.c.o)
 .text.logobj_event_handler
                0x00000000000115fc       0xfc /Users/crfosse/nordic/ncs/nrfxlib/bsdlib/lib/cortex-m33/hard-float/libbsd_nrf9160_xxaa.a(logobj_interface.c.o)
                0x00000000000115fc                logobj_event_handler
 .text.logobj_interface_init
                0x00000000000116f8       0x34 /Users/crfosse/nordic/ncs/nrfxlib/bsdlib/lib/cortex-m33/hard-float/libbsd_nrf9160_xxaa.a(logobj_interface.c.o)
                0x00000000000116f8                logobj_interface_init
 .text.logobj_interface_open
                0x000000000001172c      0x150 /Users/crfosse/nordic/ncs/nrfxlib/bsdlib/lib/cortex-m33/hard-float/libbsd_nrf9160_xxaa.a(logobj_interface.c.o)
                0x000000000001172c                logobj_interface_open
 .text.logobj_interface_read
                0x000000000001187c       0xe0 /Users/crfosse/nordic/ncs/nrfxlib/bsdlib/lib/cortex-m33/hard-float/libbsd_nrf9160_xxaa.a(logobj_interface.c.o)
                0x000000000001187c                logobj_interface_read
 .text.logobj_interface_write
                0x000000000001195c       0xfc /Users/crfosse/nordic/ncs/nrfxlib/bsdlib/lib/cortex-m33/hard-float/libbsd_nrf9160_xxaa.a(logobj_interface.c.o)
                0x000000000001195c                logobj_interface_write
 .text.logobj_interface_setopt
                0x0000000000011a58      0x19c /Users/crfosse/nordic/ncs/nrfxlib/bsdlib/lib/cortex-m33/hard-float/libbsd_nrf9160_xxaa.a(logobj_interface.c.o)
                0x0000000000011a58                logobj_interface_setopt
 .text.logobj_interface_getopt
                0x0000000000011bf4       0xa4 /Users/crfosse/nordic/ncs/nrfxlib/bsdlib/lib/cortex-m33/hard-float/libbsd_nrf9160_xxaa.a(logobj_interface.c.o)
                0x0000000000011bf4                logobj_interface_getopt
 .text.logobj_interface_close
                0x0000000000011c98       0x2c /Users/crfosse/nordic/ncs/nrfxlib/bsdlib/lib/cortex-m33/hard-float/libbsd_nrf9160_xxaa.a(logobj_interface.c.o)
                0x0000000000011c98                logobj_interface_close
 .text.packet_free_cb
                0x0000000000011cc4        0x8 /Users/crfosse/nordic/ncs/nrfxlib/bsdlib/lib/cortex-m33/hard-float/libbsd_nrf9160_xxaa.a(at_interface.c.o)
 .text.at_interface_write
                0x0000000000011ccc       0xa8 /Users/crfosse/nordic/ncs/nrfxlib/bsdlib/lib/cortex-m33/hard-float/libbsd_nrf9160_xxaa.a(at_interface.c.o)
                0x0000000000011ccc                at_interface_write
 .text.at_interface_init
                0x0000000000011d74        0x4 /Users/crfosse/nordic/ncs/nrfxlib/bsdlib/lib/cortex-m33/hard-float/libbsd_nrf9160_xxaa.a(at_interface.c.o)
                0x0000000000011d74                at_interface_init
 .text.at_interface_open
                0x0000000000011d78       0x94 /Users/crfosse/nordic/ncs/nrfxlib/bsdlib/lib/cortex-m33/hard-float/libbsd_nrf9160_xxaa.a(at_interface.c.o)
                0x0000000000011d78                at_interface_open
 .text.at_interface_close
                0x0000000000011e0c       0x90 /Users/crfosse/nordic/ncs/nrfxlib/bsdlib/lib/cortex-m33/hard-float/libbsd_nrf9160_xxaa.a(at_interface.c.o)
                0x0000000000011e0c                at_interface_close
 .text.at_interface_read
                0x0000000000011e9c       0xb8 /Users/crfosse/nordic/ncs/nrfxlib/bsdlib/lib/cortex-m33/hard-float/libbsd_nrf9160_xxaa.a(at_interface.c.o)
                0x0000000000011e9c                at_interface_read
 .text.at_interface_getopt
                0x0000000000011f54        0x4 /Users/crfosse/nordic/ncs/nrfxlib/bsdlib/lib/cortex-m33/hard-float/libbsd_nrf9160_xxaa.a(at_interface.c.o)
                0x0000000000011f54                at_interface_getopt
 .text.at_interface_setopt
                0x0000000000011f58        0x4 /Users/crfosse/nordic/ncs/nrfxlib/bsdlib/lib/cortex-m33/hard-float/libbsd_nrf9160_xxaa.a(at_interface.c.o)
                0x0000000000011f58                at_interface_setopt
 .text.rpc_at_event_handler
                0x0000000000011f5c       0xa4 /Users/crfosse/nordic/ncs/nrfxlib/bsdlib/lib/cortex-m33/hard-float/libbsd_nrf9160_xxaa.a(at_interface.c.o)
                0x0000000000011f5c                rpc_at_event_handler
 .text.dfu_client_event_handler
                0x0000000000012000        0xc /Users/crfosse/nordic/ncs/nrfxlib/bsdlib/lib/cortex-m33/hard-float/libbsd_nrf9160_xxaa.a(rpc_dfu_client.c.o)
 .text.rpc_dfu_client_init
                0x000000000001200c        0xc /Users/crfosse/nordic/ncs/nrfxlib/bsdlib/lib/cortex-m33/hard-float/libbsd_nrf9160_xxaa.a(rpc_dfu_client.c.o)
                0x000000000001200c                rpc_dfu_client_init
 .text.rpc_dfu_client_request_alloc
                0x0000000000012018       0x28 /Users/crfosse/nordic/ncs/nrfxlib/bsdlib/lib/cortex-m33/hard-float/libbsd_nrf9160_xxaa.a(rpc_dfu_client.c.o)
                0x0000000000012018                rpc_dfu_client_request_alloc
 .text.rpc_dfu_client_request_send
                0x0000000000012040       0x28 /Users/crfosse/nordic/ncs/nrfxlib/bsdlib/lib/cortex-m33/hard-float/libbsd_nrf9160_xxaa.a(rpc_dfu_client.c.o)
                0x0000000000012040                rpc_dfu_client_request_send
 .text.rpc_dfu_client_message_free
                0x0000000000012068       0x10 /Users/crfosse/nordic/ncs/nrfxlib/bsdlib/lib/cortex-m33/hard-float/libbsd_nrf9160_xxaa.a(rpc_dfu_client.c.o)
                0x0000000000012068                rpc_dfu_client_message_free
 .text.rpc_dfu_client_data_free
                0x0000000000012078       0x10 /Users/crfosse/nordic/ncs/nrfxlib/bsdlib/lib/cortex-m33/hard-float/libbsd_nrf9160_xxaa.a(rpc_dfu_client.c.o)
                0x0000000000012078                rpc_dfu_client_data_free
 .text.mem_free
                0x0000000000012088       0xd8 /Users/crfosse/nordic/ncs/nrfxlib/bsdlib/lib/cortex-m33/hard-float/libbsd_nrf9160_xxaa.a(mem_manager.c.o)
 .text.mem_alloc.constprop.5
                0x0000000000012160      0x1c8 /Users/crfosse/nordic/ncs/nrfxlib/bsdlib/lib/cortex-m33/hard-float/libbsd_nrf9160_xxaa.a(mem_manager.c.o)
 .text.mem_alloc.constprop.4
                0x0000000000012328      0x1c0 /Users/crfosse/nordic/ncs/nrfxlib/bsdlib/lib/cortex-m33/hard-float/libbsd_nrf9160_xxaa.a(mem_manager.c.o)
 .text.nrf_mem_init
                0x00000000000124e8       0xe8 /Users/crfosse/nordic/ncs/nrfxlib/bsdlib/lib/cortex-m33/hard-float/libbsd_nrf9160_xxaa.a(mem_manager.c.o)
                0x00000000000124e8                nrf_mem_init
 .text.nrf_mem_register
                0x00000000000125d0      0x234 /Users/crfosse/nordic/ncs/nrfxlib/bsdlib/lib/cortex-m33/hard-float/libbsd_nrf9160_xxaa.a(mem_manager.c.o)
                0x00000000000125d0                nrf_mem_register
 .text.nrf_malloc
                0x0000000000012804       0x14 /Users/crfosse/nordic/ncs/nrfxlib/bsdlib/lib/cortex-m33/hard-float/libbsd_nrf9160_xxaa.a(mem_manager.c.o)
                0x0000000000012804                nrf_malloc
 .text.nrf_free
                0x0000000000012818       0x18 /Users/crfosse/nordic/ncs/nrfxlib/bsdlib/lib/cortex-m33/hard-float/libbsd_nrf9160_xxaa.a(mem_manager.c.o)
                0x0000000000012818                nrf_free
 .text.nrf_shared_malloc
                0x0000000000012830       0x14 /Users/crfosse/nordic/ncs/nrfxlib/bsdlib/lib/cortex-m33/hard-float/libbsd_nrf9160_xxaa.a(mem_manager.c.o)
                0x0000000000012830                nrf_shared_malloc
 .text.nrf_shared_free
                0x0000000000012844       0x18 /Users/crfosse/nordic/ncs/nrfxlib/bsdlib/lib/cortex-m33/hard-float/libbsd_nrf9160_xxaa.a(mem_manager.c.o)
                0x0000000000012844                nrf_shared_free
 .text.ip_client_event_handler
                0x000000000001285c        0xc /Users/crfosse/nordic/ncs/nrfxlib/bsdlib/lib/cortex-m33/hard-float/libbsd_nrf9160_xxaa.a(rpc_ip_client.c.o)
 .text.rpc_ip_client_init
                0x0000000000012868        0xc /Users/crfosse/nordic/ncs/nrfxlib/bsdlib/lib/cortex-m33/hard-float/libbsd_nrf9160_xxaa.a(rpc_ip_client.c.o)
                0x0000000000012868                rpc_ip_client_init
 .text.rpc_ip_client_request_alloc
                0x0000000000012874       0x28 /Users/crfosse/nordic/ncs/nrfxlib/bsdlib/lib/cortex-m33/hard-float/libbsd_nrf9160_xxaa.a(rpc_ip_client.c.o)
                0x0000000000012874                rpc_ip_client_request_alloc
 .text.rpc_ip_client_request_send
                0x000000000001289c       0x2c /Users/crfosse/nordic/ncs/nrfxlib/bsdlib/lib/cortex-m33/hard-float/libbsd_nrf9160_xxaa.a(rpc_ip_client.c.o)
                0x000000000001289c                rpc_ip_client_request_send
 .text.rpc_ip_client_message_free
                0x00000000000128c8       0x10 /Users/crfosse/nordic/ncs/nrfxlib/bsdlib/lib/cortex-m33/hard-float/libbsd_nrf9160_xxaa.a(rpc_ip_client.c.o)
                0x00000000000128c8                rpc_ip_client_message_free
 .text.rpc_ip_client_data_free
                0x00000000000128d8       0x10 /Users/crfosse/nordic/ncs/nrfxlib/bsdlib/lib/cortex-m33/hard-float/libbsd_nrf9160_xxaa.a(rpc_ip_client.c.o)
                0x00000000000128d8                rpc_ip_client_data_free
 .text.secure_client_socket
                0x00000000000128e8      0x12c /Users/crfosse/nordic/ncs/nrfxlib/bsdlib/lib/cortex-m33/hard-float/libbsd_nrf9160_xxaa.a(tls_interface.c.o)
 .text.tls_interface_init
                0x0000000000012a14        0x4 /Users/crfosse/nordic/ncs/nrfxlib/bsdlib/lib/cortex-m33/hard-float/libbsd_nrf9160_xxaa.a(tls_interface.c.o)
                0x0000000000012a14                tls_interface_init
 .text.tls_interface_open
                0x0000000000012a18       0x98 /Users/crfosse/nordic/ncs/nrfxlib/bsdlib/lib/cortex-m33/hard-float/libbsd_nrf9160_xxaa.a(tls_interface.c.o)
                0x0000000000012a18                tls_interface_open
 .text.tls_interface_close
                0x0000000000012ab0       0x3c /Users/crfosse/nordic/ncs/nrfxlib/bsdlib/lib/cortex-m33/hard-float/libbsd_nrf9160_xxaa.a(tls_interface.c.o)
                0x0000000000012ab0                tls_interface_close
 .text.tls_interface_sendto
                0x0000000000012aec       0xb0 /Users/crfosse/nordic/ncs/nrfxlib/bsdlib/lib/cortex-m33/hard-float/libbsd_nrf9160_xxaa.a(tls_interface.c.o)
                0x0000000000012aec                tls_interface_sendto
 .text.tls_interface_recvfrom
                0x0000000000012b9c       0x94 /Users/crfosse/nordic/ncs/nrfxlib/bsdlib/lib/cortex-m33/hard-float/libbsd_nrf9160_xxaa.a(tls_interface.c.o)
                0x0000000000012b9c                tls_interface_recvfrom
 .text.tls_interface_bind
                0x0000000000012c30       0xfc /Users/crfosse/nordic/ncs/nrfxlib/bsdlib/lib/cortex-m33/hard-float/libbsd_nrf9160_xxaa.a(tls_interface.c.o)
                0x0000000000012c30                tls_interface_bind
 .text.tls_interface_connect
                0x0000000000012d2c       0x60 /Users/crfosse/nordic/ncs/nrfxlib/bsdlib/lib/cortex-m33/hard-float/libbsd_nrf9160_xxaa.a(tls_interface.c.o)
                0x0000000000012d2c                tls_interface_connect
 .text.tls_interface_listen
                0x0000000000012d8c      0x114 /Users/crfosse/nordic/ncs/nrfxlib/bsdlib/lib/cortex-m33/hard-float/libbsd_nrf9160_xxaa.a(tls_interface.c.o)
                0x0000000000012d8c                tls_interface_listen
 .text.tls_interface_accept
                0x0000000000012ea0       0xa0 /Users/crfosse/nordic/ncs/nrfxlib/bsdlib/lib/cortex-m33/hard-float/libbsd_nrf9160_xxaa.a(tls_interface.c.o)
                0x0000000000012ea0                tls_interface_accept
 .text.tls_interface_setopt
                0x0000000000012f40      0x148 /Users/crfosse/nordic/ncs/nrfxlib/bsdlib/lib/cortex-m33/hard-float/libbsd_nrf9160_xxaa.a(tls_interface.c.o)
                0x0000000000012f40                tls_interface_setopt
 .text.tls_interface_getopt
                0x0000000000013088       0xd4 /Users/crfosse/nordic/ncs/nrfxlib/bsdlib/lib/cortex-m33/hard-float/libbsd_nrf9160_xxaa.a(tls_interface.c.o)
                0x0000000000013088                tls_interface_getopt
 .text.tls_rpc_ip_event_handler
                0x000000000001315c      0x10c /Users/crfosse/nordic/ncs/nrfxlib/bsdlib/lib/cortex-m33/hard-float/libbsd_nrf9160_xxaa.a(tls_interface.c.o)
                0x000000000001315c                tls_rpc_ip_event_handler
 .text.rpc_dfu_event_handler
                0x0000000000013268       0x2c /Users/crfosse/nordic/ncs/nrfxlib/bsdlib/lib/cortex-m33/hard-float/libbsd_nrf9160_xxaa.a(mfu_interface.c.o)
                0x0000000000013268                rpc_dfu_event_handler
 .text.mfu_interface_init
                0x0000000000013294       0x38 /Users/crfosse/nordic/ncs/nrfxlib/bsdlib/lib/cortex-m33/hard-float/libbsd_nrf9160_xxaa.a(mfu_interface.c.o)
                0x0000000000013294                mfu_interface_init
 .text.mfu_interface_open
                0x00000000000132cc       0x3c /Users/crfosse/nordic/ncs/nrfxlib/bsdlib/lib/cortex-m33/hard-float/libbsd_nrf9160_xxaa.a(mfu_interface.c.o)
                0x00000000000132cc                mfu_interface_open
 .text.mfu_interface_close
                0x0000000000013308       0xdc /Users/crfosse/nordic/ncs/nrfxlib/bsdlib/lib/cortex-m33/hard-float/libbsd_nrf9160_xxaa.a(mfu_interface.c.o)
                0x0000000000013308                mfu_interface_close
 .text.mfu_interface_sendto
                0x00000000000133e4      0x184 /Users/crfosse/nordic/ncs/nrfxlib/bsdlib/lib/cortex-m33/hard-float/libbsd_nrf9160_xxaa.a(mfu_interface.c.o)
                0x00000000000133e4                mfu_interface_sendto
 .text.mfu_interface_setopt
                0x0000000000013568      0x130 /Users/crfosse/nordic/ncs/nrfxlib/bsdlib/lib/cortex-m33/hard-float/libbsd_nrf9160_xxaa.a(mfu_interface.c.o)
                0x0000000000013568                mfu_interface_setopt
 .text.mfu_interface_getopt
                0x0000000000013698      0x1b0 /Users/crfosse/nordic/ncs/nrfxlib/bsdlib/lib/cortex-m33/hard-float/libbsd_nrf9160_xxaa.a(mfu_interface.c.o)
                0x0000000000013698                mfu_interface_getopt
 .text.bsd_platform_error_handler
                0x0000000000013848        0x8 /Users/crfosse/nordic/ncs/nrfxlib/bsdlib/lib/cortex-m33/hard-float/libbsd_nrf9160_xxaa.a(bsd.c.o)
                0x0000000000013848                bsd_platform_error_handler
 .text.bsd_init
                0x0000000000013850       0x20 /Users/crfosse/nordic/ncs/nrfxlib/bsdlib/lib/cortex-m33/hard-float/libbsd_nrf9160_xxaa.a(bsd.c.o)
                0x0000000000013850                bsd_init
 .text.unimplemented_method
                0x0000000000013870       0x18 /Users/crfosse/nordic/ncs/nrfxlib/bsdlib/lib/cortex-m33/hard-float/libbsd_nrf9160_xxaa.a(bsd_platform.c.o)
 .text.rpc_transport_ipc_fault_handler
                0x0000000000013888        0x4 /Users/crfosse/nordic/ncs/nrfxlib/bsdlib/lib/cortex-m33/hard-float/libbsd_nrf9160_xxaa.a(bsd_platform.c.o)
                0x0000000000013888                rpc_transport_ipc_fault_handler
 .text.bsd_platform_init
                0x000000000001388c       0xcc /Users/crfosse/nordic/ncs/nrfxlib/bsdlib/lib/cortex-m33/hard-float/libbsd_nrf9160_xxaa.a(bsd_platform.c.o)
                0x000000000001388c                bsd_platform_init
 .text.bsd_platform_af_method_table_get
                0x0000000000013958       0xa8 /Users/crfosse/nordic/ncs/nrfxlib/bsdlib/lib/cortex-m33/hard-float/libbsd_nrf9160_xxaa.a(bsd_platform.c.o)
                0x0000000000013958                bsd_platform_af_method_table_get
 .text.bsd_platform_fd_method_table_get
                0x0000000000013a00       0xe0 /Users/crfosse/nordic/ncs/nrfxlib/bsdlib/lib/cortex-m33/hard-float/libbsd_nrf9160_xxaa.a(bsd_platform.c.o)
                0x0000000000013a00                bsd_platform_fd_method_table_get
 .text.bsd_platform_getaddrinfo
                0x0000000000013ae0        0x4 /Users/crfosse/nordic/ncs/nrfxlib/bsdlib/lib/cortex-m33/hard-float/libbsd_nrf9160_xxaa.a(bsd_platform_util.c.o)
                0x0000000000013ae0                bsd_platform_getaddrinfo
 .text.bsd_platform_freeaddrinfo
                0x0000000000013ae4        0x4 /Users/crfosse/nordic/ncs/nrfxlib/bsdlib/lib/cortex-m33/hard-float/libbsd_nrf9160_xxaa.a(bsd_platform_util.c.o)
                0x0000000000013ae4                bsd_platform_freeaddrinfo
 .text.bsd_platform_poll
                0x0000000000013ae8       0xb4 /Users/crfosse/nordic/ncs/nrfxlib/bsdlib/lib/cortex-m33/hard-float/libbsd_nrf9160_xxaa.a(bsd_platform_util.c.o)
                0x0000000000013ae8                bsd_platform_poll
 .text.bsd_platform_fcntl
                0x0000000000013b9c       0x20 /Users/crfosse/nordic/ncs/nrfxlib/bsdlib/lib/cortex-m33/hard-float/libbsd_nrf9160_xxaa.a(bsd_platform_util.c.o)
                0x0000000000013b9c                bsd_platform_fcntl
 .text.ipc_trace_init
                0x0000000000013bbc        0xc /Users/crfosse/nordic/ncs/nrfxlib/bsdlib/lib/cortex-m33/hard-float/libbsd_nrf9160_xxaa.a(ipc_trace.c.o)
                0x0000000000013bbc                ipc_trace_init
 .text.bsd_os_trace_irq_handler
                0x0000000000013bc8      0x1c4 /Users/crfosse/nordic/ncs/nrfxlib/bsdlib/lib/cortex-m33/hard-float/libbsd_nrf9160_xxaa.a(ipc_trace.c.o)
                0x0000000000013bc8                bsd_os_trace_irq_handler
 .text.ipc_trace_handle
                0x0000000000013d8c      0x2dc /Users/crfosse/nordic/ncs/nrfxlib/bsdlib/lib/cortex-m33/hard-float/libbsd_nrf9160_xxaa.a(ipc_trace.c.o)
                0x0000000000013d8c                ipc_trace_handle
 .text.rpc_trace_coredump_in_progress
                0x0000000000014068        0xc /Users/crfosse/nordic/ncs/nrfxlib/bsdlib/lib/cortex-m33/hard-float/libbsd_nrf9160_xxaa.a(ipc_trace.c.o)
                0x0000000000014068                rpc_trace_coredump_in_progress
 .text.transport_reset
                0x0000000000014074        0x4 /Users/crfosse/nordic/ncs/nrfxlib/bsdlib/lib/cortex-m33/hard-float/libbsd_nrf9160_xxaa.a(rpc_transport_ipc.c.o)
 .text.transport_data_free
                0x0000000000014078       0x38 /Users/crfosse/nordic/ncs/nrfxlib/bsdlib/lib/cortex-m33/hard-float/libbsd_nrf9160_xxaa.a(rpc_transport_ipc.c.o)
 .text.rpc_transport_ipc_init
                0x00000000000140b0       0x84 /Users/crfosse/nordic/ncs/nrfxlib/bsdlib/lib/cortex-m33/hard-float/libbsd_nrf9160_xxaa.a(rpc_transport_ipc.c.o)
                0x00000000000140b0                rpc_transport_ipc_init
 .text.rpc_transport_rx_handle
                0x0000000000014134       0x44 /Users/crfosse/nordic/ncs/nrfxlib/bsdlib/lib/cortex-m33/hard-float/libbsd_nrf9160_xxaa.a(rpc_transport_ipc.c.o)
                0x0000000000014134                rpc_transport_rx_handle
 .text.rpc_transport_ipc_rx_init
                0x0000000000014178      0x240 /Users/crfosse/nordic/ncs/nrfxlib/bsdlib/lib/cortex-m33/hard-float/libbsd_nrf9160_xxaa.a(rpc_transport_ipc_rx.c.o)
                0x0000000000014178                rpc_transport_ipc_rx_init
 .text.IPC_IRQHandler
                0x00000000000143b8      0x3dc /Users/crfosse/nordic/ncs/nrfxlib/bsdlib/lib/cortex-m33/hard-float/libbsd_nrf9160_xxaa.a(rpc_transport_ipc_rx.c.o)
                0x00000000000143b8                IPC_IRQHandler
 .text.rpc_transport_msg_free
                0x0000000000014794       0x6c /Users/crfosse/nordic/ncs/nrfxlib/bsdlib/lib/cortex-m33/hard-float/libbsd_nrf9160_xxaa.a(rpc_transport_ipc_rx.c.o)
                0x0000000000014794                rpc_transport_msg_free
 .text.rpc_transport_ipc_tx_init
                0x0000000000014800      0x1d4 /Users/crfosse/nordic/ncs/nrfxlib/bsdlib/lib/cortex-m33/hard-float/libbsd_nrf9160_xxaa.a(rpc_transport_ipc_tx.c.o)
                0x0000000000014800                rpc_transport_ipc_tx_init
 .text.rpc_transport_ipc_tx_send
                0x00000000000149d4      0x100 /Users/crfosse/nordic/ncs/nrfxlib/bsdlib/lib/cortex-m33/hard-float/libbsd_nrf9160_xxaa.a(rpc_transport_ipc_tx.c.o)
                0x00000000000149d4                rpc_transport_ipc_tx_send
 .text.rpc_transport_ipc_tx_rpc_data_alloc
                0x0000000000014ad4       0x70 /Users/crfosse/nordic/ncs/nrfxlib/bsdlib/lib/cortex-m33/hard-float/libbsd_nrf9160_xxaa.a(rpc_transport_ipc_tx.c.o)
                0x0000000000014ad4                rpc_transport_ipc_tx_rpc_data_alloc
 .text.rpc_transport_ipc_tx_rpc_ctrl_alloc
                0x0000000000014b44       0x60 /Users/crfosse/nordic/ncs/nrfxlib/bsdlib/lib/cortex-m33/hard-float/libbsd_nrf9160_xxaa.a(rpc_transport_ipc_tx.c.o)
                0x0000000000014b44                rpc_transport_ipc_tx_rpc_ctrl_alloc
 .text.rpc_transport_ipc_tx_data_alloc
                0x0000000000014ba4       0x14 /Users/crfosse/nordic/ncs/nrfxlib/bsdlib/lib/cortex-m33/hard-float/libbsd_nrf9160_xxaa.a(rpc_transport_ipc_tx.c.o)
                0x0000000000014ba4                rpc_transport_ipc_tx_data_alloc
 .text.ok_rsp_parser
                0x0000000000014bb8        0x4 /Users/crfosse/nordic/ncs/nrfxlib/bsdlib/lib/cortex-m33/hard-float/libbsd_nrf9160_xxaa.a(pdn_interface.c.o)
 .text.pdn_state_get_parser
                0x0000000000014bbc       0x6c /Users/crfosse/nordic/ncs/nrfxlib/bsdlib/lib/cortex-m33/hard-float/libbsd_nrf9160_xxaa.a(pdn_interface.c.o)
 .text.pdn_id_get_parser
                0x0000000000014c28       0x58 /Users/crfosse/nordic/ncs/nrfxlib/bsdlib/lib/cortex-m33/hard-float/libbsd_nrf9160_xxaa.a(pdn_interface.c.o)
 .text.context_create_parser
                0x0000000000014c80       0x58 /Users/crfosse/nordic/ncs/nrfxlib/bsdlib/lib/cortex-m33/hard-float/libbsd_nrf9160_xxaa.a(pdn_interface.c.o)
 .text.pdn_interface_init
                0x0000000000014cd8       0x34 /Users/crfosse/nordic/ncs/nrfxlib/bsdlib/lib/cortex-m33/hard-float/libbsd_nrf9160_xxaa.a(pdn_interface.c.o)
                0x0000000000014cd8                pdn_interface_init
 .text.pdn_interface_open
                0x0000000000014d0c      0x1c0 /Users/crfosse/nordic/ncs/nrfxlib/bsdlib/lib/cortex-m33/hard-float/libbsd_nrf9160_xxaa.a(pdn_interface.c.o)
                0x0000000000014d0c                pdn_interface_open
 .text.pdn_interface_connect
                0x0000000000014ecc      0x300 /Users/crfosse/nordic/ncs/nrfxlib/bsdlib/lib/cortex-m33/hard-float/libbsd_nrf9160_xxaa.a(pdn_interface.c.o)
                0x0000000000014ecc                pdn_interface_connect
 .text.pdn_interface_close
                0x00000000000151cc      0x1b8 /Users/crfosse/nordic/ncs/nrfxlib/bsdlib/lib/cortex-m33/hard-float/libbsd_nrf9160_xxaa.a(pdn_interface.c.o)
                0x00000000000151cc                pdn_interface_close
 .text.pdn_interface_setopt
                0x0000000000015384       0xb0 /Users/crfosse/nordic/ncs/nrfxlib/bsdlib/lib/cortex-m33/hard-float/libbsd_nrf9160_xxaa.a(pdn_interface.c.o)
                0x0000000000015384                pdn_interface_setopt
 .text.pdn_interface_getopt
                0x0000000000015434      0x198 /Users/crfosse/nordic/ncs/nrfxlib/bsdlib/lib/cortex-m33/hard-float/libbsd_nrf9160_xxaa.a(pdn_interface.c.o)
                0x0000000000015434                pdn_interface_getopt
 .text.pdn_interface_pdn_id_get
                0x00000000000155cc      0x7b4 /Users/crfosse/nordic/ncs/nrfxlib/bsdlib/lib/cortex-m33/hard-float/libbsd_nrf9160_xxaa.a(pdn_interface.c.o)
                0x00000000000155cc                pdn_interface_pdn_id_get
 .text.linked_list_init
                0x0000000000015d80       0x14 /Users/crfosse/nordic/ncs/nrfxlib/bsdlib/lib/cortex-m33/hard-float/libbsd_nrf9160_xxaa.a(linked_list.c.o)
                0x0000000000015d80                linked_list_init
 .text.linked_list_push
                0x0000000000015d94       0x2c /Users/crfosse/nordic/ncs/nrfxlib/bsdlib/lib/cortex-m33/hard-float/libbsd_nrf9160_xxaa.a(linked_list.c.o)
                0x0000000000015d94                linked_list_push
 .text.linked_list_pop
                0x0000000000015dc0       0x14 /Users/crfosse/nordic/ncs/nrfxlib/bsdlib/lib/cortex-m33/hard-float/libbsd_nrf9160_xxaa.a(linked_list.c.o)
                0x0000000000015dc0                linked_list_pop
 .text.linked_list_peek
                0x0000000000015dd4        0xc /Users/crfosse/nordic/ncs/nrfxlib/bsdlib/lib/cortex-m33/hard-float/libbsd_nrf9160_xxaa.a(linked_list.c.o)
                0x0000000000015dd4                linked_list_peek
 .text.linked_list_size_get
                0x0000000000015de0        0x4 /Users/crfosse/nordic/ncs/nrfxlib/bsdlib/lib/cortex-m33/hard-float/libbsd_nrf9160_xxaa.a(linked_list.c.o)
                0x0000000000015de0                linked_list_size_get
 .text.linked_list_get_next
                0x0000000000015de4        0x4 /Users/crfosse/nordic/ncs/nrfxlib/bsdlib/lib/cortex-m33/hard-float/libbsd_nrf9160_xxaa.a(linked_list.c.o)
                0x0000000000015de4                linked_list_get_next
 .text.nrf_socket
                0x0000000000015de8       0x24 /Users/crfosse/nordic/ncs/nrfxlib/bsdlib/lib/cortex-m33/hard-float/libbsd_nrf9160_xxaa.a(socket.c.o)
                0x0000000000015de8                nrf_socket
 .text.nrf_close
                0x0000000000015e0c       0x1c /Users/crfosse/nordic/ncs/nrfxlib/bsdlib/lib/cortex-m33/hard-float/libbsd_nrf9160_xxaa.a(socket.c.o)
                0x0000000000015e0c                nrf_close
 .text.nrf_sendto
                0x0000000000015e28       0x38 /Users/crfosse/nordic/ncs/nrfxlib/bsdlib/lib/cortex-m33/hard-float/libbsd_nrf9160_xxaa.a(socket.c.o)
                0x0000000000015e28                nrf_sendto
 .text.nrf_send
                0x0000000000015e60       0x34 /Users/crfosse/nordic/ncs/nrfxlib/bsdlib/lib/cortex-m33/hard-float/libbsd_nrf9160_xxaa.a(socket.c.o)
                0x0000000000015e60                nrf_send
 .text.nrf_recvfrom
                0x0000000000015e94       0x38 /Users/crfosse/nordic/ncs/nrfxlib/bsdlib/lib/cortex-m33/hard-float/libbsd_nrf9160_xxaa.a(socket.c.o)
                0x0000000000015e94                nrf_recvfrom
 .text.nrf_recv
                0x0000000000015ecc       0x34 /Users/crfosse/nordic/ncs/nrfxlib/bsdlib/lib/cortex-m33/hard-float/libbsd_nrf9160_xxaa.a(socket.c.o)
                0x0000000000015ecc                nrf_recv
 .text.nrf_connect
                0x0000000000015f00       0x24 /Users/crfosse/nordic/ncs/nrfxlib/bsdlib/lib/cortex-m33/hard-float/libbsd_nrf9160_xxaa.a(socket.c.o)
                0x0000000000015f00                nrf_connect
 .text.nrf_listen
                0x0000000000015f24       0x20 /Users/crfosse/nordic/ncs/nrfxlib/bsdlib/lib/cortex-m33/hard-float/libbsd_nrf9160_xxaa.a(socket.c.o)
                0x0000000000015f24                nrf_listen
 .text.nrf_accept
                0x0000000000015f44       0x2c /Users/crfosse/nordic/ncs/nrfxlib/bsdlib/lib/cortex-m33/hard-float/libbsd_nrf9160_xxaa.a(socket.c.o)
                0x0000000000015f44                nrf_accept
 .text.nrf_bind
                0x0000000000015f70       0x24 /Users/crfosse/nordic/ncs/nrfxlib/bsdlib/lib/cortex-m33/hard-float/libbsd_nrf9160_xxaa.a(socket.c.o)
                0x0000000000015f70                nrf_bind
 .text.nrf_setsockopt
                0x0000000000015f94       0x38 /Users/crfosse/nordic/ncs/nrfxlib/bsdlib/lib/cortex-m33/hard-float/libbsd_nrf9160_xxaa.a(socket.c.o)
                0x0000000000015f94                nrf_setsockopt
 .text.nrf_getsockopt
                0x0000000000015fcc       0x38 /Users/crfosse/nordic/ncs/nrfxlib/bsdlib/lib/cortex-m33/hard-float/libbsd_nrf9160_xxaa.a(socket.c.o)
                0x0000000000015fcc                nrf_getsockopt
 .text.nrf_getaddrinfo
                0x0000000000016004        0x4 /Users/crfosse/nordic/ncs/nrfxlib/bsdlib/lib/cortex-m33/hard-float/libbsd_nrf9160_xxaa.a(socket.c.o)
                0x0000000000016004                nrf_getaddrinfo
 .text.nrf_freeaddrinfo
                0x0000000000016008        0x4 /Users/crfosse/nordic/ncs/nrfxlib/bsdlib/lib/cortex-m33/hard-float/libbsd_nrf9160_xxaa.a(socket.c.o)
                0x0000000000016008                nrf_freeaddrinfo
 .text.nrf_poll
                0x000000000001600c        0x4 /Users/crfosse/nordic/ncs/nrfxlib/bsdlib/lib/cortex-m33/hard-float/libbsd_nrf9160_xxaa.a(socket.c.o)
                0x000000000001600c                nrf_poll
 .text.nrf_fcntl
                0x0000000000016010        0x4 /Users/crfosse/nordic/ncs/nrfxlib/bsdlib/lib/cortex-m33/hard-float/libbsd_nrf9160_xxaa.a(socket.c.o)
                0x0000000000016010                nrf_fcntl
 .text.at_client_evt_handler
                0x0000000000016014       0x10 /Users/crfosse/nordic/ncs/nrfxlib/bsdlib/lib/cortex-m33/hard-float/libbsd_nrf9160_xxaa.a(rpc_at_client.c.o)
 .text.rpc_at_client_init
                0x0000000000016024        0xc /Users/crfosse/nordic/ncs/nrfxlib/bsdlib/lib/cortex-m33/hard-float/libbsd_nrf9160_xxaa.a(rpc_at_client.c.o)
                0x0000000000016024                rpc_at_client_init
 .text.rpc_at_client_request_alloc
                0x0000000000016030       0x28 /Users/crfosse/nordic/ncs/nrfxlib/bsdlib/lib/cortex-m33/hard-float/libbsd_nrf9160_xxaa.a(rpc_at_client.c.o)
                0x0000000000016030                rpc_at_client_request_alloc
 .text.rpc_at_client_request_send
                0x0000000000016058       0x1c /Users/crfosse/nordic/ncs/nrfxlib/bsdlib/lib/cortex-m33/hard-float/libbsd_nrf9160_xxaa.a(rpc_at_client.c.o)
                0x0000000000016058                rpc_at_client_request_send
 .text.rpc_at_client_message_free
                0x0000000000016074       0x10 /Users/crfosse/nordic/ncs/nrfxlib/bsdlib/lib/cortex-m33/hard-float/libbsd_nrf9160_xxaa.a(rpc_at_client.c.o)
                0x0000000000016074                rpc_at_client_message_free
 .text.rpc_at_client_data_free
                0x0000000000016084       0x10 /Users/crfosse/nordic/ncs/nrfxlib/bsdlib/lib/cortex-m33/hard-float/libbsd_nrf9160_xxaa.a(rpc_at_client.c.o)
                0x0000000000016084                rpc_at_client_data_free
 .text.ip_recvd_packet_free_cb
                0x0000000000016094       0x18 /Users/crfosse/nordic/ncs/nrfxlib/bsdlib/lib/cortex-m33/hard-float/libbsd_nrf9160_xxaa.a(ip_interface.c.o)
 .text.rpc_error_to_nrf_bsd_error
                0x00000000000160ac       0x14 /Users/crfosse/nordic/ncs/nrfxlib/bsdlib/lib/cortex-m33/hard-float/libbsd_nrf9160_xxaa.a(ip_interface.c.o)
                0x00000000000160ac                rpc_error_to_nrf_bsd_error
 .text.ip_interface_request_create
                0x00000000000160c0       0x40 /Users/crfosse/nordic/ncs/nrfxlib/bsdlib/lib/cortex-m33/hard-float/libbsd_nrf9160_xxaa.a(ip_interface.c.o)
                0x00000000000160c0                ip_interface_request_create
 .text.ip_interface_request_send
                0x0000000000016100       0x28 /Users/crfosse/nordic/ncs/nrfxlib/bsdlib/lib/cortex-m33/hard-float/libbsd_nrf9160_xxaa.a(ip_interface.c.o)
                0x0000000000016100                ip_interface_request_send
 .text.ip_interface_wait
                0x0000000000016128       0x28 /Users/crfosse/nordic/ncs/nrfxlib/bsdlib/lib/cortex-m33/hard-float/libbsd_nrf9160_xxaa.a(ip_interface.c.o)
                0x0000000000016128                ip_interface_wait
 .text.ip_interface_init
                0x0000000000016150       0x30 /Users/crfosse/nordic/ncs/nrfxlib/bsdlib/lib/cortex-m33/hard-float/libbsd_nrf9160_xxaa.a(ip_interface.c.o)
                0x0000000000016150                ip_interface_init
 .text.ip_interface_open
                0x0000000000016180      0x158 /Users/crfosse/nordic/ncs/nrfxlib/bsdlib/lib/cortex-m33/hard-float/libbsd_nrf9160_xxaa.a(ip_interface.c.o)
                0x0000000000016180                ip_interface_open
 .text.ip_interface_close
                0x00000000000162d8       0xe0 /Users/crfosse/nordic/ncs/nrfxlib/bsdlib/lib/cortex-m33/hard-float/libbsd_nrf9160_xxaa.a(ip_interface.c.o)
                0x00000000000162d8                ip_interface_close
 .text.ip_interface_sendto
                0x00000000000163b8      0x274 /Users/crfosse/nordic/ncs/nrfxlib/bsdlib/lib/cortex-m33/hard-float/libbsd_nrf9160_xxaa.a(ip_interface.c.o)
                0x00000000000163b8                ip_interface_sendto
 .text.ip_interface_recvfrom
                0x000000000001662c      0x258 /Users/crfosse/nordic/ncs/nrfxlib/bsdlib/lib/cortex-m33/hard-float/libbsd_nrf9160_xxaa.a(ip_interface.c.o)
                0x000000000001662c                ip_interface_recvfrom
 .text.ip_interface_connect
                0x0000000000016884      0x154 /Users/crfosse/nordic/ncs/nrfxlib/bsdlib/lib/cortex-m33/hard-float/libbsd_nrf9160_xxaa.a(ip_interface.c.o)
                0x0000000000016884                ip_interface_connect
 .text.ip_interface_bind
                0x00000000000169d8      0x12c /Users/crfosse/nordic/ncs/nrfxlib/bsdlib/lib/cortex-m33/hard-float/libbsd_nrf9160_xxaa.a(ip_interface.c.o)
                0x00000000000169d8                ip_interface_bind
 .text.ip_interface_listen
                0x0000000000016b04       0xec /Users/crfosse/nordic/ncs/nrfxlib/bsdlib/lib/cortex-m33/hard-float/libbsd_nrf9160_xxaa.a(ip_interface.c.o)
                0x0000000000016b04                ip_interface_listen
 .text.ip_interface_accept
                0x0000000000016bf0      0x270 /Users/crfosse/nordic/ncs/nrfxlib/bsdlib/lib/cortex-m33/hard-float/libbsd_nrf9160_xxaa.a(ip_interface.c.o)
                0x0000000000016bf0                ip_interface_accept
 .text.ip_interface_setopt
                0x0000000000016e60      0x178 /Users/crfosse/nordic/ncs/nrfxlib/bsdlib/lib/cortex-m33/hard-float/libbsd_nrf9160_xxaa.a(ip_interface.c.o)
                0x0000000000016e60                ip_interface_setopt
 .text.ip_interface_getopt
                0x0000000000016fd8        0x4 /Users/crfosse/nordic/ncs/nrfxlib/bsdlib/lib/cortex-m33/hard-float/libbsd_nrf9160_xxaa.a(ip_interface.c.o)
                0x0000000000016fd8                ip_interface_getopt
 .text.ip_interface_getaddrinfo
                0x0000000000016fdc      0x1ec /Users/crfosse/nordic/ncs/nrfxlib/bsdlib/lib/cortex-m33/hard-float/libbsd_nrf9160_xxaa.a(ip_interface.c.o)
                0x0000000000016fdc                ip_interface_getaddrinfo
 .text.ip_interface_freeaddrinfo
                0x00000000000171c8       0x3c /Users/crfosse/nordic/ncs/nrfxlib/bsdlib/lib/cortex-m33/hard-float/libbsd_nrf9160_xxaa.a(ip_interface.c.o)
                0x00000000000171c8                ip_interface_freeaddrinfo
 .text.rpc_ip_event_handler
                0x0000000000017204      0x4ec /Users/crfosse/nordic/ncs/nrfxlib/bsdlib/lib/cortex-m33/hard-float/libbsd_nrf9160_xxaa.a(ip_interface.c.o)
                0x0000000000017204                rpc_ip_event_handler
 .text.interface_init
                0x00000000000176f0       0x18 /Users/crfosse/nordic/ncs/nrfxlib/bsdlib/lib/cortex-m33/hard-float/libbsd_nrf9160_xxaa.a(interface.c.o)
                0x00000000000176f0                interface_init
 .text.interface_socket_allocate
                0x0000000000017708       0xbc /Users/crfosse/nordic/ncs/nrfxlib/bsdlib/lib/cortex-m33/hard-float/libbsd_nrf9160_xxaa.a(interface.c.o)
                0x0000000000017708                interface_socket_allocate
 .text.interface_socket_free
                0x00000000000177c4       0x2c /Users/crfosse/nordic/ncs/nrfxlib/bsdlib/lib/cortex-m33/hard-float/libbsd_nrf9160_xxaa.a(interface.c.o)
                0x00000000000177c4                interface_socket_free
 .text.interface_socket_packet_handler_update
                0x00000000000177f0       0x70 /Users/crfosse/nordic/ncs/nrfxlib/bsdlib/lib/cortex-m33/hard-float/libbsd_nrf9160_xxaa.a(interface.c.o)
                0x00000000000177f0                interface_socket_packet_handler_update
 .text.interface_socket_wait
                0x0000000000017860       0x44 /Users/crfosse/nordic/ncs/nrfxlib/bsdlib/lib/cortex-m33/hard-float/libbsd_nrf9160_xxaa.a(interface.c.o)
                0x0000000000017860                interface_socket_wait
 .text.interface_from_internal_id_search
                0x00000000000178a4       0xa4 /Users/crfosse/nordic/ncs/nrfxlib/bsdlib/lib/cortex-m33/hard-float/libbsd_nrf9160_xxaa.a(interface.c.o)
                0x00000000000178a4                interface_from_internal_id_search
 .text.interface_socket_from_handle_get
                0x0000000000017948       0x1c /Users/crfosse/nordic/ncs/nrfxlib/bsdlib/lib/cortex-m33/hard-float/libbsd_nrf9160_xxaa.a(interface.c.o)
                0x0000000000017948                interface_socket_from_handle_get
 .text.interface_socket_event_get
                0x0000000000017964       0x34 /Users/crfosse/nordic/ncs/nrfxlib/bsdlib/lib/cortex-m33/hard-float/libbsd_nrf9160_xxaa.a(interface.c.o)
                0x0000000000017964                interface_socket_event_get
 .text.interface_socket_setopt
                0x0000000000017998       0x6c /Users/crfosse/nordic/ncs/nrfxlib/bsdlib/lib/cortex-m33/hard-float/libbsd_nrf9160_xxaa.a(interface.c.o)
                0x0000000000017998                interface_socket_setopt
 .text.interface_socket_getopt
                0x0000000000017a04       0x5c /Users/crfosse/nordic/ncs/nrfxlib/bsdlib/lib/cortex-m33/hard-float/libbsd_nrf9160_xxaa.a(interface.c.o)
                0x0000000000017a04                interface_socket_getopt
 .text.interface_socket_fcntl
                0x0000000000017a60       0x54 /Users/crfosse/nordic/ncs/nrfxlib/bsdlib/lib/cortex-m33/hard-float/libbsd_nrf9160_xxaa.a(interface.c.o)
                0x0000000000017a60                interface_socket_fcntl
 .text.bsd_os_application_irq_handler
                0x0000000000017ab4       0xe0 /Users/crfosse/nordic/ncs/nrfxlib/bsdlib/lib/cortex-m33/hard-float/libbsd_nrf9160_xxaa.a(rpc_framework.c.o)
                0x0000000000017ab4                bsd_os_application_irq_handler
 .text.rpc_framework_init
                0x0000000000017b94       0x14 /Users/crfosse/nordic/ncs/nrfxlib/bsdlib/lib/cortex-m33/hard-float/libbsd_nrf9160_xxaa.a(rpc_framework.c.o)
                0x0000000000017b94                rpc_framework_init
 .text.rpc_client_register
                0x0000000000017ba8       0xd4 /Users/crfosse/nordic/ncs/nrfxlib/bsdlib/lib/cortex-m33/hard-float/libbsd_nrf9160_xxaa.a(rpc_framework.c.o)
                0x0000000000017ba8                rpc_client_register
 .text.rpc_transport_input
                0x0000000000017c7c      0x21c /Users/crfosse/nordic/ncs/nrfxlib/bsdlib/lib/cortex-m33/hard-float/libbsd_nrf9160_xxaa.a(rpc_framework.c.o)
                0x0000000000017c7c                rpc_transport_input
 .text.rpc_transport_register
                0x0000000000017e98       0xc0 /Users/crfosse/nordic/ncs/nrfxlib/bsdlib/lib/cortex-m33/hard-float/libbsd_nrf9160_xxaa.a(rpc_framework.c.o)
                0x0000000000017e98                rpc_transport_register
 .text.rpc_transport_unregister
                0x0000000000017f58       0x90 /Users/crfosse/nordic/ncs/nrfxlib/bsdlib/lib/cortex-m33/hard-float/libbsd_nrf9160_xxaa.a(rpc_framework.c.o)
                0x0000000000017f58                rpc_transport_unregister
 .text.rpc_message_send
                0x0000000000017fe8       0x30 /Users/crfosse/nordic/ncs/nrfxlib/bsdlib/lib/cortex-m33/hard-float/libbsd_nrf9160_xxaa.a(rpc_framework.c.o)
                0x0000000000017fe8                rpc_message_send
 .text.rpc_message_alloc
                0x0000000000018018       0x64 /Users/crfosse/nordic/ncs/nrfxlib/bsdlib/lib/cortex-m33/hard-float/libbsd_nrf9160_xxaa.a(rpc_framework.c.o)
                0x0000000000018018                rpc_message_alloc
 .text.rpc_message_free
                0x000000000001807c      0x224 /Users/crfosse/nordic/ncs/nrfxlib/bsdlib/lib/cortex-m33/hard-float/libbsd_nrf9160_xxaa.a(rpc_framework.c.o)
                0x000000000001807c                rpc_message_free
 .text.rpc_message_data_free
                0x00000000000182a0      0x220 /Users/crfosse/nordic/ncs/nrfxlib/bsdlib/lib/cortex-m33/hard-float/libbsd_nrf9160_xxaa.a(rpc_framework.c.o)
                0x00000000000182a0                rpc_message_data_free
 .text.packet_free_cb
                0x00000000000184c0       0x1c /Users/crfosse/nordic/ncs/nrfxlib/bsdlib/lib/cortex-m33/hard-float/libbsd_nrf9160_xxaa.a(gnss_interface.c.o)
 .text.rpc_gnss_event_handler
                0x00000000000184dc      0x1a8 /Users/crfosse/nordic/ncs/nrfxlib/bsdlib/lib/cortex-m33/hard-float/libbsd_nrf9160_xxaa.a(gnss_interface.c.o)
                0x00000000000184dc                rpc_gnss_event_handler
 .text.gnss_interface_write
                0x0000000000018684      0x1f0 /Users/crfosse/nordic/ncs/nrfxlib/bsdlib/lib/cortex-m33/hard-float/libbsd_nrf9160_xxaa.a(gnss_interface.c.o)
                0x0000000000018684                gnss_interface_write
 .text.gnss_interface_read
                0x0000000000018874      0x400 /Users/crfosse/nordic/ncs/nrfxlib/bsdlib/lib/cortex-m33/hard-float/libbsd_nrf9160_xxaa.a(gnss_interface.c.o)
                0x0000000000018874                gnss_interface_read
 .text.gnss_interface_setopt
                0x0000000000018c74      0x294 /Users/crfosse/nordic/ncs/nrfxlib/bsdlib/lib/cortex-m33/hard-float/libbsd_nrf9160_xxaa.a(gnss_interface.c.o)
                0x0000000000018c74                gnss_interface_setopt
 .text.gnss_interface_getopt
                0x0000000000018f08      0x220 /Users/crfosse/nordic/ncs/nrfxlib/bsdlib/lib/cortex-m33/hard-float/libbsd_nrf9160_xxaa.a(gnss_interface.c.o)
                0x0000000000018f08                gnss_interface_getopt
 .text.gnss_interface_init
                0x0000000000019128       0x3c /Users/crfosse/nordic/ncs/nrfxlib/bsdlib/lib/cortex-m33/hard-float/libbsd_nrf9160_xxaa.a(gnss_interface.c.o)
                0x0000000000019128                gnss_interface_init
 .text.gnss_interface_open
                0x0000000000019164       0x70 /Users/crfosse/nordic/ncs/nrfxlib/bsdlib/lib/cortex-m33/hard-float/libbsd_nrf9160_xxaa.a(gnss_interface.c.o)
                0x0000000000019164                gnss_interface_open
 .text.gnss_interface_close
                0x00000000000191d4       0x5c /Users/crfosse/nordic/ncs/nrfxlib/bsdlib/lib/cortex-m33/hard-float/libbsd_nrf9160_xxaa.a(gnss_interface.c.o)
                0x00000000000191d4                gnss_interface_close
 .text.rpc_gnss_serialize_utc
                0x0000000000019230       0x44 /Users/crfosse/nordic/ncs/nrfxlib/bsdlib/lib/cortex-m33/hard-float/libbsd_nrf9160_xxaa.a(rpc_gnss_agps_serializer.c.o)
                0x0000000000019230                rpc_gnss_serialize_utc
 .text.rpc_gnss_serialize_ephe
                0x0000000000019274       0xa4 /Users/crfosse/nordic/ncs/nrfxlib/bsdlib/lib/cortex-m33/hard-float/libbsd_nrf9160_xxaa.a(rpc_gnss_agps_serializer.c.o)
                0x0000000000019274                rpc_gnss_serialize_ephe
 .text.rpc_gnss_serialize_alm
                0x0000000000019318       0x64 /Users/crfosse/nordic/ncs/nrfxlib/bsdlib/lib/cortex-m33/hard-float/libbsd_nrf9160_xxaa.a(rpc_gnss_agps_serializer.c.o)
                0x0000000000019318                rpc_gnss_serialize_alm
 .text.rpc_gnss_serialize_klob
                0x000000000001937c       0x48 /Users/crfosse/nordic/ncs/nrfxlib/bsdlib/lib/cortex-m33/hard-float/libbsd_nrf9160_xxaa.a(rpc_gnss_agps_serializer.c.o)
                0x000000000001937c                rpc_gnss_serialize_klob
 .text.rpc_gnss_serialize_nequick
                0x00000000000193c4       0x34 /Users/crfosse/nordic/ncs/nrfxlib/bsdlib/lib/cortex-m33/hard-float/libbsd_nrf9160_xxaa.a(rpc_gnss_agps_serializer.c.o)
                0x00000000000193c4                rpc_gnss_serialize_nequick
 .text.rpc_gnss_serialize_time_and_sv_tow
                0x00000000000193f8       0x50 /Users/crfosse/nordic/ncs/nrfxlib/bsdlib/lib/cortex-m33/hard-float/libbsd_nrf9160_xxaa.a(rpc_gnss_agps_serializer.c.o)
                0x00000000000193f8                rpc_gnss_serialize_time_and_sv_tow
 .text.rpc_gnss_serialize_location
                0x0000000000019448       0x40 /Users/crfosse/nordic/ncs/nrfxlib/bsdlib/lib/cortex-m33/hard-float/libbsd_nrf9160_xxaa.a(rpc_gnss_agps_serializer.c.o)
                0x0000000000019448                rpc_gnss_serialize_location
 .text.rpc_gnss_serialize_integrity
                0x0000000000019488       0x1c /Users/crfosse/nordic/ncs/nrfxlib/bsdlib/lib/cortex-m33/hard-float/libbsd_nrf9160_xxaa.a(rpc_gnss_agps_serializer.c.o)
                0x0000000000019488                rpc_gnss_serialize_integrity
 .text.gnss_client_event_handler
                0x00000000000194a4        0xc /Users/crfosse/nordic/ncs/nrfxlib/bsdlib/lib/cortex-m33/hard-float/libbsd_nrf9160_xxaa.a(rpc_gnss_client.c.o)
 .text.rpc_gnss_client_init
                0x00000000000194b0        0xc /Users/crfosse/nordic/ncs/nrfxlib/bsdlib/lib/cortex-m33/hard-float/libbsd_nrf9160_xxaa.a(rpc_gnss_client.c.o)
                0x00000000000194b0                rpc_gnss_client_init
 .text.rpc_gnss_client_request_alloc
                0x00000000000194bc       0x28 /Users/crfosse/nordic/ncs/nrfxlib/bsdlib/lib/cortex-m33/hard-float/libbsd_nrf9160_xxaa.a(rpc_gnss_client.c.o)
                0x00000000000194bc                rpc_gnss_client_request_alloc
 .text.rpc_gnss_client_request_send
                0x00000000000194e4       0x2c /Users/crfosse/nordic/ncs/nrfxlib/bsdlib/lib/cortex-m33/hard-float/libbsd_nrf9160_xxaa.a(rpc_gnss_client.c.o)
                0x00000000000194e4                rpc_gnss_client_request_send
 .text.rpc_gnss_client_message_free
                0x0000000000019510       0x10 /Users/crfosse/nordic/ncs/nrfxlib/bsdlib/lib/cortex-m33/hard-float/libbsd_nrf9160_xxaa.a(rpc_gnss_client.c.o)
                0x0000000000019510                rpc_gnss_client_message_free
 .text.rpc_gnss_client_data_free
                0x0000000000019520       0x10 /Users/crfosse/nordic/ncs/nrfxlib/bsdlib/lib/cortex-m33/hard-float/libbsd_nrf9160_xxaa.a(rpc_gnss_client.c.o)
                0x0000000000019520                rpc_gnss_client_data_free
 .text.datagram_handler_init
                0x0000000000019530       0x1c /Users/crfosse/nordic/ncs/nrfxlib/bsdlib/lib/cortex-m33/hard-float/libbsd_nrf9160_xxaa.a(datagram_handler.c.o)
                0x0000000000019530                datagram_handler_init
 .text.datagram_handler_put
                0x000000000001954c       0x40 /Users/crfosse/nordic/ncs/nrfxlib/bsdlib/lib/cortex-m33/hard-float/libbsd_nrf9160_xxaa.a(datagram_handler.c.o)
                0x000000000001954c                datagram_handler_put
 .text.datagram_handler_get
                0x000000000001958c       0x8c /Users/crfosse/nordic/ncs/nrfxlib/bsdlib/lib/cortex-m33/hard-float/libbsd_nrf9160_xxaa.a(datagram_handler.c.o)
                0x000000000001958c                datagram_handler_get
 .text.datagram_handler_available
                0x0000000000019618       0x14 /Users/crfosse/nordic/ncs/nrfxlib/bsdlib/lib/cortex-m33/hard-float/libbsd_nrf9160_xxaa.a(datagram_handler.c.o)
                0x0000000000019618                datagram_handler_available
 .text.datagram_handler_flush
                0x000000000001962c       0x48 /Users/crfosse/nordic/ncs/nrfxlib/bsdlib/lib/cortex-m33/hard-float/libbsd_nrf9160_xxaa.a(datagram_handler.c.o)
                0x000000000001962c                datagram_handler_flush
 .text.datagram_handler_free
                0x0000000000019674       0x4c /Users/crfosse/nordic/ncs/nrfxlib/bsdlib/lib/cortex-m33/hard-float/libbsd_nrf9160_xxaa.a(datagram_handler.c.o)
                0x0000000000019674                datagram_handler_free
 .text.null_handler_init
                0x00000000000196c0        0x4 /Users/crfosse/nordic/ncs/nrfxlib/bsdlib/lib/cortex-m33/hard-float/libbsd_nrf9160_xxaa.a(null_handler.c.o)
                0x00000000000196c0                null_handler_init
 .text.null_handler_put
                0x00000000000196c4       0x10 /Users/crfosse/nordic/ncs/nrfxlib/bsdlib/lib/cortex-m33/hard-float/libbsd_nrf9160_xxaa.a(null_handler.c.o)
                0x00000000000196c4                null_handler_put
 .text.null_handler_get
                0x00000000000196d4        0x8 /Users/crfosse/nordic/ncs/nrfxlib/bsdlib/lib/cortex-m33/hard-float/libbsd_nrf9160_xxaa.a(null_handler.c.o)
                0x00000000000196d4                null_handler_get
 .text.null_handler_available
                0x00000000000196dc        0x8 /Users/crfosse/nordic/ncs/nrfxlib/bsdlib/lib/cortex-m33/hard-float/libbsd_nrf9160_xxaa.a(null_handler.c.o)
                0x00000000000196dc                null_handler_available
 .text.null_handler_flush
                0x00000000000196e4        0x4 /Users/crfosse/nordic/ncs/nrfxlib/bsdlib/lib/cortex-m33/hard-float/libbsd_nrf9160_xxaa.a(null_handler.c.o)
                0x00000000000196e4                null_handler_flush
 .text.null_handler_free
                0x00000000000196e8        0x4 /Users/crfosse/nordic/ncs/nrfxlib/bsdlib/lib/cortex-m33/hard-float/libbsd_nrf9160_xxaa.a(null_handler.c.o)
                0x00000000000196e8                null_handler_free
 .text.packet_handler_create
                0x00000000000196ec       0x40 /Users/crfosse/nordic/ncs/nrfxlib/bsdlib/lib/cortex-m33/hard-float/libbsd_nrf9160_xxaa.a(packet_handler_factory.c.o)
                0x00000000000196ec                packet_handler_create
 .text.packet_handler_delete
                0x000000000001972c       0x1c /Users/crfosse/nordic/ncs/nrfxlib/bsdlib/lib/cortex-m33/hard-float/libbsd_nrf9160_xxaa.a(packet_handler_factory.c.o)
                0x000000000001972c                packet_handler_delete
 .text.stream_handler_init
                0x0000000000019748       0x20 /Users/crfosse/nordic/ncs/nrfxlib/bsdlib/lib/cortex-m33/hard-float/libbsd_nrf9160_xxaa.a(stream_handler.c.o)
                0x0000000000019748                stream_handler_init
 .text.stream_handler_put
                0x0000000000019768       0x40 /Users/crfosse/nordic/ncs/nrfxlib/bsdlib/lib/cortex-m33/hard-float/libbsd_nrf9160_xxaa.a(stream_handler.c.o)
                0x0000000000019768                stream_handler_put
 .text.stream_handler_get
                0x00000000000197a8      0x104 /Users/crfosse/nordic/ncs/nrfxlib/bsdlib/lib/cortex-m33/hard-float/libbsd_nrf9160_xxaa.a(stream_handler.c.o)
                0x00000000000197a8                stream_handler_get
 .text.stream_handler_available
                0x00000000000198ac       0x28 /Users/crfosse/nordic/ncs/nrfxlib/bsdlib/lib/cortex-m33/hard-float/libbsd_nrf9160_xxaa.a(stream_handler.c.o)
                0x00000000000198ac                stream_handler_available
 .text.stream_handler_flush
                0x00000000000198d4       0x48 /Users/crfosse/nordic/ncs/nrfxlib/bsdlib/lib/cortex-m33/hard-float/libbsd_nrf9160_xxaa.a(stream_handler.c.o)
                0x00000000000198d4                stream_handler_flush
 .text.stream_handler_free
                0x000000000001991c       0x4c /Users/crfosse/nordic/ncs/nrfxlib/bsdlib/lib/cortex-m33/hard-float/libbsd_nrf9160_xxaa.a(stream_handler.c.o)
                0x000000000001991c                stream_handler_free
 .text.SystemInit
                0x0000000000019968       0x2c modules/nordic/lib..__modules__hal__nordic.a(system_nrf9160.c.obj)
                0x0000000000019968                SystemInit
 .text.z_sys_device_do_config_level
                0x0000000000019994       0x2c zephyr/kernel/libkernel.a(device.c.obj)
                0x0000000000019994                z_sys_device_do_config_level
 .text.z_impl_device_get_binding
                0x00000000000199c0       0x4c zephyr/kernel/libkernel.a(device.c.obj)
                0x00000000000199c0                z_impl_device_get_binding
 .text.z_impl_z_errno
                0x0000000000019a0c        0xc zephyr/kernel/libkernel.a(errno.c.obj)
                0x0000000000019a0c                z_impl_z_errno
 .text.z_fatal_error
                0x0000000000019a18       0xcc zephyr/kernel/libkernel.a(fatal.c.obj)
                0x0000000000019a18                z_fatal_error
 .text.idle     0x0000000000019ae4       0x34 zephyr/kernel/libkernel.a(idle.c.obj)
                0x0000000000019ae4                idle
 .text.z_bss_zero
                0x0000000000019b18       0x14 zephyr/kernel/libkernel.a(init.c.obj)
                0x0000000000019b18                z_bss_zero
 .text.z_data_copy
                0x0000000000019b2c       0x34 zephyr/kernel/libkernel.a(init.c.obj)
                0x0000000000019b2c                z_data_copy
 .text.bg_thread_main
                0x0000000000019b60       0x30 zephyr/kernel/libkernel.a(init.c.obj)
 .text.z_cstart
                0x0000000000019b90      0x10c zephyr/kernel/libkernel.a(init.c.obj)
                0x0000000000019b90                z_cstart
 .text.init_mem_slab_module
                0x0000000000019c9c       0x44 zephyr/kernel/libkernel.a(mem_slab.c.obj)
 .text.k_mem_slab_alloc
                0x0000000000019ce0       0x58 zephyr/kernel/libkernel.a(mem_slab.c.obj)
                0x0000000000019ce0                k_mem_slab_alloc
 .text.k_mem_slab_free
                0x0000000000019d38       0x5c zephyr/kernel/libkernel.a(mem_slab.c.obj)
                0x0000000000019d38                k_mem_slab_free
 .text.init_static_pools
                0x0000000000019d94       0x28 zephyr/kernel/libkernel.a(mempool.c.obj)
                0x0000000000019d94                init_static_pools
 .text.k_mem_pool_alloc
                0x0000000000019dbc       0x98 zephyr/kernel/libkernel.a(mempool.c.obj)
                0x0000000000019dbc                k_mem_pool_alloc
 .text.k_mem_pool_free_id
                0x0000000000019e54       0x58 zephyr/kernel/libkernel.a(mempool.c.obj)
                0x0000000000019e54                k_mem_pool_free_id
 .text.k_malloc
                0x0000000000019eac        0xc zephyr/kernel/libkernel.a(mempool.c.obj)
                0x0000000000019eac                k_malloc
 .text.z_thread_malloc
                0x0000000000019eb8       0x2c zephyr/kernel/libkernel.a(mempool.c.obj)
                0x0000000000019eb8                z_thread_malloc
 .text.z_impl_k_msgq_put
                0x0000000000019ee4       0xa4 zephyr/kernel/libkernel.a(msg_q.c.obj)
                0x0000000000019ee4                z_impl_k_msgq_put
 .text.z_impl_k_msgq_get
                0x0000000000019f88       0xbc zephyr/kernel/libkernel.a(msg_q.c.obj)
                0x0000000000019f88                z_impl_k_msgq_get
 .text.z_impl_k_mutex_lock
                0x000000000001a044       0xe4 zephyr/kernel/libkernel.a(mutex.c.obj)
                0x000000000001a044                z_impl_k_mutex_lock
 .text.z_impl_k_mutex_unlock
                0x000000000001a128       0x98 zephyr/kernel/libkernel.a(mutex.c.obj)
                0x000000000001a128                z_impl_k_mutex_unlock
 .text.z_reset_time_slice
                0x000000000001a1c0       0x2c zephyr/kernel/libkernel.a(sched.c.obj)
                0x000000000001a1c0                z_reset_time_slice
 .text.k_sched_time_slice_set
                0x000000000001a1ec       0x58 zephyr/kernel/libkernel.a(sched.c.obj)
                0x000000000001a1ec                k_sched_time_slice_set
 .text.k_sched_lock
                0x000000000001a244       0x28 zephyr/kernel/libkernel.a(sched.c.obj)
                0x000000000001a244                k_sched_lock
 .text.z_priq_dumb_remove
                0x000000000001a26c       0x2c zephyr/kernel/libkernel.a(sched.c.obj)
                0x000000000001a26c                z_priq_dumb_remove
 .text.update_cache
                0x000000000001a298       0x3c zephyr/kernel/libkernel.a(sched.c.obj)
 .text.k_sched_unlock
                0x000000000001a2d4       0x38 zephyr/kernel/libkernel.a(sched.c.obj)
                0x000000000001a2d4                k_sched_unlock
 .text.z_add_thread_to_ready_q
                0x000000000001a30c       0x6c zephyr/kernel/libkernel.a(sched.c.obj)
                0x000000000001a30c                z_add_thread_to_ready_q
 .text.z_move_thread_to_end_of_prio_q
                0x000000000001a378       0x88 zephyr/kernel/libkernel.a(sched.c.obj)
                0x000000000001a378                z_move_thread_to_end_of_prio_q
 .text.z_time_slice
                0x000000000001a400       0x6c zephyr/kernel/libkernel.a(sched.c.obj)
                0x000000000001a400                z_time_slice
 .text.z_thread_single_suspend
                0x000000000001a46c       0x68 zephyr/kernel/libkernel.a(sched.c.obj)
                0x000000000001a46c                z_thread_single_suspend
 .text.z_thread_single_abort
                0x000000000001a4d4       0x88 zephyr/kernel/libkernel.a(sched.c.obj)
                0x000000000001a4d4                z_thread_single_abort
 .text.z_remove_thread_from_ready_q
                0x000000000001a55c       0x4c zephyr/kernel/libkernel.a(sched.c.obj)
                0x000000000001a55c                z_remove_thread_from_ready_q
 .text.pend     0x000000000001a5a8       0x88 zephyr/kernel/libkernel.a(sched.c.obj)
 .text.z_pend_curr_irqlock
                0x000000000001a630       0x48 zephyr/kernel/libkernel.a(sched.c.obj)
                0x000000000001a630                z_pend_curr_irqlock
 .text.z_pend_curr
                0x000000000001a678       0x28 zephyr/kernel/libkernel.a(sched.c.obj)
                0x000000000001a678                z_pend_curr
 .text.z_tick_sleep.part.19
                0x000000000001a6a0       0x5c zephyr/kernel/libkernel.a(sched.c.obj)
 .text.z_set_prio
                0x000000000001a6fc       0x84 zephyr/kernel/libkernel.a(sched.c.obj)
                0x000000000001a6fc                z_set_prio
 .text.z_sched_init
                0x000000000001a780       0x18 zephyr/kernel/libkernel.a(sched.c.obj)
                0x000000000001a780                z_sched_init
 .text.z_impl_k_yield
                0x000000000001a798       0x98 zephyr/kernel/libkernel.a(sched.c.obj)
                0x000000000001a798                z_impl_k_yield
 .text.z_impl_k_sleep
                0x000000000001a830       0x50 zephyr/kernel/libkernel.a(sched.c.obj)
                0x000000000001a830                z_impl_k_sleep
 .text.z_impl_k_current_get
                0x000000000001a880        0xc zephyr/kernel/libkernel.a(sched.c.obj)
                0x000000000001a880                z_impl_k_current_get
 .text.z_impl_k_sem_give
                0x000000000001a88c       0x58 zephyr/kernel/libkernel.a(sem.c.obj)
                0x000000000001a88c                z_impl_k_sem_give
 .text.z_impl_k_sem_take
                0x000000000001a8e4       0x4c zephyr/kernel/libkernel.a(sem.c.obj)
                0x000000000001a8e4                z_impl_k_sem_take
 .text.k_sys_work_q_init
                0x000000000001a930       0x30 zephyr/kernel/libkernel.a(system_work_q.c.obj)
 .text.z_impl_k_thread_start
                0x000000000001a960       0x48 zephyr/kernel/libkernel.a(thread.c.obj)
                0x000000000001a960                z_impl_k_thread_start
 .text.z_setup_new_thread
                0x000000000001a9a8       0x30 zephyr/kernel/libkernel.a(thread.c.obj)
                0x000000000001a9a8                z_setup_new_thread
 .text.z_impl_k_thread_create
                0x000000000001a9d8       0x60 zephyr/kernel/libkernel.a(thread.c.obj)
                0x000000000001a9d8                z_impl_k_thread_create
 .text.z_impl_k_thread_suspend
                0x000000000001aa38       0x40 zephyr/kernel/libkernel.a(thread.c.obj)
                0x000000000001aa38                z_impl_k_thread_suspend
 .text.z_init_static_threads
                0x000000000001aa78       0xb4 zephyr/kernel/libkernel.a(thread.c.obj)
                0x000000000001aa78                z_init_static_threads
 .text.k_work_q_start
                0x000000000001ab2c       0x48 zephyr/kernel/libkernel.a(work_q.c.obj)
                0x000000000001ab2c                k_work_q_start
 .text.k_delayed_work_submit_to_queue
                0x000000000001ab74       0x88 zephyr/kernel/libkernel.a(work_q.c.obj)
                0x000000000001ab74                k_delayed_work_submit_to_queue
 .text.elapsed  0x000000000001abfc       0x14 zephyr/kernel/libkernel.a(timeout.c.obj)
 .text.remove_timeout
                0x000000000001ac10       0x28 zephyr/kernel/libkernel.a(timeout.c.obj)
 .text.next_timeout
                0x000000000001ac38       0x38 zephyr/kernel/libkernel.a(timeout.c.obj)
 .text.z_add_timeout
                0x000000000001ac70       0x84 zephyr/kernel/libkernel.a(timeout.c.obj)
                0x000000000001ac70                z_add_timeout
 .text.z_clock_announce
                0x000000000001acf4       0xac zephyr/kernel/libkernel.a(timeout.c.obj)
                0x000000000001acf4                z_clock_announce
 .text.z_tick_get
                0x000000000001ada0       0x3c zephyr/kernel/libkernel.a(timeout.c.obj)
                0x000000000001ada0                z_tick_get
 .text.z_timer_expiration_handler
                0x000000000001addc       0x48 zephyr/kernel/libkernel.a(timer.c.obj)
                0x000000000001addc                z_timer_expiration_handler
 .text.z_impl_k_timer_start
                0x000000000001ae24       0x5c zephyr/kernel/libkernel.a(timer.c.obj)
                0x000000000001ae24                z_impl_k_timer_start
 .text.k_poll_event_init
                0x000000000001ae80       0x28 zephyr/kernel/libkernel.a(poll.c.obj)
                0x000000000001ae80                k_poll_event_init
 .text.z_impl_k_poll
                0x000000000001aea8       0xa8 zephyr/kernel/libkernel.a(poll.c.obj)
                0x000000000001aea8                z_impl_k_poll
 .text.get_bit_ptr
                0x000000000001af50       0x2e zephyr/libzephyr.a(mempool.c.obj)
 .text.pool_irq_lock.isra.2.part.3
                0x000000000001af7e       0x12 zephyr/libzephyr.a(mempool.c.obj)