Archive member included to satisfy reference by file (symbol)

app/libapp.a(main.c.obj)      (--whole-archive)
app/libapp.a(coap_module.c.obj)
                              (--whole-archive)
zephyr/libzephyr.a(crc32_sw.c.obj)
                              (--whole-archive)
zephyr/libzephyr.a(crc16_sw.c.obj)
                              (--whole-archive)
zephyr/libzephyr.a(crc8_sw.c.obj)
                              (--whole-archive)
zephyr/libzephyr.a(crc7_sw.c.obj)
                              (--whole-archive)
zephyr/libzephyr.a(dec.c.obj)
                              (--whole-archive)
zephyr/libzephyr.a(fdtable.c.obj)
                              (--whole-archive)
zephyr/libzephyr.a(hex.c.obj)
                              (--whole-archive)
zephyr/libzephyr.a(mempool.c.obj)
                              (--whole-archive)
zephyr/libzephyr.a(printk.c.obj)
                              (--whole-archive)
zephyr/libzephyr.a(onoff.c.obj)
                              (--whole-archive)
zephyr/libzephyr.a(rb.c.obj)  (--whole-archive)
zephyr/libzephyr.a(sem.c.obj)
                              (--whole-archive)
zephyr/libzephyr.a(thread_entry.c.obj)
                              (--whole-archive)
zephyr/libzephyr.a(timeutil.c.obj)
                              (--whole-archive)
zephyr/libzephyr.a(work_q.c.obj)
                              (--whole-archive)
zephyr/libzephyr.a(configs.c.obj)
                              (--whole-archive)
zephyr/libzephyr.a(soc.c.obj)
                              (--whole-archive)
zephyr/libzephyr.a(power.c.obj)
                              (--whole-archive)
zephyr/libzephyr.a(validate_base_addresses.c.obj)
                              (--whole-archive)
zephyr/libzephyr.a(log_list.c.obj)
                              (--whole-archive)
zephyr/libzephyr.a(log_core.c.obj)
                              (--whole-archive)
zephyr/libzephyr.a(log_msg.c.obj)
                              (--whole-archive)
zephyr/libzephyr.a(log_output.c.obj)
                              (--whole-archive)
zephyr/libzephyr.a(log_backend_uart.c.obj)
                              (--whole-archive)
zephyr/libzephyr.a(addr_utils.c.obj)
                              (--whole-archive)
zephyr/libzephyr.a(coap.c.obj)
                              (--whole-archive)
zephyr/libzephyr.a(coap_link_format.c.obj)
                              (--whole-archive)
zephyr/libzephyr.a(socket_offload.c.obj)
                              (--whole-archive)
zephyr/libzephyr.a(power.c.obj)
                              (--whole-archive)
zephyr/libzephyr.a(policy_residency.c.obj)
                              (--whole-archive)
zephyr/libzephyr.a(uart_console.c.obj)
                              (--whole-archive)
zephyr/libzephyr.a(nrf_power_clock.c.obj)
                              (--whole-archive)
zephyr/libzephyr.a(sys_clock_init.c.obj)
                              (--whole-archive)
zephyr/libzephyr.a(nrf_rtc_timer.c.obj)
                              (--whole-archive)
zephyr/libzephyr.a(secure_services_ns.c.obj)
                              (--whole-archive)
zephyr/arch/common/libarch__common.a(isr_tables.c.obj)
                              (--whole-archive)
zephyr/arch/common/libarch__common.a(sw_isr_common.c.obj)
                              (--whole-archive)
zephyr/arch/arch/arm/core/aarch32/libarch__arm__core__aarch32.a(exc_exit.S.obj)
                              (--whole-archive)
zephyr/arch/arch/arm/core/aarch32/libarch__arm__core__aarch32.a(swap.c.obj)
                              (--whole-archive)
zephyr/arch/arch/arm/core/aarch32/libarch__arm__core__aarch32.a(swap_helper.S.obj)
                              (--whole-archive)
zephyr/arch/arch/arm/core/aarch32/libarch__arm__core__aarch32.a(irq_manage.c.obj)
                              (--whole-archive)
zephyr/arch/arch/arm/core/aarch32/libarch__arm__core__aarch32.a(thread.c.obj)
                              (--whole-archive)
zephyr/arch/arch/arm/core/aarch32/libarch__arm__core__aarch32.a(cpu_idle.S.obj)
                              (--whole-archive)
zephyr/arch/arch/arm/core/aarch32/libarch__arm__core__aarch32.a(fault_s.S.obj)
                              (--whole-archive)
zephyr/arch/arch/arm/core/aarch32/libarch__arm__core__aarch32.a(fatal.c.obj)
                              (--whole-archive)
zephyr/arch/arch/arm/core/aarch32/libarch__arm__core__aarch32.a(nmi.c.obj)
                              (--whole-archive)
zephyr/arch/arch/arm/core/aarch32/libarch__arm__core__aarch32.a(nmi_on_reset.S.obj)
                              (--whole-archive)
zephyr/arch/arch/arm/core/aarch32/libarch__arm__core__aarch32.a(prep_c.c.obj)
                              (--whole-archive)
zephyr/arch/arch/arm/core/aarch32/libarch__arm__core__aarch32.a(isr_wrapper.S.obj)
                              (--whole-archive)
zephyr/arch/arch/arm/core/aarch32/cortex_m/libarch__arm__core__aarch32__cortex_m.a(vector_table.S.obj)
                              (--whole-archive)
[...]
Memory Configuration

Name             Origin             Length             Attributes
FLASH            0x000000000000c000 0x00000000000f4000 xr
SRAM             0x0000000020020000 0x0000000000020000 xw
IDT_LIST         0x0000000020040000 0x0000000000000800 xw
*default*        0x0000000000000000 0xffffffffffffffff

Linker script and memory map

LOAD zephyr/CMakeFiles/zephyr_final.dir/misc/empty_file.c.obj
LOAD zephyr/CMakeFiles/zephyr_final.dir/isr_tables.c.obj
                0x0000000000000020                _region_min_align = 0x20

.rel.plt        0x000000000000c000        0x0
 *(SORT_BY_ALIGNMENT(.rel.plt))
                [!provide]                        PROVIDE (__rel_iplt_start = .)
 *(SORT_BY_ALIGNMENT(.rel.iplt))
 .rel.iplt      0x000000000000c000        0x0 zephyr/CMakeFiles/zephyr_final.dir/isr_tables.c.obj
                [!provide]                        PROVIDE (__rel_iplt_end = .)

.rela.plt       0x0000000000000000        0x0
 *(SORT_BY_ALIGNMENT(.rela.plt))
                [!provide]                        PROVIDE (__rela_iplt_start = .)
 *(SORT_BY_ALIGNMENT(.rela.iplt))
                [!provide]                        PROVIDE (__rela_iplt_end = .)

.rel.dyn
 *(SORT_BY_ALIGNMENT(.rel.*))

.rela.dyn
 *(SORT_BY_ALIGNMENT(.rela.*))

/DISCARD/
 *(SORT_BY_ALIGNMENT(.plt))
 *(SORT_BY_ALIGNMENT(.iplt))
 *(SORT_BY_ALIGNMENT(.got.plt))
 *(SORT_BY_ALIGNMENT(.igot.plt))
 *(SORT_BY_ALIGNMENT(.got))
 *(SORT_BY_ALIGNMENT(.igot))
 *(SORT_BY_ALIGNMENT(.irq_info))
 *(SORT_BY_ALIGNMENT(.intList))
 *(SORT_BY_ALIGNMENT(.note.GNU-stack))
                0x000000000000c000                _image_rom_start = 0xc000

rom_start       0x000000000000c000      0x23c
                0x0000000000000000                . = 0x0
                0x0000000000000000                . = ALIGN (0x4)
                0x000000000000c000                _vector_start = .
 *(SORT_BY_ALIGNMENT(.exc_vector_table))
 *(SORT_BY_ALIGNMENT(.exc_vector_table.*))
 .exc_vector_table._vector_table_section
                0x000000000000c000       0x40 zephyr/arch/arch/arm/core/aarch32/cortex_m/libarch__arm__core__aarch32__cortex_m.a(vector_table.S.obj)
                0x000000000000c000                _vector_table
 *(SORT_BY_ALIGNMENT(.gnu.linkonce.irq_vector_table))
 .gnu.linkonce.irq_vector_table
                0x000000000000c040      0x104 zephyr/CMakeFiles/zephyr_final.dir/isr_tables.c.obj
                0x000000000000c040                _irq_vector_table
 *(SORT_BY_ALIGNMENT(.vectors))
                0x000000000000c144                _vector_end = .
 *(SORT_BY_ALIGNMENT(.openocd_dbg))
 *(SORT_BY_ALIGNMENT(.openocd_dbg.*))
                0x0000000000000200                . = 0x200
 *fill*         0x000000000000c144       0xbc 
                0x000000000000c200                _fw_info_start = .
 *(SORT_BY_NAME(SORT_BY_ALIGNMENT(.firmware_info*)))
 .firmware_info
                0x000000000000c200       0x3c modules/nrf/subsys/fw_info/lib..__nrf__subsys__fw_info.a(fw_info.c.obj)
                0x000000000000c200                m_firmware_info
                0x000000000000003c                _fw_info_size = ABSOLUTE ((. - _fw_info_start))

text            0x000000000000c23c    0x11424
                0x000000000000c23c                _image_text_start = .
 *(SORT_BY_ALIGNMENT(.text))
 .text          0x000000000000c23c       0x30 /usr/local/gnuarmemb/bin/../lib/gcc/arm-none-eabi/8.3.1/thumb/v8-m.main+fp/hard/libgcc.a(_aeabi_uldivmod.o)
                0x000000000000c23c                __aeabi_uldivmod
 .text          0x000000000000c26c      0x2c8 /usr/local/gnuarmemb/bin/../lib/gcc/arm-none-eabi/8.3.1/thumb/v8-m.main+fp/hard/libgcc.a(_udivmoddi4.o)
                0x000000000000c26c                __udivmoddi4
 .text          0x000000000000c534        0x4 /usr/local/gnuarmemb/bin/../lib/gcc/arm-none-eabi/8.3.1/thumb/v8-m.main+fp/hard/libgcc.a(_dvmd_tls.o)
                0x000000000000c534                __aeabi_ldiv0
                0x000000000000c534                __aeabi_idiv0
 *(SORT_BY_ALIGNMENT(.text.*))
 .text.bsd_recoverable_error_handler
                0x000000000000c538        0xc app/libapp.a(main.c.obj)
                0x000000000000c538                bsd_recoverable_error_handler
 .text.main     0x000000000000c544       0x50 app/libapp.a(main.c.obj)
                0x000000000000c544                main
 .text.client_get_send
                0x000000000000c594       0xb8 app/libapp.a(coap_module.c.obj)
                0x000000000000c594                client_get_send
 .text.coap_thread
                0x000000000000c64c      0x2d0 app/libapp.a(coap_module.c.obj)
 .text.coap_start_thread
                0x000000000000c91c       0x3c app/libapp.a(coap_module.c.obj)
                0x000000000000c91c                coap_start_thread
 .text.char_out
                0x000000000000c958       0x10 zephyr/libzephyr.a(printk.c.obj)
 .text._printk_dec_ulong
                0x000000000000c968       0x98 zephyr/libzephyr.a(printk.c.obj)
 .text.__printk_hook_install
                0x000000000000ca00        0xc zephyr/libzephyr.a(printk.c.obj)
                0x000000000000ca00                __printk_hook_install
 .text.vprintk  0x000000000000ca0c       0x1c zephyr/libzephyr.a(printk.c.obj)
                0x000000000000ca0c                vprintk
 .text.nordicsemi_nrf91_init
                0x000000000000ca28       0x28 zephyr/libzephyr.a(soc.c.obj)
 .text.enable_logger
                0x000000000000ca50       0x54 zephyr/libzephyr.a(log_core.c.obj)
 .text.log_process_thread_timer_expiry_fn
                0x000000000000caa4        0xc zephyr/libzephyr.a(log_core.c.obj)
 .text.log_core_init
                0x000000000000cab0       0x40 zephyr/libzephyr.a(log_core.c.obj)
                0x000000000000cab0                log_core_init
 .text.dropped_notify
                0x000000000000caf0       0x44 zephyr/libzephyr.a(log_core.c.obj)
                0x000000000000caf0                dropped_notify
 .text.log_dropped
                0x000000000000cb34       0x18 zephyr/libzephyr.a(log_core.c.obj)
                0x000000000000cb34                log_dropped
 .text.log_source_name_get
                0x000000000000cb4c       0x1c zephyr/libzephyr.a(log_core.c.obj)
                0x000000000000cb4c                log_source_name_get
 .text.log_backend_enable
                0x000000000000cb68       0x34 zephyr/libzephyr.a(log_core.c.obj)
                0x000000000000cb68                log_backend_enable
 .text.log_init
                0x000000000000cb9c       0x4c zephyr/libzephyr.a(log_core.c.obj)
                0x000000000000cb9c                log_init
 .text.log_strdup
                0x000000000000cbe8       0x64 zephyr/libzephyr.a(log_core.c.obj)
                0x000000000000cbe8                log_strdup
 .text.log_is_strdup
                0x000000000000cc4c       0x1c zephyr/libzephyr.a(log_core.c.obj)
                0x000000000000cc4c                log_is_strdup
 .text.z_impl_log_process
                0x000000000000cc68      0x14c zephyr/libzephyr.a(log_core.c.obj)
                0x000000000000cc68                z_impl_log_process
 .text.msg_finalize
                0x000000000000cdb4       0xb0 zephyr/libzephyr.a(log_core.c.obj)
 .text.log_process_thread_func
                0x000000000000ce64       0x44 zephyr/libzephyr.a(log_core.c.obj)
 .text.z_impl_log_panic
                0x000000000000cea8       0x48 zephyr/libzephyr.a(log_core.c.obj)
                0x000000000000cea8                z_impl_log_panic
 .text.log_free
                0x000000000000cef0       0x2c zephyr/libzephyr.a(log_core.c.obj)
                0x000000000000cef0                log_free
 .text.log_msg_pool_init
                0x000000000000cf1c       0x14 zephyr/libzephyr.a(log_msg.c.obj)
                0x000000000000cf1c                log_msg_pool_init
 .text.log_msg_no_space_handle
                0x000000000000cf30       0x30 zephyr/libzephyr.a(log_msg.c.obj)
                0x000000000000cf30                log_msg_no_space_handle
 .text.log_msg_chunk_alloc
                0x000000000000cf60       0x24 zephyr/libzephyr.a(log_msg.c.obj)
                0x000000000000cf60                log_msg_chunk_alloc
 .text.msg_free
                0x000000000000cf84       0x84 zephyr/libzephyr.a(log_msg.c.obj)
 .text.print_formatted
                0x000000000000d008       0x24 zephyr/libzephyr.a(log_output.c.obj)
 .text.prefix_print
                0x000000000000d02c      0x11c zephyr/libzephyr.a(log_output.c.obj)
 .text.postfix_print
                0x000000000000d148       0x3c zephyr/libzephyr.a(log_output.c.obj)
 .text.hexdump_line_print
                0x000000000000d184       0xd8 zephyr/libzephyr.a(log_output.c.obj)
 .text.log_output_msg_process
                0x000000000000d25c       0xec zephyr/libzephyr.a(log_output.c.obj)
                0x000000000000d25c                log_output_msg_process
 .text.log_output_dropped_process
                0x000000000000d348       0x54 zephyr/libzephyr.a(log_output.c.obj)
                0x000000000000d348                log_output_dropped_process
 .text.log_output_timestamp_freq_set
                0x000000000000d39c       0x30 zephyr/libzephyr.a(log_output.c.obj)
                0x000000000000d39c                log_output_timestamp_freq_set
 .text.panic    0x000000000000d3cc        0xc zephyr/libzephyr.a(log_backend_uart.c.obj)
 .text.dropped  0x000000000000d3d8        0xc zephyr/libzephyr.a(log_backend_uart.c.obj)
 .text.log_backend_uart_init
                0x000000000000d3e4       0x18 zephyr/libzephyr.a(log_backend_uart.c.obj)
 .text.put      0x000000000000d3fc       0x24 zephyr/libzephyr.a(log_backend_uart.c.obj)
 .text.net_coap_init
                0x000000000000d420       0x10 zephyr/libzephyr.a(coap.c.obj)
                0x000000000000d420                net_coap_init
 .text.coap_next_id
                0x000000000000d430       0x10 zephyr/libzephyr.a(coap.c.obj)
                0x000000000000d430                coap_next_id
 .text.socket_offload_register
                0x000000000000d440        0xc zephyr/libzephyr.a(socket_offload.c.obj)
                0x000000000000d440                socket_offload_register
 .text.console_out
                0x000000000000d44c       0x28 zephyr/libzephyr.a(uart_console.c.obj)
 .text.uart_console_hook_install
                0x000000000000d474       0x18 zephyr/libzephyr.a(uart_console.c.obj)
                0x000000000000d474                uart_console_hook_install
 .text.uart_console_init
                0x000000000000d48c       0x1c zephyr/libzephyr.a(uart_console.c.obj)
 .text.clock_async_start
                0x000000000000d4a8       0xe4 zephyr/libzephyr.a(nrf_power_clock.c.obj)
 .text.clk_init
                0x000000000000d58c       0x38 zephyr/libzephyr.a(nrf_power_clock.c.obj)
 .text.nrf_power_clock_isr
                0x000000000000d5c4       0x54 zephyr/libzephyr.a(nrf_power_clock.c.obj)
                0x000000000000d5c4                nrf_power_clock_isr
 .text.rtc1_nrf_isr
                0x000000000000d618       0x40 zephyr/libzephyr.a(nrf_rtc_timer.c.obj)
                0x000000000000d618                rtc1_nrf_isr
 .text.z_clock_driver_init
                0x000000000000d658       0x6c zephyr/libzephyr.a(nrf_rtc_timer.c.obj)
                0x000000000000d658                z_clock_driver_init
 .text.z_clock_set_timeout
                0x000000000000d6c4       0xac zephyr/libzephyr.a(nrf_rtc_timer.c.obj)
                0x000000000000d6c4                z_clock_set_timeout
 .text.z_clock_elapsed
                0x000000000000d770       0x34 zephyr/libzephyr.a(nrf_rtc_timer.c.obj)
                0x000000000000d770                z_clock_elapsed
 .text.z_timer_cycle_get_32
                0x000000000000d7a4       0x34 zephyr/libzephyr.a(nrf_rtc_timer.c.obj)
                0x000000000000d7a4                z_timer_cycle_get_32
 .text._HandlerModeExit
                0x000000000000d7d8       0x1c zephyr/arch/arch/arm/core/aarch32/libarch__arm__core__aarch32.a(exc_exit.S.obj)
                0x000000000000d7d8                z_arm_exc_exit
                0x000000000000d7d8                z_arm_int_exit
 .text.arch_swap
                0x000000000000d7f4       0x34 zephyr/arch/arch/arm/core/aarch32/libarch__arm__core__aarch32.a(swap.c.obj)
                0x000000000000d7f4                arch_swap
 .text.z_arm_pendsv
                0x000000000000d828       0xb0 zephyr/arch/arch/arm/core/aarch32/libarch__arm__core__aarch32.a(swap_helper.S.obj)
                0x000000000000d828                z_arm_pendsv
 .text.z_arm_svc
                0x000000000000d8d8       0x20 zephyr/arch/arch/arm/core/aarch32/libarch__arm__core__aarch32.a(swap_helper.S.obj)
                0x000000000000d8d8                z_arm_svc
 .text.arch_irq_enable
                0x000000000000d8f8       0x20 zephyr/arch/arch/arm/core/aarch32/libarch__arm__core__aarch32.a(irq_manage.c.obj)
                0x000000000000d8f8                arch_irq_enable
 .text.z_arm_irq_priority_set
                0x000000000000d918       0x30 zephyr/arch/arch/arm/core/aarch32/libarch__arm__core__aarch32.a(irq_manage.c.obj)
                0x000000000000d918                z_arm_irq_priority_set
 .text._arch_isr_direct_pm
                0x000000000000d948       0x1c zephyr/arch/arch/arm/core/aarch32/libarch__arm__core__aarch32.a(irq_manage.c.obj)
                0x000000000000d948                _arch_isr_direct_pm
 .text.arch_new_thread
                0x000000000000d964       0x48 zephyr/arch/arch/arm/core/aarch32/libarch__arm__core__aarch32.a(thread.c.obj)
                0x000000000000d964                arch_new_thread
 .text.arch_switch_to_main_thread
                0x000000000000d9ac       0x54 zephyr/arch/arch/arm/core/aarch32/libarch__arm__core__aarch32.a(thread.c.obj)
                0x000000000000d9ac                arch_switch_to_main_thread
 .text.z_arm_cpu_idle_init
                0x000000000000da00        0xc zephyr/arch/arch/arm/core/aarch32/libarch__arm__core__aarch32.a(cpu_idle.S.obj)
                0x000000000000da00                z_arm_cpu_idle_init
 .text.arch_cpu_idle
                0x000000000000da0c        0xc zephyr/arch/arch/arm/core/aarch32/libarch__arm__core__aarch32.a(cpu_idle.S.obj)
                0x000000000000da0c                arch_cpu_idle
 .text.__fault  0x000000000000da18       0x14 zephyr/arch/arch/arm/core/aarch32/libarch__arm__core__aarch32.a(fault_s.S.obj)
                0x000000000000da18                z_arm_bus_fault
                0x000000000000da18                z_arm_usage_fault
                0x000000000000da18                z_arm_mpu_fault
                0x000000000000da18                z_arm_reserved
                0x000000000000da18                z_arm_debug_monitor
                0x000000000000da18                z_arm_hard_fault
 .text.z_arm_fatal_error
                0x000000000000da2c      0x134 zephyr/arch/arch/arm/core/aarch32/libarch__arm__core__aarch32.a(fatal.c.obj)
                0x000000000000da2c                z_arm_fatal_error
 .text.z_SysNmiOnReset
                0x000000000000db60        0x8 zephyr/arch/arch/arm/core/aarch32/libarch__arm__core__aarch32.a(nmi_on_reset.S.obj)
                0x000000000000db60                z_SysNmiOnReset
 .text.z_arm_prep_c
                0x000000000000db68       0x50 zephyr/arch/arch/arm/core/aarch32/libarch__arm__core__aarch32.a(prep_c.c.obj)
                0x000000000000db68                z_arm_prep_c
 .text._isr_wrapper
                0x000000000000dbb8       0x40 zephyr/arch/arch/arm/core/aarch32/libarch__arm__core__aarch32.a(isr_wrapper.S.obj)
                0x000000000000dbb8                _isr_wrapper
 .text._reset_section
                0x000000000000dbf8       0x30 zephyr/arch/arch/arm/core/aarch32/cortex_m/libarch__arm__core__aarch32__cortex_m.a(reset.S.obj)
                0x000000000000dbf8                z_arm_reset
                0x000000000000dbf8                __start
 .text.usage_fault.isra.2
                0x000000000000dc28      0x124 zephyr/arch/arch/arm/core/aarch32/cortex_m/libarch__arm__core__aarch32__cortex_m.a(fault.c.obj)
 .text.mem_manage_fault.isra.4
                0x000000000000dd4c      0x110 zephyr/arch/arch/arm/core/aarch32/cortex_m/libarch__arm__core__aarch32__cortex_m.a(fault.c.obj)
 .text.bus_fault.isra.5
                0x000000000000de5c      0x12c zephyr/arch/arch/arm/core/aarch32/cortex_m/libarch__arm__core__aarch32__cortex_m.a(fault.c.obj)
 .text.z_arm_fault
                0x000000000000df88      0x1e4 zephyr/arch/arch/arm/core/aarch32/cortex_m/libarch__arm__core__aarch32__cortex_m.a(fault.c.obj)
                0x000000000000df88                z_arm_fault
 .text.z_arm_fault_init
                0x000000000000e16c       0x10 zephyr/arch/arch/arm/core/aarch32/cortex_m/libarch__arm__core__aarch32__cortex_m.a(fault.c.obj)
                0x000000000000e16c                z_arm_fault_init
 .text.sys_arch_reboot
                0x000000000000e17c       0x24 zephyr/arch/arch/arm/core/aarch32/cortex_m/libarch__arm__core__aarch32__cortex_m.a(scb.c.obj)
                0x000000000000e17c                sys_arch_reboot
 .text.z_arm_int_lib_init
                0x000000000000e1a0       0x18 zephyr/arch/arch/arm/core/aarch32/cortex_m/libarch__arm__core__aarch32__cortex_m.a(irq_init.c.obj)
                0x000000000000e1a0                z_arm_int_lib_init
 .text.z_impl_k_thread_abort
                0x000000000000e1b8       0x4c zephyr/arch/arch/arm/core/aarch32/cortex_m/libarch__arm__core__aarch32__cortex_m.a(thread_abort.c.obj)
                0x000000000000e1b8                z_impl_k_thread_abort
 .text.z_arm_configure_static_mpu_regions
                0x000000000000e204       0x54 zephyr/arch/arch/arm/core/aarch32/cortex_m/mpu/libarch__arm__core__aarch32__cortex_m__mpu.a(arm_core_mpu.c.obj)
                0x000000000000e204                z_arm_configure_static_mpu_regions
 .text.region_init
                0x000000000000e258       0x30 zephyr/arch/arch/arm/core/aarch32/cortex_m/mpu/libarch__arm__core__aarch32__cortex_m__mpu.a(arm_mpu.c.obj)
 .text.region_allocate_and_init.part.0
                0x000000000000e288       0x34 zephyr/arch/arch/arm/core/aarch32/cortex_m/mpu/libarch__arm__core__aarch32__cortex_m__mpu.a(arm_mpu.c.obj)
 .text.mpu_configure_regions_and_partition.constprop.2
                0x000000000000e2bc      0x19c zephyr/arch/arch/arm/core/aarch32/cortex_m/mpu/libarch__arm__core__aarch32__cortex_m__mpu.a(arm_mpu.c.obj)
 .text.arm_core_mpu_enable
                0x000000000000e458       0x14 zephyr/arch/arch/arm/core/aarch32/cortex_m/mpu/libarch__arm__core__aarch32__cortex_m__mpu.a(arm_mpu.c.obj)
                0x000000000000e458                arm_core_mpu_enable
 .text.arm_core_mpu_disable
                0x000000000000e46c       0x10 zephyr/arch/arch/arm/core/aarch32/cortex_m/mpu/libarch__arm__core__aarch32__cortex_m__mpu.a(arm_mpu.c.obj)
                0x000000000000e46c                arm_core_mpu_disable
 .text.arm_mpu_init
                0x000000000000e47c       0x4c zephyr/arch/arch/arm/core/aarch32/cortex_m/mpu/libarch__arm__core__aarch32__cortex_m__mpu.a(arm_mpu.c.obj)
 .text.arm_core_mpu_configure_static_mpu_regions
                0x000000000000e4c8       0x14 zephyr/arch/arch/arm/core/aarch32/cortex_m/mpu/libarch__arm__core__aarch32__cortex_m__mpu.a(arm_mpu.c.obj)
                0x000000000000e4c8                arm_core_mpu_configure_static_mpu_regions
 .text.arm_core_mpu_mark_areas_for_dynamic_regions
                0x000000000000e4dc       0xa8 zephyr/arch/arch/arm/core/aarch32/cortex_m/mpu/libarch__arm__core__aarch32__cortex_m__mpu.a(arm_mpu.c.obj)
                0x000000000000e4dc                arm_core_mpu_mark_areas_for_dynamic_regions
 .text.arm_core_mpu_configure_dynamic_mpu_regions
                0x000000000000e584       0x40 zephyr/arch/arch/arm/core/aarch32/cortex_m/mpu/libarch__arm__core__aarch32__cortex_m__mpu.a(arm_mpu.c.obj)
                0x000000000000e584                arm_core_mpu_configure_dynamic_mpu_regions
 .text.z_prf    0x000000000000e5c4      0x988 zephyr/lib/libc/minimal/liblib__libc__minimal.a(prf.c.obj)
                0x000000000000e5c4                z_prf
 .text.__stdout_hook_install
                0x000000000000ef4c        0xc zephyr/lib/libc/minimal/liblib__libc__minimal.a(stdout_console.c.obj)
                0x000000000000ef4c                __stdout_hook_install
 .text.snprintf
                0x000000000000ef58       0x30 zephyr/lib/libc/minimal/liblib__libc__minimal.a(sprintf.c.obj)
                0x000000000000ef58                snprintf
 .text.sprintf  0x000000000000ef88       0x30 zephyr/lib/libc/minimal/liblib__libc__minimal.a(sprintf.c.obj)
                0x000000000000ef88                sprintf
 .text.net_if_init
                0x000000000000efb8       0x28 zephyr/subsys/net/ip/libsubsys__net__ip.a(net_if.c.obj)
                0x000000000000efb8                net_if_init
 .text.net_if_post_init
                0x000000000000efe0       0x2c zephyr/subsys/net/ip/libsubsys__net__ip.a(net_if.c.obj)
                0x000000000000efe0                net_if_post_init
 .text.z_impl_net_addr_ntop
                0x000000000000f00c      0x1b4 zephyr/subsys/net/ip/libsubsys__net__ip.a(utils.c.obj)
                0x000000000000f00c                z_impl_net_addr_ntop
 .text.sys_rand32_get
                0x000000000000f1c0       0x34 zephyr/subsys/random/libsubsys__random.a(rand32_entropy_device.c.obj)
                0x000000000000f1c0                sys_rand32_get
 .text.gpio_nrfx_init
                0x000000000000f1f4       0x30 zephyr/drivers/gpio/libdrivers__gpio.a(gpio_nrfx.c.obj)
 .text.gpiote_pin_int_cfg
                0x000000000000f224      0x158 zephyr/drivers/gpio/libdrivers__gpio.a(gpio_nrfx.c.obj)
 .text.gpio_nrfx_config
                0x000000000000f37c      0x124 zephyr/drivers/gpio/libdrivers__gpio.a(gpio_nrfx.c.obj)
 .text.gpiote_event_handler
                0x000000000000f4a0      0x154 zephyr/drivers/gpio/libdrivers__gpio.a(gpio_nrfx.c.obj)
 .text.uarte_nrfx_configure
                0x000000000000f5f4      0x16c zephyr/drivers/serial/libdrivers__serial.a(uart_nrfx_uarte.c.obj)
 .text.uarte_0_init
                0x000000000000f760       0x90 zephyr/drivers/serial/libdrivers__serial.a(uart_nrfx_uarte.c.obj)
 .text._bsdlib_init
                0x000000000000f7f0       0x1c modules/nrf/lib/bsdlib/lib..__nrf__lib__bsdlib.a(bsdlib.c.obj)
 .text.thread_monitor_entry_get
                0x000000000000f80c       0x40 modules/nrf/lib/bsdlib/lib..__nrf__lib__bsdlib.a(bsd_os.c.obj)
 .text.rpc_proxy_irq_handler
                0x000000000000f84c       0x48 modules/nrf/lib/bsdlib/lib..__nrf__lib__bsdlib.a(bsd_os.c.obj)
                0x000000000000f84c                rpc_proxy_irq_handler
 .text.bsd_os_timedwait
                0x000000000000f894      0x128 modules/nrf/lib/bsdlib/lib..__nrf__lib__bsdlib.a(bsd_os.c.obj)
                0x000000000000f894                bsd_os_timedwait
 .text.bsd_os_errno_set
                0x000000000000f9bc      0x158 modules/nrf/lib/bsdlib/lib..__nrf__lib__bsdlib.a(bsd_os.c.obj)
                0x000000000000f9bc                bsd_os_errno_set
 .text.bsd_os_application_irq_set
                0x000000000000fb14       0x10 modules/nrf/lib/bsdlib/lib..__nrf__lib__bsdlib.a(bsd_os.c.obj)
                0x000000000000fb14                bsd_os_application_irq_set
 .text.bsd_os_application_irq_clear
                0x000000000000fb24       0x10 modules/nrf/lib/bsdlib/lib..__nrf__lib__bsdlib.a(bsd_os.c.obj)
                0x000000000000fb24                bsd_os_application_irq_clear
 .text.bsd_os_trace_irq_set
                0x000000000000fb34       0x10 modules/nrf/lib/bsdlib/lib..__nrf__lib__bsdlib.a(bsd_os.c.obj)
                0x000000000000fb34                bsd_os_trace_irq_set
 .text.bsd_os_trace_irq_clear
                0x000000000000fb44       0x10 modules/nrf/lib/bsdlib/lib..__nrf__lib__bsdlib.a(bsd_os.c.obj)
                0x000000000000fb44                bsd_os_trace_irq_clear
 .text.bsd_os_init
                0x000000000000fb54       0x2c modules/nrf/lib/bsdlib/lib..__nrf__lib__bsdlib.a(bsd_os.c.obj)
                0x000000000000fb54                bsd_os_init
 .text.z_to_nrf_optname
                0x000000000000fb80       0xd0 modules/nrf/lib/bsdlib/lib..__nrf__lib__bsdlib.a(nrf91_sockets.c.obj)
 .text.nrf91_socket_iface_init
                0x000000000000fc50       0x18 modules/nrf/lib/bsdlib/lib..__nrf__lib__bsdlib.a(nrf91_sockets.c.obj)
 .text.callback_worker
                0x000000000000fc68       0x20 modules/nrf/lib/at_cmd/lib..__nrf__lib__at_cmd.a(at_cmd.c.obj)
 .text.open_socket
                0x000000000000fc88       0x30 modules/nrf/lib/at_cmd/lib..__nrf__lib__at_cmd.a(at_cmd.c.obj)
 .text.at_cmd_driver_init
                0x000000000000fcb8       0x68 modules/nrf/lib/at_cmd/lib..__nrf__lib__at_cmd.a(at_cmd.c.obj)
 .text.socket_thread_fn
                0x000000000000fd20      0x294 modules/nrf/lib/at_cmd/lib..__nrf__lib__at_cmd.a(at_cmd.c.obj)
 .text.at_write
                0x000000000000ffb4       0xb4 modules/nrf/lib/at_cmd/lib..__nrf__lib__at_cmd.a(at_cmd.c.obj)
 .text.at_cmd_write
                0x0000000000010068       0x44 modules/nrf/lib/at_cmd/lib..__nrf__lib__at_cmd.a(at_cmd.c.obj)
                0x0000000000010068                at_cmd_write
 .text.at_cmd_set_notification_handler
                0x00000000000100ac       0x54 modules/nrf/lib/at_cmd/lib..__nrf__lib__at_cmd.a(at_cmd.c.obj)
                0x00000000000100ac                at_cmd_set_notification_handler
 .text.find_node
                0x0000000000010100       0x34 modules/nrf/lib/at_notif/lib..__nrf__lib__at_notif.a(at_notif.c.obj)
 .text.module_init
                0x0000000000010134       0x1c modules/nrf/lib/at_notif/lib..__nrf__lib__at_notif.a(at_notif.c.obj)
 .text.k_mutex_unlock.constprop.6
                0x0000000000010150        0xc modules/nrf/lib/at_notif/lib..__nrf__lib__at_notif.a(at_notif.c.obj)
 .text.notif_dispatch
                0x000000000001015c       0x38 modules/nrf/lib/at_notif/lib..__nrf__lib__at_notif.a(at_notif.c.obj)
 .text.at_notif_register_handler
                0x0000000000010194       0x9c modules/nrf/lib/at_notif/lib..__nrf__lib__at_notif.a(at_notif.c.obj)
                0x0000000000010194                at_notif_register_handler
 .text.at_notif_deregister_handler
                0x0000000000010230       0xb0 modules/nrf/lib/at_notif/lib..__nrf__lib__at_notif.a(at_notif.c.obj)
                0x0000000000010230                at_notif_deregister_handler
 .text.write_uart_string
                0x00000000000102e0       0x1c modules/nrf/lib/at_host/lib..__nrf__lib__at_host.a(at_host.c.obj)
 .text.cmd_send
                0x00000000000102fc       0xb0 modules/nrf/lib/at_host/lib..__nrf__lib__at_host.a(at_host.c.obj)
 .text.isr      0x00000000000103ac      0x16c modules/nrf/lib/at_host/lib..__nrf__lib__at_host.a(at_host.c.obj)
 .text.at_host_init
                0x0000000000010518      0x16c modules/nrf/lib/at_host/lib..__nrf__lib__at_host.a(at_host.c.obj)
 .text.at_parse_process_element
                0x0000000000010684      0x1a8 modules/nrf/lib/at_cmd_parser/lib..__nrf__lib__at_cmd_parser.a(at_cmd_parser.c.obj)
 .text.at_parse_detect_type
                0x000000000001082c       0xc0 modules/nrf/lib/at_cmd_parser/lib..__nrf__lib__at_cmd_parser.a(at_cmd_parser.c.obj)
 .text.at_parser_max_params_from_str
                0x00000000000108ec      0x118 modules/nrf/lib/at_cmd_parser/lib..__nrf__lib__at_cmd_parser.a(at_cmd_parser.c.obj)
                0x00000000000108ec                at_parser_max_params_from_str
 .text.w_lte_lc_init
                0x0000000000010a04       0x2c modules/nrf/lib/lte_link_control/lib..__nrf__lib__lte_link_control.a(lte_lc.c.obj)
 .text.parse_nw_reg_status
                0x0000000000010a30      0x14c modules/nrf/lib/lte_link_control/lib..__nrf__lib__lte_link_control.a(lte_lc.c.obj)
 .text.at_handler
                0x0000000000010b7c       0x78 modules/nrf/lib/lte_link_control/lib..__nrf__lib__lte_link_control.a(lte_lc.c.obj)
                0x0000000000010b7c                at_handler
 .text.w_lte_lc_connect
                0x0000000000010bf4      0x120 modules/nrf/lib/lte_link_control/lib..__nrf__lib__lte_link_control.a(lte_lc.c.obj)
 .text.k_sys_fatal_error_handler
                0x0000000000010d14       0x34 modules/nrf/lib/fatal_error/lib..__nrf__lib__fatal_error.a(fatal_error.c.obj)
                0x0000000000010d14                k_sys_fatal_error_handler
 .text.check_ext_api_requests
                0x0000000000010d48       0x88 modules/nrf/subsys/fw_info/lib..__nrf__subsys__fw_info.a(fw_info.c.obj)
 .text.rpc_logobj_client_evt_handler
                0x0000000000010dd0       0x10 /Users/crfosse/nordic/ncs/nrfxlib/bsdlib/lib/cortex-m33/hard-float/libbsd_nrf9160_xxaa.a(rpc_logobj_client.c.o)
 .text.rpc_logobj_client_init
                0x0000000000010de0        0xc /Users/crfosse/nordic/ncs/nrfxlib/bsdlib/lib/cortex-m33/hard-float/libbsd_nrf9160_xxaa.a(rpc_logobj_client.c.o)
                0x0000000000010de0                rpc_logobj_client_init
 .text.rpc_logobj_client_request_alloc
                0x0000000000010dec       0x30 /Users/crfosse/nordic/ncs/nrfxlib/bsdlib/lib/cortex-m33/hard-float/libbsd_nrf9160_xxaa.a(rpc_logobj_client.c.o)
                0x0000000000010dec                rpc_logobj_client_request_alloc
 .text.rpc_logobj_client_request_send
                0x0000000000010e1c       0x2c /Users/crfosse/nordic/ncs/nrfxlib/bsdlib/lib/cortex-m33/hard-float/libbsd_nrf9160_xxaa.a(rpc_logobj_client.c.o)
                0x0000000000010e1c                rpc_logobj_client_request_send
 .text.rpc_logobj_client_message_free
                0x0000000000010e48       0x10 /Users/crfosse/nordic/ncs/nrfxlib/bsdlib/lib/cortex-m33/hard-float/libbsd_nrf9160_xxaa.a(rpc_logobj_client.c.o)
                0x0000000000010e48                rpc_logobj_client_message_free
 .text.rpc_logobj_client_data_free
                0x0000000000010e58       0x10 /Users/crfosse/nordic/ncs/nrfxlib/bsdlib/lib/cortex-m33/hard-float/libbsd_nrf9160_xxaa.a(rpc_logobj_client.c.o)
                0x0000000000010e58                rpc_logobj_client_data_free
 .text.packet_free_cb
                0x0000000000010e68       0x18 /Users/crfosse/nordic/ncs/nrfxlib/bsdlib/lib/cortex-m33/hard-float/libbsd_nrf9160_xxaa.a(logobj_interface.c.o)
 .text.logobj_event_handler
                0x0000000000010e80       0xfc /Users/crfosse/nordic/ncs/nrfxlib/bsdlib/lib/cortex-m33/hard-float/libbsd_nrf9160_xxaa.a(logobj_interface.c.o)
                0x0000000000010e80                logobj_event_handler
 .text.logobj_interface_init
                0x0000000000010f7c       0x34 /Users/crfosse/nordic/ncs/nrfxlib/bsdlib/lib/cortex-m33/hard-float/libbsd_nrf9160_xxaa.a(logobj_interface.c.o)
                0x0000000000010f7c                logobj_interface_init
 .text.logobj_interface_open
                0x0000000000010fb0      0x150 /Users/crfosse/nordic/ncs/nrfxlib/bsdlib/lib/cortex-m33/hard-float/libbsd_nrf9160_xxaa.a(logobj_interface.c.o)
                0x0000000000010fb0                logobj_interface_open
 .text.logobj_interface_read
                0x0000000000011100       0xe0 /Users/crfosse/nordic/ncs/nrfxlib/bsdlib/lib/cortex-m33/hard-float/libbsd_nrf9160_xxaa.a(logobj_interface.c.o)
                0x0000000000011100                logobj_interface_read
 .text.logobj_interface_write
                0x00000000000111e0       0xfc /Users/crfosse/nordic/ncs/nrfxlib/bsdlib/lib/cortex-m33/hard-float/libbsd_nrf9160_xxaa.a(logobj_interface.c.o)
                0x00000000000111e0                logobj_interface_write
 .text.logobj_interface_setopt
                0x00000000000112dc      0x19c /Users/crfosse/nordic/ncs/nrfxlib/bsdlib/lib/cortex-m33/hard-float/libbsd_nrf9160_xxaa.a(logobj_interface.c.o)
                0x00000000000112dc                logobj_interface_setopt
 .text.logobj_interface_getopt
                0x0000000000011478       0xa4 /Users/crfosse/nordic/ncs/nrfxlib/bsdlib/lib/cortex-m33/hard-float/libbsd_nrf9160_xxaa.a(logobj_interface.c.o)
                0x0000000000011478                logobj_interface_getopt
 .text.logobj_interface_close
                0x000000000001151c       0x2c /Users/crfosse/nordic/ncs/nrfxlib/bsdlib/lib/cortex-m33/hard-float/libbsd_nrf9160_xxaa.a(logobj_interface.c.o)
                0x000000000001151c                logobj_interface_close
 .text.packet_free_cb
                0x0000000000011548        0x8 /Users/crfosse/nordic/ncs/nrfxlib/bsdlib/lib/cortex-m33/hard-float/libbsd_nrf9160_xxaa.a(at_interface.c.o)
 .text.at_interface_write
                0x0000000000011550       0xa8 /Users/crfosse/nordic/ncs/nrfxlib/bsdlib/lib/cortex-m33/hard-float/libbsd_nrf9160_xxaa.a(at_interface.c.o)
                0x0000000000011550                at_interface_write
 .text.at_interface_init
                0x00000000000115f8        0x4 /Users/crfosse/nordic/ncs/nrfxlib/bsdlib/lib/cortex-m33/hard-float/libbsd_nrf9160_xxaa.a(at_interface.c.o)
                0x00000000000115f8                at_interface_init
 .text.at_interface_open
                0x00000000000115fc       0x94 /Users/crfosse/nordic/ncs/nrfxlib/bsdlib/lib/cortex-m33/hard-float/libbsd_nrf9160_xxaa.a(at_interface.c.o)
                0x00000000000115fc                at_interface_open
 .text.at_interface_close
                0x0000000000011690       0x90 /Users/crfosse/nordic/ncs/nrfxlib/bsdlib/lib/cortex-m33/hard-float/libbsd_nrf9160_xxaa.a(at_interface.c.o)
                0x0000000000011690                at_interface_close
 .text.at_interface_read
                0x0000000000011720       0xb8 /Users/crfosse/nordic/ncs/nrfxlib/bsdlib/lib/cortex-m33/hard-float/libbsd_nrf9160_xxaa.a(at_interface.c.o)
                0x0000000000011720                at_interface_read
 .text.at_interface_getopt
                0x00000000000117d8        0x4 /Users/crfosse/nordic/ncs/nrfxlib/bsdlib/lib/cortex-m33/hard-float/libbsd_nrf9160_xxaa.a(at_interface.c.o)
                0x00000000000117d8                at_interface_getopt
 .text.at_interface_setopt
                0x00000000000117dc        0x4 /Users/crfosse/nordic/ncs/nrfxlib/bsdlib/lib/cortex-m33/hard-float/libbsd_nrf9160_xxaa.a(at_interface.c.o)
                0x00000000000117dc                at_interface_setopt
 .text.rpc_at_event_handler
                0x00000000000117e0       0xa4 /Users/crfosse/nordic/ncs/nrfxlib/bsdlib/lib/cortex-m33/hard-float/libbsd_nrf9160_xxaa.a(at_interface.c.o)
                0x00000000000117e0                rpc_at_event_handler
 .text.dfu_client_event_handler
                0x0000000000011884        0xc /Users/crfosse/nordic/ncs/nrfxlib/bsdlib/lib/cortex-m33/hard-float/libbsd_nrf9160_xxaa.a(rpc_dfu_client.c.o)
 .text.rpc_dfu_client_init
                0x0000000000011890        0xc /Users/crfosse/nordic/ncs/nrfxlib/bsdlib/lib/cortex-m33/hard-float/libbsd_nrf9160_xxaa.a(rpc_dfu_client.c.o)
                0x0000000000011890                rpc_dfu_client_init
 .text.rpc_dfu_client_request_alloc
                0x000000000001189c       0x28 /Users/crfosse/nordic/ncs/nrfxlib/bsdlib/lib/cortex-m33/hard-float/libbsd_nrf9160_xxaa.a(rpc_dfu_client.c.o)
                0x000000000001189c                rpc_dfu_client_request_alloc
 .text.rpc_dfu_client_request_send
                0x00000000000118c4       0x28 /Users/crfosse/nordic/ncs/nrfxlib/bsdlib/lib/cortex-m33/hard-float/libbsd_nrf9160_xxaa.a(rpc_dfu_client.c.o)
                0x00000000000118c4                rpc_dfu_client_request_send
 .text.rpc_dfu_client_message_free
                0x00000000000118ec       0x10 /Users/crfosse/nordic/ncs/nrfxlib/bsdlib/lib/cortex-m33/hard-float/libbsd_nrf9160_xxaa.a(rpc_dfu_client.c.o)
                0x00000000000118ec                rpc_dfu_client_message_free
 .text.rpc_dfu_client_data_free
                0x00000000000118fc       0x10 /Users/crfosse/nordic/ncs/nrfxlib/bsdlib/lib/cortex-m33/hard-float/libbsd_nrf9160_xxaa.a(rpc_dfu_client.c.o)
                0x00000000000118fc                rpc_dfu_client_data_free
 .text.mem_free
                0x000000000001190c       0xd8 /Users/crfosse/nordic/ncs/nrfxlib/bsdlib/lib/cortex-m33/hard-float/libbsd_nrf9160_xxaa.a(mem_manager.c.o)
 .text.mem_alloc.constprop.5
                0x00000000000119e4      0x1c8 /Users/crfosse/nordic/ncs/nrfxlib/bsdlib/lib/cortex-m33/hard-float/libbsd_nrf9160_xxaa.a(mem_manager.c.o)
 .text.mem_alloc.constprop.4
                0x0000000000011bac      0x1c0 /Users/crfosse/nordic/ncs/nrfxlib/bsdlib/lib/cortex-m33/hard-float/libbsd_nrf9160_xxaa.a(mem_manager.c.o)
 .text.nrf_mem_init
                0x0000000000011d6c       0xe8 /Users/crfosse/nordic/ncs/nrfxlib/bsdlib/lib/cortex-m33/hard-float/libbsd_nrf9160_xxaa.a(mem_manager.c.o)
                0x0000000000011d6c                nrf_mem_init
 .text.nrf_mem_register
                0x0000000000011e54      0x234 /Users/crfosse/nordic/ncs/nrfxlib/bsdlib/lib/cortex-m33/hard-float/libbsd_nrf9160_xxaa.a(mem_manager.c.o)
                0x0000000000011e54                nrf_mem_register
 .text.nrf_malloc
                0x0000000000012088       0x14 /Users/crfosse/nordic/ncs/nrfxlib/bsdlib/lib/cortex-m33/hard-float/libbsd_nrf9160_xxaa.a(mem_manager.c.o)
                0x0000000000012088                nrf_malloc
 .text.nrf_free
                0x000000000001209c       0x18 /Users/crfosse/nordic/ncs/nrfxlib/bsdlib/lib/cortex-m33/hard-float/libbsd_nrf9160_xxaa.a(mem_manager.c.o)
                0x000000000001209c                nrf_free
 .text.nrf_shared_malloc
                0x00000000000120b4       0x14 /Users/crfosse/nordic/ncs/nrfxlib/bsdlib/lib/cortex-m33/hard-float/libbsd_nrf9160_xxaa.a(mem_manager.c.o)
                0x00000000000120b4                nrf_shared_malloc
 .text.nrf_shared_free
                0x00000000000120c8       0x18 /Users/crfosse/nordic/ncs/nrfxlib/bsdlib/lib/cortex-m33/hard-float/libbsd_nrf9160_xxaa.a(mem_manager.c.o)
                0x00000000000120c8                nrf_shared_free
 .text.ip_client_event_handler
                0x00000000000120e0        0xc /Users/crfosse/nordic/ncs/nrfxlib/bsdlib/lib/cortex-m33/hard-float/libbsd_nrf9160_xxaa.a(rpc_ip_client.c.o)
 .text.rpc_ip_client_init
                0x00000000000120ec        0xc /Users/crfosse/nordic/ncs/nrfxlib/bsdlib/lib/cortex-m33/hard-float/libbsd_nrf9160_xxaa.a(rpc_ip_client.c.o)
                0x00000000000120ec                rpc_ip_client_init
 .text.rpc_ip_client_request_alloc
                0x00000000000120f8       0x28 /Users/crfosse/nordic/ncs/nrfxlib/bsdlib/lib/cortex-m33/hard-float/libbsd_nrf9160_xxaa.a(rpc_ip_client.c.o)
                0x00000000000120f8                rpc_ip_client_request_alloc
 .text.rpc_ip_client_request_send
                0x0000000000012120       0x2c /Users/crfosse/nordic/ncs/nrfxlib/bsdlib/lib/cortex-m33/hard-float/libbsd_nrf9160_xxaa.a(rpc_ip_client.c.o)
                0x0000000000012120                rpc_ip_client_request_send
 .text.rpc_ip_client_message_free
                0x000000000001214c       0x10 /Users/crfosse/nordic/ncs/nrfxlib/bsdlib/lib/cortex-m33/hard-float/libbsd_nrf9160_xxaa.a(rpc_ip_client.c.o)
                0x000000000001214c                rpc_ip_client_message_free
 .text.rpc_ip_client_data_free
                0x000000000001215c       0x10 /Users/crfosse/nordic/ncs/nrfxlib/bsdlib/lib/cortex-m33/hard-float/libbsd_nrf9160_xxaa.a(rpc_ip_client.c.o)
                0x000000000001215c                rpc_ip_client_data_free
 .text.secure_client_socket
                0x000000000001216c      0x12c /Users/crfosse/nordic/ncs/nrfxlib/bsdlib/lib/cortex-m33/hard-float/libbsd_nrf9160_xxaa.a(tls_interface.c.o)
 .text.tls_interface_init
                0x0000000000012298        0x4 /Users/crfosse/nordic/ncs/nrfxlib/bsdlib/lib/cortex-m33/hard-float/libbsd_nrf9160_xxaa.a(tls_interface.c.o)
                0x0000000000012298                tls_interface_init
 .text.tls_interface_open
                0x000000000001229c       0x98 /Users/crfosse/nordic/ncs/nrfxlib/bsdlib/lib/cortex-m33/hard-float/libbsd_nrf9160_xxaa.a(tls_interface.c.o)
                0x000000000001229c                tls_interface_open
 .text.tls_interface_close
                0x0000000000012334       0x3c /Users/crfosse/nordic/ncs/nrfxlib/bsdlib/lib/cortex-m33/hard-float/libbsd_nrf9160_xxaa.a(tls_interface.c.o)
                0x0000000000012334                tls_interface_close
 .text.tls_interface_sendto
                0x0000000000012370       0xb0 /Users/crfosse/nordic/ncs/nrfxlib/bsdlib/lib/cortex-m33/hard-float/libbsd_nrf9160_xxaa.a(tls_interface.c.o)
                0x0000000000012370                tls_interface_sendto
 .text.tls_interface_recvfrom
                0x0000000000012420       0x94 /Users/crfosse/nordic/ncs/nrfxlib/bsdlib/lib/cortex-m33/hard-float/libbsd_nrf9160_xxaa.a(tls_interface.c.o)
                0x0000000000012420                tls_interface_recvfrom
 .text.tls_interface_bind
                0x00000000000124b4       0xfc /Users/crfosse/nordic/ncs/nrfxlib/bsdlib/lib/cortex-m33/hard-float/libbsd_nrf9160_xxaa.a(tls_interface.c.o)
                0x00000000000124b4                tls_interface_bind
 .text.tls_interface_connect
                0x00000000000125b0       0x60 /Users/crfosse/nordic/ncs/nrfxlib/bsdlib/lib/cortex-m33/hard-float/libbsd_nrf9160_xxaa.a(tls_interface.c.o)
                0x00000000000125b0                tls_interface_connect
 .text.tls_interface_listen
                0x0000000000012610      0x114 /Users/crfosse/nordic/ncs/nrfxlib/bsdlib/lib/cortex-m33/hard-float/libbsd_nrf9160_xxaa.a(tls_interface.c.o)
                0x0000000000012610                tls_interface_listen
 .text.tls_interface_accept
                0x0000000000012724       0xa0 /Users/crfosse/nordic/ncs/nrfxlib/bsdlib/lib/cortex-m33/hard-float/libbsd_nrf9160_xxaa.a(tls_interface.c.o)
                0x0000000000012724                tls_interface_accept
 .text.tls_interface_setopt
                0x00000000000127c4      0x148 /Users/crfosse/nordic/ncs/nrfxlib/bsdlib/lib/cortex-m33/hard-float/libbsd_nrf9160_xxaa.a(tls_interface.c.o)
                0x00000000000127c4                tls_interface_setopt
 .text.tls_interface_getopt
                0x000000000001290c       0xd4 /Users/crfosse/nordic/ncs/nrfxlib/bsdlib/lib/cortex-m33/hard-float/libbsd_nrf9160_xxaa.a(tls_interface.c.o)
                0x000000000001290c                tls_interface_getopt
 .text.tls_rpc_ip_event_handler
                0x00000000000129e0      0x10c /Users/crfosse/nordic/ncs/nrfxlib/bsdlib/lib/cortex-m33/hard-float/libbsd_nrf9160_xxaa.a(tls_interface.c.o)
                0x00000000000129e0                tls_rpc_ip_event_handler
 .text.rpc_dfu_event_handler
                0x0000000000012aec       0x2c /Users/crfosse/nordic/ncs/nrfxlib/bsdlib/lib/cortex-m33/hard-float/libbsd_nrf9160_xxaa.a(mfu_interface.c.o)
                0x0000000000012aec                rpc_dfu_event_handler
 .text.mfu_interface_init
                0x0000000000012b18       0x38 /Users/crfosse/nordic/ncs/nrfxlib/bsdlib/lib/cortex-m33/hard-float/libbsd_nrf9160_xxaa.a(mfu_interface.c.o)
                0x0000000000012b18                mfu_interface_init
 .text.mfu_interface_open
                0x0000000000012b50       0x3c /Users/crfosse/nordic/ncs/nrfxlib/bsdlib/lib/cortex-m33/hard-float/libbsd_nrf9160_xxaa.a(mfu_interface.c.o)
                0x0000000000012b50                mfu_interface_open
 .text.mfu_interface_close
                0x0000000000012b8c       0xdc /Users/crfosse/nordic/ncs/nrfxlib/bsdlib/lib/cortex-m33/hard-float/libbsd_nrf9160_xxaa.a(mfu_interface.c.o)
                0x0000000000012b8c                mfu_interface_close
 .text.mfu_interface_sendto
                0x0000000000012c68      0x184 /Users/crfosse/nordic/ncs/nrfxlib/bsdlib/lib/cortex-m33/hard-float/libbsd_nrf9160_xxaa.a(mfu_interface.c.o)
                0x0000000000012c68                mfu_interface_sendto
 .text.mfu_interface_setopt
                0x0000000000012dec      0x130 /Users/crfosse/nordic/ncs/nrfxlib/bsdlib/lib/cortex-m33/hard-float/libbsd_nrf9160_xxaa.a(mfu_interface.c.o)
                0x0000000000012dec                mfu_interface_setopt
 .text.mfu_interface_getopt
                0x0000000000012f1c      0x1b0 /Users/crfosse/nordic/ncs/nrfxlib/bsdlib/lib/cortex-m33/hard-float/libbsd_nrf9160_xxaa.a(mfu_interface.c.o)
                0x0000000000012f1c                mfu_interface_getopt
 .text.bsd_platform_error_handler
                0x00000000000130cc        0x8 /Users/crfosse/nordic/ncs/nrfxlib/bsdlib/lib/cortex-m33/hard-float/libbsd_nrf9160_xxaa.a(bsd.c.o)
                0x00000000000130cc                bsd_platform_error_handler
 .text.bsd_init
                0x00000000000130d4       0x20 /Users/crfosse/nordic/ncs/nrfxlib/bsdlib/lib/cortex-m33/hard-float/libbsd_nrf9160_xxaa.a(bsd.c.o)
                0x00000000000130d4                bsd_init
 .text.unimplemented_method
                0x00000000000130f4       0x18 /Users/crfosse/nordic/ncs/nrfxlib/bsdlib/lib/cortex-m33/hard-float/libbsd_nrf9160_xxaa.a(bsd_platform.c.o)
 .text.rpc_transport_ipc_fault_handler
                0x000000000001310c        0x4 /Users/crfosse/nordic/ncs/nrfxlib/bsdlib/lib/cortex-m33/hard-float/libbsd_nrf9160_xxaa.a(bsd_platform.c.o)
                0x000000000001310c                rpc_transport_ipc_fault_handler
 .text.bsd_platform_init
                0x0000000000013110       0xcc /Users/crfosse/nordic/ncs/nrfxlib/bsdlib/lib/cortex-m33/hard-float/libbsd_nrf9160_xxaa.a(bsd_platform.c.o)
                0x0000000000013110                bsd_platform_init
 .text.bsd_platform_af_method_table_get
                0x00000000000131dc       0xa8 /Users/crfosse/nordic/ncs/nrfxlib/bsdlib/lib/cortex-m33/hard-float/libbsd_nrf9160_xxaa.a(bsd_platform.c.o)
                0x00000000000131dc                bsd_platform_af_method_table_get
 .text.bsd_platform_fd_method_table_get
                0x0000000000013284       0xe0 /Users/crfosse/nordic/ncs/nrfxlib/bsdlib/lib/cortex-m33/hard-float/libbsd_nrf9160_xxaa.a(bsd_platform.c.o)
                0x0000000000013284                bsd_platform_fd_method_table_get
 .text.bsd_platform_getaddrinfo
                0x0000000000013364        0x4 /Users/crfosse/nordic/ncs/nrfxlib/bsdlib/lib/cortex-m33/hard-float/libbsd_nrf9160_xxaa.a(bsd_platform_util.c.o)
                0x0000000000013364                bsd_platform_getaddrinfo
 .text.bsd_platform_freeaddrinfo
                0x0000000000013368        0x4 /Users/crfosse/nordic/ncs/nrfxlib/bsdlib/lib/cortex-m33/hard-float/libbsd_nrf9160_xxaa.a(bsd_platform_util.c.o)
                0x0000000000013368                bsd_platform_freeaddrinfo
 .text.bsd_platform_poll
                0x000000000001336c       0xb4 /Users/crfosse/nordic/ncs/nrfxlib/bsdlib/lib/cortex-m33/hard-float/libbsd_nrf9160_xxaa.a(bsd_platform_util.c.o)
                0x000000000001336c                bsd_platform_poll
 .text.bsd_platform_fcntl
                0x0000000000013420       0x20 /Users/crfosse/nordic/ncs/nrfxlib/bsdlib/lib/cortex-m33/hard-float/libbsd_nrf9160_xxaa.a(bsd_platform_util.c.o)
                0x0000000000013420                bsd_platform_fcntl
 .text.ipc_trace_init
                0x0000000000013440        0xc /Users/crfosse/nordic/ncs/nrfxlib/bsdlib/lib/cortex-m33/hard-float/libbsd_nrf9160_xxaa.a(ipc_trace.c.o)
                0x0000000000013440                ipc_trace_init
 .text.bsd_os_trace_irq_handler
                0x000000000001344c      0x1c4 /Users/crfosse/nordic/ncs/nrfxlib/bsdlib/lib/cortex-m33/hard-float/libbsd_nrf9160_xxaa.a(ipc_trace.c.o)
                0x000000000001344c                bsd_os_trace_irq_handler
 .text.ipc_trace_handle
                0x0000000000013610      0x2dc /Users/crfosse/nordic/ncs/nrfxlib/bsdlib/lib/cortex-m33/hard-float/libbsd_nrf9160_xxaa.a(ipc_trace.c.o)
                0x0000000000013610                ipc_trace_handle
 .text.rpc_trace_coredump_in_progress
                0x00000000000138ec        0xc /Users/crfosse/nordic/ncs/nrfxlib/bsdlib/lib/cortex-m33/hard-float/libbsd_nrf9160_xxaa.a(ipc_trace.c.o)
                0x00000000000138ec                rpc_trace_coredump_in_progress
 .text.transport_reset
                0x00000000000138f8        0x4 /Users/crfosse/nordic/ncs/nrfxlib/bsdlib/lib/cortex-m33/hard-float/libbsd_nrf9160_xxaa.a(rpc_transport_ipc.c.o)
 .text.transport_data_free
                0x00000000000138fc       0x38 /Users/crfosse/nordic/ncs/nrfxlib/bsdlib/lib/cortex-m33/hard-float/libbsd_nrf9160_xxaa.a(rpc_transport_ipc.c.o)
 .text.rpc_transport_ipc_init
                0x0000000000013934       0x84 /Users/crfosse/nordic/ncs/nrfxlib/bsdlib/lib/cortex-m33/hard-float/libbsd_nrf9160_xxaa.a(rpc_transport_ipc.c.o)
                0x0000000000013934                rpc_transport_ipc_init
 .text.rpc_transport_rx_handle
                0x00000000000139b8       0x44 /Users/crfosse/nordic/ncs/nrfxlib/bsdlib/lib/cortex-m33/hard-float/libbsd_nrf9160_xxaa.a(rpc_transport_ipc.c.o)
                0x00000000000139b8                rpc_transport_rx_handle
 .text.rpc_transport_ipc_rx_init
                0x00000000000139fc      0x240 /Users/crfosse/nordic/ncs/nrfxlib/bsdlib/lib/cortex-m33/hard-float/libbsd_nrf9160_xxaa.a(rpc_transport_ipc_rx.c.o)
                0x00000000000139fc                rpc_transport_ipc_rx_init
 .text.IPC_IRQHandler
                0x0000000000013c3c      0x3dc /Users/crfosse/nordic/ncs/nrfxlib/bsdlib/lib/cortex-m33/hard-float/libbsd_nrf9160_xxaa.a(rpc_transport_ipc_rx.c.o)
                0x0000000000013c3c                IPC_IRQHandler
 .text.rpc_transport_msg_free
                0x0000000000014018       0x6c /Users/crfosse/nordic/ncs/nrfxlib/bsdlib/lib/cortex-m33/hard-float/libbsd_nrf9160_xxaa.a(rpc_transport_ipc_rx.c.o)
                0x0000000000014018                rpc_transport_msg_free
 .text.rpc_transport_ipc_tx_init
                0x0000000000014084      0x1d4 /Users/crfosse/nordic/ncs/nrfxlib/bsdlib/lib/cortex-m33/hard-float/libbsd_nrf9160_xxaa.a(rpc_transport_ipc_tx.c.o)
                0x0000000000014084                rpc_transport_ipc_tx_init
 .text.rpc_transport_ipc_tx_send
                0x0000000000014258      0x100 /Users/crfosse/nordic/ncs/nrfxlib/bsdlib/lib/cortex-m33/hard-float/libbsd_nrf9160_xxaa.a(rpc_transport_ipc_tx.c.o)
                0x0000000000014258                rpc_transport_ipc_tx_send
 .text.rpc_transport_ipc_tx_rpc_data_alloc
                0x0000000000014358       0x70 /Users/crfosse/nordic/ncs/nrfxlib/bsdlib/lib/cortex-m33/hard-float/libbsd_nrf9160_xxaa.a(rpc_transport_ipc_tx.c.o)
                0x0000000000014358                rpc_transport_ipc_tx_rpc_data_alloc
 .text.rpc_transport_ipc_tx_rpc_ctrl_alloc
                0x00000000000143c8       0x60 /Users/crfosse/nordic/ncs/nrfxlib/bsdlib/lib/cortex-m33/hard-float/libbsd_nrf9160_xxaa.a(rpc_transport_ipc_tx.c.o)
                0x00000000000143c8                rpc_transport_ipc_tx_rpc_ctrl_alloc
 .text.rpc_transport_ipc_tx_data_alloc
                0x0000000000014428       0x14 /Users/crfosse/nordic/ncs/nrfxlib/bsdlib/lib/cortex-m33/hard-float/libbsd_nrf9160_xxaa.a(rpc_transport_ipc_tx.c.o)
                0x0000000000014428                rpc_transport_ipc_tx_data_alloc
 .text.ok_rsp_parser
                0x000000000001443c        0x4 /Users/crfosse/nordic/ncs/nrfxlib/bsdlib/lib/cortex-m33/hard-float/libbsd_nrf9160_xxaa.a(pdn_interface.c.o)
 .text.pdn_state_get_parser
                0x0000000000014440       0x6c /Users/crfosse/nordic/ncs/nrfxlib/bsdlib/lib/cortex-m33/hard-float/libbsd_nrf9160_xxaa.a(pdn_interface.c.o)
 .text.pdn_id_get_parser
                0x00000000000144ac       0x58 /Users/crfosse/nordic/ncs/nrfxlib/bsdlib/lib/cortex-m33/hard-float/libbsd_nrf9160_xxaa.a(pdn_interface.c.o)
 .text.context_create_parser
                0x0000000000014504       0x58 /Users/crfosse/nordic/ncs/nrfxlib/bsdlib/lib/cortex-m33/hard-float/libbsd_nrf9160_xxaa.a(pdn_interface.c.o)
 .text.pdn_interface_init
                0x000000000001455c       0x34 /Users/crfosse/nordic/ncs/nrfxlib/bsdlib/lib/cortex-m33/hard-float/libbsd_nrf9160_xxaa.a(pdn_interface.c.o)
                0x000000000001455c                pdn_interface_init
 .text.pdn_interface_open
                0x0000000000014590      0x1c0 /Users/crfosse/nordic/ncs/nrfxlib/bsdlib/lib/cortex-m33/hard-float/libbsd_nrf9160_xxaa.a(pdn_interface.c.o)
                0x0000000000014590                pdn_interface_open
 .text.pdn_interface_connect
                0x0000000000014750      0x300 /Users/crfosse/nordic/ncs/nrfxlib/bsdlib/lib/cortex-m33/hard-float/libbsd_nrf9160_xxaa.a(pdn_interface.c.o)
                0x0000000000014750                pdn_interface_connect
 .text.pdn_interface_close
                0x0000000000014a50      0x1b8 /Users/crfosse/nordic/ncs/nrfxlib/bsdlib/lib/cortex-m33/hard-float/libbsd_nrf9160_xxaa.a(pdn_interface.c.o)
                0x0000000000014a50                pdn_interface_close
 .text.pdn_interface_setopt
                0x0000000000014c08       0xb0 /Users/crfosse/nordic/ncs/nrfxlib/bsdlib/lib/cortex-m33/hard-float/libbsd_nrf9160_xxaa.a(pdn_interface.c.o)
                0x0000000000014c08                pdn_interface_setopt
 .text.pdn_interface_getopt
                0x0000000000014cb8      0x198 /Users/crfosse/nordic/ncs/nrfxlib/bsdlib/lib/cortex-m33/hard-float/libbsd_nrf9160_xxaa.a(pdn_interface.c.o)
                0x0000000000014cb8                pdn_interface_getopt
 .text.pdn_interface_pdn_id_get
                0x0000000000014e50      0x7b4 /Users/crfosse/nordic/ncs/nrfxlib/bsdlib/lib/cortex-m33/hard-float/libbsd_nrf9160_xxaa.a(pdn_interface.c.o)
                0x0000000000014e50                pdn_interface_pdn_id_get
 .text.linked_list_init
                0x0000000000015604       0x14 /Users/crfosse/nordic/ncs/nrfxlib/bsdlib/lib/cortex-m33/hard-float/libbsd_nrf9160_xxaa.a(linked_list.c.o)
                0x0000000000015604                linked_list_init
 .text.linked_list_push
                0x0000000000015618       0x2c /Users/crfosse/nordic/ncs/nrfxlib/bsdlib/lib/cortex-m33/hard-float/libbsd_nrf9160_xxaa.a(linked_list.c.o)
                0x0000000000015618                linked_list_push
 .text.linked_list_pop
                0x0000000000015644       0x14 /Users/crfosse/nordic/ncs/nrfxlib/bsdlib/lib/cortex-m33/hard-float/libbsd_nrf9160_xxaa.a(linked_list.c.o)
                0x0000000000015644                linked_list_pop
 .text.linked_list_peek
                0x0000000000015658        0xc /Users/crfosse/nordic/ncs/nrfxlib/bsdlib/lib/cortex-m33/hard-float/libbsd_nrf9160_xxaa.a(linked_list.c.o)
                0x0000000000015658                linked_list_peek
 .text.linked_list_size_get
                0x0000000000015664        0x4 /Users/crfosse/nordic/ncs/nrfxlib/bsdlib/lib/cortex-m33/hard-float/libbsd_nrf9160_xxaa.a(linked_list.c.o)
                0x0000000000015664                linked_list_size_get
 .text.linked_list_get_next
                0x0000000000015668        0x4 /Users/crfosse/nordic/ncs/nrfxlib/bsdlib/lib/cortex-m33/hard-float/libbsd_nrf9160_xxaa.a(linked_list.c.o)
                0x0000000000015668                linked_list_get_next
 .text.nrf_socket
                0x000000000001566c       0x24 /Users/crfosse/nordic/ncs/nrfxlib/bsdlib/lib/cortex-m33/hard-float/libbsd_nrf9160_xxaa.a(socket.c.o)
                0x000000000001566c                nrf_socket
 .text.nrf_close
                0x0000000000015690       0x1c /Users/crfosse/nordic/ncs/nrfxlib/bsdlib/lib/cortex-m33/hard-float/libbsd_nrf9160_xxaa.a(socket.c.o)
                0x0000000000015690                nrf_close
 .text.nrf_sendto
                0x00000000000156ac       0x38 /Users/crfosse/nordic/ncs/nrfxlib/bsdlib/lib/cortex-m33/hard-float/libbsd_nrf9160_xxaa.a(socket.c.o)
                0x00000000000156ac                nrf_sendto
 .text.nrf_send
                0x00000000000156e4       0x34 /Users/crfosse/nordic/ncs/nrfxlib/bsdlib/lib/cortex-m33/hard-float/libbsd_nrf9160_xxaa.a(socket.c.o)
                0x00000000000156e4                nrf_send
 .text.nrf_recvfrom
                0x0000000000015718       0x38 /Users/crfosse/nordic/ncs/nrfxlib/bsdlib/lib/cortex-m33/hard-float/libbsd_nrf9160_xxaa.a(socket.c.o)
                0x0000000000015718                nrf_recvfrom
 .text.nrf_recv
                0x0000000000015750       0x34 /Users/crfosse/nordic/ncs/nrfxlib/bsdlib/lib/cortex-m33/hard-float/libbsd_nrf9160_xxaa.a(socket.c.o)
                0x0000000000015750                nrf_recv
 .text.nrf_connect
                0x0000000000015784       0x24 /Users/crfosse/nordic/ncs/nrfxlib/bsdlib/lib/cortex-m33/hard-float/libbsd_nrf9160_xxaa.a(socket.c.o)
                0x0000000000015784                nrf_connect
 .text.nrf_listen
                0x00000000000157a8       0x20 /Users/crfosse/nordic/ncs/nrfxlib/bsdlib/lib/cortex-m33/hard-float/libbsd_nrf9160_xxaa.a(socket.c.o)
                0x00000000000157a8                nrf_listen
 .text.nrf_accept
                0x00000000000157c8       0x2c /Users/crfosse/nordic/ncs/nrfxlib/bsdlib/lib/cortex-m33/hard-float/libbsd_nrf9160_xxaa.a(socket.c.o)
                0x00000000000157c8                nrf_accept
 .text.nrf_bind
                0x00000000000157f4       0x24 /Users/crfosse/nordic/ncs/nrfxlib/bsdlib/lib/cortex-m33/hard-float/libbsd_nrf9160_xxaa.a(socket.c.o)
                0x00000000000157f4                nrf_bind
 .text.nrf_setsockopt
                0x0000000000015818       0x38 /Users/crfosse/nordic/ncs/nrfxlib/bsdlib/lib/cortex-m33/hard-float/libbsd_nrf9160_xxaa.a(socket.c.o)
                0x0000000000015818                nrf_setsockopt
 .text.nrf_getsockopt
                0x0000000000015850       0x38 /Users/crfosse/nordic/ncs/nrfxlib/bsdlib/lib/cortex-m33/hard-float/libbsd_nrf9160_xxaa.a(socket.c.o)
                0x0000000000015850                nrf_getsockopt
 .text.nrf_getaddrinfo
                0x0000000000015888        0x4 /Users/crfosse/nordic/ncs/nrfxlib/bsdlib/lib/cortex-m33/hard-float/libbsd_nrf9160_xxaa.a(socket.c.o)
                0x0000000000015888                nrf_getaddrinfo
 .text.nrf_freeaddrinfo
                0x000000000001588c        0x4 /Users/crfosse/nordic/ncs/nrfxlib/bsdlib/lib/cortex-m33/hard-float/libbsd_nrf9160_xxaa.a(socket.c.o)
                0x000000000001588c                nrf_freeaddrinfo
 .text.nrf_poll
                0x0000000000015890        0x4 /Users/crfosse/nordic/ncs/nrfxlib/bsdlib/lib/cortex-m33/hard-float/libbsd_nrf9160_xxaa.a(socket.c.o)
                0x0000000000015890                nrf_poll
 .text.nrf_fcntl
                0x0000000000015894        0x4 /Users/crfosse/nordic/ncs/nrfxlib/bsdlib/lib/cortex-m33/hard-float/libbsd_nrf9160_xxaa.a(socket.c.o)
                0x0000000000015894                nrf_fcntl
 .text.at_client_evt_handler
                0x0000000000015898       0x10 /Users/crfosse/nordic/ncs/nrfxlib/bsdlib/lib/cortex-m33/hard-float/libbsd_nrf9160_xxaa.a(rpc_at_client.c.o)
 .text.rpc_at_client_init
                0x00000000000158a8        0xc /Users/crfosse/nordic/ncs/nrfxlib/bsdlib/lib/cortex-m33/hard-float/libbsd_nrf9160_xxaa.a(rpc_at_client.c.o)
                0x00000000000158a8                rpc_at_client_init
 .text.rpc_at_client_request_alloc
                0x00000000000158b4       0x28 /Users/crfosse/nordic/ncs/nrfxlib/bsdlib/lib/cortex-m33/hard-float/libbsd_nrf9160_xxaa.a(rpc_at_client.c.o)
                0x00000000000158b4                rpc_at_client_request_alloc
 .text.rpc_at_client_request_send
                0x00000000000158dc       0x1c /Users/crfosse/nordic/ncs/nrfxlib/bsdlib/lib/cortex-m33/hard-float/libbsd_nrf9160_xxaa.a(rpc_at_client.c.o)
                0x00000000000158dc                rpc_at_client_request_send
 .text.rpc_at_client_message_free
                0x00000000000158f8       0x10 /Users/crfosse/nordic/ncs/nrfxlib/bsdlib/lib/cortex-m33/hard-float/libbsd_nrf9160_xxaa.a(rpc_at_client.c.o)
                0x00000000000158f8                rpc_at_client_message_free
 .text.rpc_at_client_data_free
                0x0000000000015908       0x10 /Users/crfosse/nordic/ncs/nrfxlib/bsdlib/lib/cortex-m33/hard-float/libbsd_nrf9160_xxaa.a(rpc_at_client.c.o)
                0x0000000000015908                rpc_at_client_data_free
 .text.ip_recvd_packet_free_cb
                0x0000000000015918       0x18 /Users/crfosse/nordic/ncs/nrfxlib/bsdlib/lib/cortex-m33/hard-float/libbsd_nrf9160_xxaa.a(ip_interface.c.o)
 .text.rpc_error_to_nrf_bsd_error
                0x0000000000015930       0x14 /Users/crfosse/nordic/ncs/nrfxlib/bsdlib/lib/cortex-m33/hard-float/libbsd_nrf9160_xxaa.a(ip_interface.c.o)
                0x0000000000015930                rpc_error_to_nrf_bsd_error
 .text.ip_interface_request_create
                0x0000000000015944       0x40 /Users/crfosse/nordic/ncs/nrfxlib/bsdlib/lib/cortex-m33/hard-float/libbsd_nrf9160_xxaa.a(ip_interface.c.o)
                0x0000000000015944                ip_interface_request_create
 .text.ip_interface_request_send
                0x0000000000015984       0x28 /Users/crfosse/nordic/ncs/nrfxlib/bsdlib/lib/cortex-m33/hard-float/libbsd_nrf9160_xxaa.a(ip_interface.c.o)
                0x0000000000015984                ip_interface_request_send
 .text.ip_interface_wait
                0x00000000000159ac       0x28 /Users/crfosse/nordic/ncs/nrfxlib/bsdlib/lib/cortex-m33/hard-float/libbsd_nrf9160_xxaa.a(ip_interface.c.o)
                0x00000000000159ac                ip_interface_wait
 .text.ip_interface_init
                0x00000000000159d4       0x30 /Users/crfosse/nordic/ncs/nrfxlib/bsdlib/lib/cortex-m33/hard-float/libbsd_nrf9160_xxaa.a(ip_interface.c.o)
                0x00000000000159d4                ip_interface_init
 .text.ip_interface_open
                0x0000000000015a04      0x158 /Users/crfosse/nordic/ncs/nrfxlib/bsdlib/lib/cortex-m33/hard-float/libbsd_nrf9160_xxaa.a(ip_interface.c.o)
                0x0000000000015a04                ip_interface_open
 .text.ip_interface_close
                0x0000000000015b5c       0xe0 /Users/crfosse/nordic/ncs/nrfxlib/bsdlib/lib/cortex-m33/hard-float/libbsd_nrf9160_xxaa.a(ip_interface.c.o)
                0x0000000000015b5c                ip_interface_close
 .text.ip_interface_sendto
                0x0000000000015c3c      0x274 /Users/crfosse/nordic/ncs/nrfxlib/bsdlib/lib/cortex-m33/hard-float/libbsd_nrf9160_xxaa.a(ip_interface.c.o)
                0x0000000000015c3c                ip_interface_sendto
 .text.ip_interface_recvfrom
                0x0000000000015eb0      0x258 /Users/crfosse/nordic/ncs/nrfxlib/bsdlib/lib/cortex-m33/hard-float/libbsd_nrf9160_xxaa.a(ip_interface.c.o)
                0x0000000000015eb0                ip_interface_recvfrom
 .text.ip_interface_connect
                0x0000000000016108      0x154 /Users/crfosse/nordic/ncs/nrfxlib/bsdlib/lib/cortex-m33/hard-float/libbsd_nrf9160_xxaa.a(ip_interface.c.o)
                0x0000000000016108                ip_interface_connect
 .text.ip_interface_bind
                0x000000000001625c      0x12c /Users/crfosse/nordic/ncs/nrfxlib/bsdlib/lib/cortex-m33/hard-float/libbsd_nrf9160_xxaa.a(ip_interface.c.o)
                0x000000000001625c                ip_interface_bind
 .text.ip_interface_listen
                0x0000000000016388       0xec /Users/crfosse/nordic/ncs/nrfxlib/bsdlib/lib/cortex-m33/hard-float/libbsd_nrf9160_xxaa.a(ip_interface.c.o)
                0x0000000000016388                ip_interface_listen
 .text.ip_interface_accept
                0x0000000000016474      0x270 /Users/crfosse/nordic/ncs/nrfxlib/bsdlib/lib/cortex-m33/hard-float/libbsd_nrf9160_xxaa.a(ip_interface.c.o)
                0x0000000000016474                ip_interface_accept
 .text.ip_interface_setopt
                0x00000000000166e4      0x178 /Users/crfosse/nordic/ncs/nrfxlib/bsdlib/lib/cortex-m33/hard-float/libbsd_nrf9160_xxaa.a(ip_interface.c.o)
                0x00000000000166e4                ip_interface_setopt
 .text.ip_interface_getopt
                0x000000000001685c        0x4 /Users/crfosse/nordic/ncs/nrfxlib/bsdlib/lib/cortex-m33/hard-float/libbsd_nrf9160_xxaa.a(ip_interface.c.o)
                0x000000000001685c                ip_interface_getopt
 .text.ip_interface_getaddrinfo
                0x0000000000016860      0x1ec /Users/crfosse/nordic/ncs/nrfxlib/bsdlib/lib/cortex-m33/hard-float/libbsd_nrf9160_xxaa.a(ip_interface.c.o)
                0x0000000000016860                ip_interface_getaddrinfo
 .text.ip_interface_freeaddrinfo
                0x0000000000016a4c       0x3c /Users/crfosse/nordic/ncs/nrfxlib/bsdlib/lib/cortex-m33/hard-float/libbsd_nrf9160_xxaa.a(ip_interface.c.o)
                0x0000000000016a4c                ip_interface_freeaddrinfo
 .text.rpc_ip_event_handler
                0x0000000000016a88      0x4ec /Users/crfosse/nordic/ncs/nrfxlib/bsdlib/lib/cortex-m33/hard-float/libbsd_nrf9160_xxaa.a(ip_interface.c.o)
                0x0000000000016a88                rpc_ip_event_handler
 .text.interface_init
                0x0000000000016f74       0x18 /Users/crfosse/nordic/ncs/nrfxlib/bsdlib/lib/cortex-m33/hard-float/libbsd_nrf9160_xxaa.a(interface.c.o)
                0x0000000000016f74                interface_init
 .text.interface_socket_allocate
                0x0000000000016f8c       0xbc /Users/crfosse/nordic/ncs/nrfxlib/bsdlib/lib/cortex-m33/hard-float/libbsd_nrf9160_xxaa.a(interface.c.o)
                0x0000000000016f8c                interface_socket_allocate
 .text.interface_socket_free
                0x0000000000017048       0x2c /Users/crfosse/nordic/ncs/nrfxlib/bsdlib/lib/cortex-m33/hard-float/libbsd_nrf9160_xxaa.a(interface.c.o)
                0x0000000000017048                interface_socket_free
 .text.interface_socket_packet_handler_update
                0x0000000000017074       0x70 /Users/crfosse/nordic/ncs/nrfxlib/bsdlib/lib/cortex-m33/hard-float/libbsd_nrf9160_xxaa.a(interface.c.o)
                0x0000000000017074                interface_socket_packet_handler_update
 .text.interface_socket_wait
                0x00000000000170e4       0x44 /Users/crfosse/nordic/ncs/nrfxlib/bsdlib/lib/cortex-m33/hard-float/libbsd_nrf9160_xxaa.a(interface.c.o)
                0x00000000000170e4                interface_socket_wait
 .text.interface_from_internal_id_search
                0x0000000000017128       0xa4 /Users/crfosse/nordic/ncs/nrfxlib/bsdlib/lib/cortex-m33/hard-float/libbsd_nrf9160_xxaa.a(interface.c.o)
                0x0000000000017128                interface_from_internal_id_search
 .text.interface_socket_from_handle_get
                0x00000000000171cc       0x1c /Users/crfosse/nordic/ncs/nrfxlib/bsdlib/lib/cortex-m33/hard-float/libbsd_nrf9160_xxaa.a(interface.c.o)
                0x00000000000171cc                interface_socket_from_handle_get
 .text.interface_socket_event_get
                0x00000000000171e8       0x34 /Users/crfosse/nordic/ncs/nrfxlib/bsdlib/lib/cortex-m33/hard-float/libbsd_nrf9160_xxaa.a(interface.c.o)
                0x00000000000171e8                interface_socket_event_get
 .text.interface_socket_setopt
                0x000000000001721c       0x6c /Users/crfosse/nordic/ncs/nrfxlib/bsdlib/lib/cortex-m33/hard-float/libbsd_nrf9160_xxaa.a(interface.c.o)
                0x000000000001721c                interface_socket_setopt
 .text.interface_socket_getopt
                0x0000000000017288       0x5c /Users/crfosse/nordic/ncs/nrfxlib/bsdlib/lib/cortex-m33/hard-float/libbsd_nrf9160_xxaa.a(interface.c.o)
                0x0000000000017288                interface_socket_getopt
 .text.interface_socket_fcntl
                0x00000000000172e4       0x54 /Users/crfosse/nordic/ncs/nrfxlib/bsdlib/lib/cortex-m33/hard-float/libbsd_nrf9160_xxaa.a(interface.c.o)
                0x00000000000172e4                interface_socket_fcntl
 .text.bsd_os_application_irq_handler
                0x0000000000017338       0xe0 /Users/crfosse/nordic/ncs/nrfxlib/bsdlib/lib/cortex-m33/hard-float/libbsd_nrf9160_xxaa.a(rpc_framework.c.o)
                0x0000000000017338                bsd_os_application_irq_handler
 .text.rpc_framework_init
                0x0000000000017418       0x14 /Users/crfosse/nordic/ncs/nrfxlib/bsdlib/lib/cortex-m33/hard-float/libbsd_nrf9160_xxaa.a(rpc_framework.c.o)
                0x0000000000017418                rpc_framework_init
 .text.rpc_client_register
                0x000000000001742c       0xd4 /Users/crfosse/nordic/ncs/nrfxlib/bsdlib/lib/cortex-m33/hard-float/libbsd_nrf9160_xxaa.a(rpc_framework.c.o)
                0x000000000001742c                rpc_client_register
 .text.rpc_transport_input
                0x0000000000017500      0x21c /Users/crfosse/nordic/ncs/nrfxlib/bsdlib/lib/cortex-m33/hard-float/libbsd_nrf9160_xxaa.a(rpc_framework.c.o)
                0x0000000000017500                rpc_transport_input
 .text.rpc_transport_register
                0x000000000001771c       0xc0 /Users/crfosse/nordic/ncs/nrfxlib/bsdlib/lib/cortex-m33/hard-float/libbsd_nrf9160_xxaa.a(rpc_framework.c.o)
                0x000000000001771c                rpc_transport_register
 .text.rpc_transport_unregister
                0x00000000000177dc       0x90 /Users/crfosse/nordic/ncs/nrfxlib/bsdlib/lib/cortex-m33/hard-float/libbsd_nrf9160_xxaa.a(rpc_framework.c.o)
                0x00000000000177dc                rpc_transport_unregister
 .text.rpc_message_send
                0x000000000001786c       0x30 /Users/crfosse/nordic/ncs/nrfxlib/bsdlib/lib/cortex-m33/hard-float/libbsd_nrf9160_xxaa.a(rpc_framework.c.o)
                0x000000000001786c                rpc_message_send
 .text.rpc_message_alloc
                0x000000000001789c       0x64 /Users/crfosse/nordic/ncs/nrfxlib/bsdlib/lib/cortex-m33/hard-float/libbsd_nrf9160_xxaa.a(rpc_framework.c.o)
                0x000000000001789c                rpc_message_alloc
 .text.rpc_message_free
                0x0000000000017900      0x224 /Users/crfosse/nordic/ncs/nrfxlib/bsdlib/lib/cortex-m33/hard-float/libbsd_nrf9160_xxaa.a(rpc_framework.c.o)
                0x0000000000017900                rpc_message_free
 .text.rpc_message_data_free
                0x0000000000017b24      0x220 /Users/crfosse/nordic/ncs/nrfxlib/bsdlib/lib/cortex-m33/hard-float/libbsd_nrf9160_xxaa.a(rpc_framework.c.o)
                0x0000000000017b24                rpc_message_data_free
 .text.packet_free_cb
                0x0000000000017d44       0x1c /Users/crfosse/nordic/ncs/nrfxlib/bsdlib/lib/cortex-m33/hard-float/libbsd_nrf9160_xxaa.a(gnss_interface.c.o)
 .text.rpc_gnss_event_handler
                0x0000000000017d60      0x1a8 /Users/crfosse/nordic/ncs/nrfxlib/bsdlib/lib/cortex-m33/hard-float/libbsd_nrf9160_xxaa.a(gnss_interface.c.o)
                0x0000000000017d60                rpc_gnss_event_handler
 .text.gnss_interface_write
                0x0000000000017f08      0x1f0 /Users/crfosse/nordic/ncs/nrfxlib/bsdlib/lib/cortex-m33/hard-float/libbsd_nrf9160_xxaa.a(gnss_interface.c.o)
                0x0000000000017f08                gnss_interface_write
 .text.gnss_interface_read
                0x00000000000180f8      0x400 /Users/crfosse/nordic/ncs/nrfxlib/bsdlib/lib/cortex-m33/hard-float/libbsd_nrf9160_xxaa.a(gnss_interface.c.o)
                0x00000000000180f8                gnss_interface_read
 .text.gnss_interface_setopt
                0x00000000000184f8      0x294 /Users/crfosse/nordic/ncs/nrfxlib/bsdlib/lib/cortex-m33/hard-float/libbsd_nrf9160_xxaa.a(gnss_interface.c.o)
                0x00000000000184f8                gnss_interface_setopt
 .text.gnss_interface_getopt
                0x000000000001878c      0x220 /Users/crfosse/nordic/ncs/nrfxlib/bsdlib/lib/cortex-m33/hard-float/libbsd_nrf9160_xxaa.a(gnss_interface.c.o)
                0x000000000001878c                gnss_interface_getopt
 .text.gnss_interface_init
                0x00000000000189ac       0x3c /Users/crfosse/nordic/ncs/nrfxlib/bsdlib/lib/cortex-m33/hard-float/libbsd_nrf9160_xxaa.a(gnss_interface.c.o)
                0x00000000000189ac                gnss_interface_init
 .text.gnss_interface_open
                0x00000000000189e8       0x70 /Users/crfosse/nordic/ncs/nrfxlib/bsdlib/lib/cortex-m33/hard-float/libbsd_nrf9160_xxaa.a(gnss_interface.c.o)
                0x00000000000189e8                gnss_interface_open
 .text.gnss_interface_close
                0x0000000000018a58       0x5c /Users/crfosse/nordic/ncs/nrfxlib/bsdlib/lib/cortex-m33/hard-float/libbsd_nrf9160_xxaa.a(gnss_interface.c.o)
                0x0000000000018a58                gnss_interface_close
 .text.rpc_gnss_serialize_utc
                0x0000000000018ab4       0x44 /Users/crfosse/nordic/ncs/nrfxlib/bsdlib/lib/cortex-m33/hard-float/libbsd_nrf9160_xxaa.a(rpc_gnss_agps_serializer.c.o)
                0x0000000000018ab4                rpc_gnss_serialize_utc
 .text.rpc_gnss_serialize_ephe
                0x0000000000018af8       0xa4 /Users/crfosse/nordic/ncs/nrfxlib/bsdlib/lib/cortex-m33/hard-float/libbsd_nrf9160_xxaa.a(rpc_gnss_agps_serializer.c.o)
                0x0000000000018af8                rpc_gnss_serialize_ephe
 .text.rpc_gnss_serialize_alm
                0x0000000000018b9c       0x64 /Users/crfosse/nordic/ncs/nrfxlib/bsdlib/lib/cortex-m33/hard-float/libbsd_nrf9160_xxaa.a(rpc_gnss_agps_serializer.c.o)
                0x0000000000018b9c                rpc_gnss_serialize_alm
 .text.rpc_gnss_serialize_klob
                0x0000000000018c00       0x48 /Users/crfosse/nordic/ncs/nrfxlib/bsdlib/lib/cortex-m33/hard-float/libbsd_nrf9160_xxaa.a(rpc_gnss_agps_serializer.c.o)
                0x0000000000018c00                rpc_gnss_serialize_klob
 .text.rpc_gnss_serialize_nequick
                0x0000000000018c48       0x34 /Users/crfosse/nordic/ncs/nrfxlib/bsdlib/lib/cortex-m33/hard-float/libbsd_nrf9160_xxaa.a(rpc_gnss_agps_serializer.c.o)
                0x0000000000018c48                rpc_gnss_serialize_nequick
 .text.rpc_gnss_serialize_time_and_sv_tow
                0x0000000000018c7c       0x50 /Users/crfosse/nordic/ncs/nrfxlib/bsdlib/lib/cortex-m33/hard-float/libbsd_nrf9160_xxaa.a(rpc_gnss_agps_serializer.c.o)
                0x0000000000018c7c                rpc_gnss_serialize_time_and_sv_tow
 .text.rpc_gnss_serialize_location
                0x0000000000018ccc       0x40 /Users/crfosse/nordic/ncs/nrfxlib/bsdlib/lib/cortex-m33/hard-float/libbsd_nrf9160_xxaa.a(rpc_gnss_agps_serializer.c.o)
                0x0000000000018ccc                rpc_gnss_serialize_location
 .text.rpc_gnss_serialize_integrity
                0x0000000000018d0c       0x1c /Users/crfosse/nordic/ncs/nrfxlib/bsdlib/lib/cortex-m33/hard-float/libbsd_nrf9160_xxaa.a(rpc_gnss_agps_serializer.c.o)
                0x0000000000018d0c                rpc_gnss_serialize_integrity
 .text.gnss_client_event_handler
                0x0000000000018d28        0xc /Users/crfosse/nordic/ncs/nrfxlib/bsdlib/lib/cortex-m33/hard-float/libbsd_nrf9160_xxaa.a(rpc_gnss_client.c.o)
 .text.rpc_gnss_client_init
                0x0000000000018d34        0xc /Users/crfosse/nordic/ncs/nrfxlib/bsdlib/lib/cortex-m33/hard-float/libbsd_nrf9160_xxaa.a(rpc_gnss_client.c.o)
                0x0000000000018d34                rpc_gnss_client_init
 .text.rpc_gnss_client_request_alloc
                0x0000000000018d40       0x28 /Users/crfosse/nordic/ncs/nrfxlib/bsdlib/lib/cortex-m33/hard-float/libbsd_nrf9160_xxaa.a(rpc_gnss_client.c.o)
                0x0000000000018d40                rpc_gnss_client_request_alloc
 .text.rpc_gnss_client_request_send
                0x0000000000018d68       0x2c /Users/crfosse/nordic/ncs/nrfxlib/bsdlib/lib/cortex-m33/hard-float/libbsd_nrf9160_xxaa.a(rpc_gnss_client.c.o)
                0x0000000000018d68                rpc_gnss_client_request_send
 .text.rpc_gnss_client_message_free
                0x0000000000018d94       0x10 /Users/crfosse/nordic/ncs/nrfxlib/bsdlib/lib/cortex-m33/hard-float/libbsd_nrf9160_xxaa.a(rpc_gnss_client.c.o)
                0x0000000000018d94                rpc_gnss_client_message_free
 .text.rpc_gnss_client_data_free
                0x0000000000018da4       0x10 /Users/crfosse/nordic/ncs/nrfxlib/bsdlib/lib/cortex-m33/hard-float/libbsd_nrf9160_xxaa.a(rpc_gnss_client.c.o)
                0x0000000000018da4                rpc_gnss_client_data_free
 .text.datagram_handler_init
                0x0000000000018db4       0x1c /Users/crfosse/nordic/ncs/nrfxlib/bsdlib/lib/cortex-m33/hard-float/libbsd_nrf9160_xxaa.a(datagram_handler.c.o)
                0x0000000000018db4                datagram_handler_init
 .text.datagram_handler_put
                0x0000000000018dd0       0x40 /Users/crfosse/nordic/ncs/nrfxlib/bsdlib/lib/cortex-m33/hard-float/libbsd_nrf9160_xxaa.a(datagram_handler.c.o)
                0x0000000000018dd0                datagram_handler_put
 .text.datagram_handler_get
                0x0000000000018e10       0x8c /Users/crfosse/nordic/ncs/nrfxlib/bsdlib/lib/cortex-m33/hard-float/libbsd_nrf9160_xxaa.a(datagram_handler.c.o)
                0x0000000000018e10                datagram_handler_get
 .text.datagram_handler_available
                0x0000000000018e9c       0x14 /Users/crfosse/nordic/ncs/nrfxlib/bsdlib/lib/cortex-m33/hard-float/libbsd_nrf9160_xxaa.a(datagram_handler.c.o)
                0x0000000000018e9c                datagram_handler_available
 .text.datagram_handler_flush
                0x0000000000018eb0       0x48 /Users/crfosse/nordic/ncs/nrfxlib/bsdlib/lib/cortex-m33/hard-float/libbsd_nrf9160_xxaa.a(datagram_handler.c.o)
                0x0000000000018eb0                datagram_handler_flush
 .text.datagram_handler_free
                0x0000000000018ef8       0x4c /Users/crfosse/nordic/ncs/nrfxlib/bsdlib/lib/cortex-m33/hard-float/libbsd_nrf9160_xxaa.a(datagram_handler.c.o)
                0x0000000000018ef8                datagram_handler_free
 .text.null_handler_init
                0x0000000000018f44        0x4 /Users/crfosse/nordic/ncs/nrfxlib/bsdlib/lib/cortex-m33/hard-float/libbsd_nrf9160_xxaa.a(null_handler.c.o)
                0x0000000000018f44                null_handler_init
 .text.null_handler_put
                0x0000000000018f48       0x10 /Users/crfosse/nordic/ncs/nrfxlib/bsdlib/lib/cortex-m33/hard-float/libbsd_nrf9160_xxaa.a(null_handler.c.o)
                0x0000000000018f48                null_handler_put
 .text.null_handler_get
                0x0000000000018f58        0x8 /Users/crfosse/nordic/ncs/nrfxlib/bsdlib/lib/cortex-m33/hard-float/libbsd_nrf9160_xxaa.a(null_handler.c.o)
                0x0000000000018f58                null_handler_get
 .text.null_handler_available
                0x0000000000018f60        0x8 /Users/crfosse/nordic/ncs/nrfxlib/bsdlib/lib/cortex-m33/hard-float/libbsd_nrf9160_xxaa.a(null_handler.c.o)
                0x0000000000018f60                null_handler_available
 .text.null_handler_flush
                0x0000000000018f68        0x4 /Users/crfosse/nordic/ncs/nrfxlib/bsdlib/lib/cortex-m33/hard-float/libbsd_nrf9160_xxaa.a(null_handler.c.o)
                0x0000000000018f68                null_handler_flush
 .text.null_handler_free
                0x0000000000018f6c        0x4 /Users/crfosse/nordic/ncs/nrfxlib/bsdlib/lib/cortex-m33/hard-float/libbsd_nrf9160_xxaa.a(null_handler.c.o)
                0x0000000000018f6c                null_handler_free
 .text.packet_handler_create
                0x0000000000018f70       0x40 /Users/crfosse/nordic/ncs/nrfxlib/bsdlib/lib/cortex-m33/hard-float/libbsd_nrf9160_xxaa.a(packet_handler_factory.c.o)
                0x0000000000018f70                packet_handler_create
 .text.packet_handler_delete
                0x0000000000018fb0       0x1c /Users/crfosse/nordic/ncs/nrfxlib/bsdlib/lib/cortex-m33/hard-float/libbsd_nrf9160_xxaa.a(packet_handler_factory.c.o)
                0x0000000000018fb0                packet_handler_delete
 .text.stream_handler_init
                0x0000000000018fcc       0x20 /Users/crfosse/nordic/ncs/nrfxlib/bsdlib/lib/cortex-m33/hard-float/libbsd_nrf9160_xxaa.a(stream_handler.c.o)
                0x0000000000018fcc                stream_handler_init
 .text.stream_handler_put
                0x0000000000018fec       0x40 /Users/crfosse/nordic/ncs/nrfxlib/bsdlib/lib/cortex-m33/hard-float/libbsd_nrf9160_xxaa.a(stream_handler.c.o)
                0x0000000000018fec                stream_handler_put
 .text.stream_handler_get
                0x000000000001902c      0x104 /Users/crfosse/nordic/ncs/nrfxlib/bsdlib/lib/cortex-m33/hard-float/libbsd_nrf9160_xxaa.a(stream_handler.c.o)
                0x000000000001902c                stream_handler_get
 .text.stream_handler_available
                0x0000000000019130       0x28 /Users/crfosse/nordic/ncs/nrfxlib/bsdlib/lib/cortex-m33/hard-float/libbsd_nrf9160_xxaa.a(stream_handler.c.o)
                0x0000000000019130                stream_handler_available
 .text.stream_handler_flush
                0x0000000000019158       0x48 /Users/crfosse/nordic/ncs/nrfxlib/bsdlib/lib/cortex-m33/hard-float/libbsd_nrf9160_xxaa.a(stream_handler.c.o)
                0x0000000000019158                stream_handler_flush
 .text.stream_handler_free
                0x00000000000191a0       0x4c /Users/crfosse/nordic/ncs/nrfxlib/bsdlib/lib/cortex-m33/hard-float/libbsd_nrf9160_xxaa.a(stream_handler.c.o)
                0x00000000000191a0                stream_handler_free
 .text.SystemInit
                0x00000000000191ec       0x2c modules/nordic/lib..__modules__hal__nordic.a(system_nrf9160.c.obj)
                0x00000000000191ec                SystemInit
 .text.z_sys_device_do_config_level
                0x0000000000019218       0x2c zephyr/kernel/libkernel.a(device.c.obj)
                0x0000000000019218                z_sys_device_do_config_level
 .text.z_impl_device_get_binding
                0x0000000000019244       0x4c zephyr/kernel/libkernel.a(device.c.obj)
                0x0000000000019244                z_impl_device_get_binding
 .text.z_impl_z_errno
                0x0000000000019290        0xc zephyr/kernel/libkernel.a(errno.c.obj)
                0x0000000000019290                z_impl_z_errno
 .text.z_fatal_error
                0x000000000001929c       0xcc zephyr/kernel/libkernel.a(fatal.c.obj)
                0x000000000001929c                z_fatal_error
 .text.idle     0x0000000000019368       0x34 zephyr/kernel/libkernel.a(idle.c.obj)
                0x0000000000019368                idle
 .text.z_bss_zero
                0x000000000001939c       0x14 zephyr/kernel/libkernel.a(init.c.obj)
                0x000000000001939c                z_bss_zero
 .text.z_data_copy
                0x00000000000193b0       0x34 zephyr/kernel/libkernel.a(init.c.obj)
                0x00000000000193b0                z_data_copy
 .text.bg_thread_main
                0x00000000000193e4       0x48 zephyr/kernel/libkernel.a(init.c.obj)
 .text.z_cstart
                0x000000000001942c      0x108 zephyr/kernel/libkernel.a(init.c.obj)
                0x000000000001942c                z_cstart
 .text.init_mem_slab_module
                0x0000000000019534       0x44 zephyr/kernel/libkernel.a(mem_slab.c.obj)
 .text.k_mem_slab_alloc
                0x0000000000019578       0x58 zephyr/kernel/libkernel.a(mem_slab.c.obj)
                0x0000000000019578                k_mem_slab_alloc
 .text.k_mem_slab_free
                0x00000000000195d0       0x5c zephyr/kernel/libkernel.a(mem_slab.c.obj)
                0x00000000000195d0                k_mem_slab_free
 .text.init_static_pools
                0x000000000001962c       0x28 zephyr/kernel/libkernel.a(mempool.c.obj)
                0x000000000001962c                init_static_pools
 .text.k_mem_pool_alloc
                0x0000000000019654       0x98 zephyr/kernel/libkernel.a(mempool.c.obj)
                0x0000000000019654                k_mem_pool_alloc
 .text.k_mem_pool_free_id
                0x00000000000196ec       0x58 zephyr/kernel/libkernel.a(mempool.c.obj)
                0x00000000000196ec                k_mem_pool_free_id
 .text.k_malloc
                0x0000000000019744        0xc zephyr/kernel/libkernel.a(mempool.c.obj)
                0x0000000000019744                k_malloc
 .text.z_thread_malloc
                0x0000000000019750       0x2c zephyr/kernel/libkernel.a(mempool.c.obj)
                0x0000000000019750                z_thread_malloc
 .text.z_impl_k_msgq_put
                0x000000000001977c       0xa4 zephyr/kernel/libkernel.a(msg_q.c.obj)
                0x000000000001977c                z_impl_k_msgq_put
 .text.z_impl_k_msgq_get
                0x0000000000019820       0xbc zephyr/kernel/libkernel.a(msg_q.c.obj)
                0x0000000000019820                z_impl_k_msgq_get
 .text.z_impl_k_mutex_lock
                0x00000000000198dc       0xe4 zephyr/kernel/libkernel.a(mutex.c.obj)
                0x00000000000198dc                z_impl_k_mutex_lock
 .text.z_impl_k_mutex_unlock
                0x00000000000199c0       0x98 zephyr/kernel/libkernel.a(mutex.c.obj)
                0x00000000000199c0                z_impl_k_mutex_unlock
 .text.z_reset_time_slice
                0x0000000000019a58       0x2c zephyr/kernel/libkernel.a(sched.c.obj)
                0x0000000000019a58                z_reset_time_slice
 .text.k_sched_time_slice_set
                0x0000000000019a84       0x58 zephyr/kernel/libkernel.a(sched.c.obj)
                0x0000000000019a84                k_sched_time_slice_set
 .text.k_sched_lock
                0x0000000000019adc       0x28 zephyr/kernel/libkernel.a(sched.c.obj)
                0x0000000000019adc                k_sched_lock
 .text.z_priq_dumb_remove
                0x0000000000019b04       0x2c zephyr/kernel/libkernel.a(sched.c.obj)
                0x0000000000019b04                z_priq_dumb_remove
 .text.update_cache
                0x0000000000019b30       0x3c zephyr/kernel/libkernel.a(sched.c.obj)
 .text.k_sched_unlock
                0x0000000000019b6c       0x38 zephyr/kernel/libkernel.a(sched.c.obj)
                0x0000000000019b6c                k_sched_unlock
 .text.z_add_thread_to_ready_q
                0x0000000000019ba4       0x6c zephyr/kernel/libkernel.a(sched.c.obj)
                0x0000000000019ba4                z_add_thread_to_ready_q
 .text.z_move_thread_to_end_of_prio_q
                0x0000000000019c10       0x88 zephyr/kernel/libkernel.a(sched.c.obj)
                0x0000000000019c10                z_move_thread_to_end_of_prio_q
 .text.z_time_slice
                0x0000000000019c98       0x6c zephyr/kernel/libkernel.a(sched.c.obj)
                0x0000000000019c98                z_time_slice
 .text.z_thread_single_suspend
                0x0000000000019d04       0x68 zephyr/kernel/libkernel.a(sched.c.obj)
                0x0000000000019d04                z_thread_single_suspend
 .text.z_thread_single_abort
                0x0000000000019d6c       0x88 zephyr/kernel/libkernel.a(sched.c.obj)
                0x0000000000019d6c                z_thread_single_abort
 .text.z_remove_thread_from_ready_q
                0x0000000000019df4       0x4c zephyr/kernel/libkernel.a(sched.c.obj)
                0x0000000000019df4                z_remove_thread_from_ready_q
 .text.pend     0x0000000000019e40       0x88 zephyr/kernel/libkernel.a(sched.c.obj)
 .text.z_pend_curr_irqlock
                0x0000000000019ec8       0x48 zephyr/kernel/libkernel.a(sched.c.obj)
                0x0000000000019ec8                z_pend_curr_irqlock
 .text.z_pend_curr
                0x0000000000019f10       0x28 zephyr/kernel/libkernel.a(sched.c.obj)
                0x0000000000019f10                z_pend_curr
 .text.z_tick_sleep.part.19
                0x0000000000019f38       0x5c zephyr/kernel/libkernel.a(sched.c.obj)
 .text.z_set_prio
                0x0000000000019f94       0x84 zephyr/kernel/libkernel.a(sched.c.obj)
                0x0000000000019f94                z_set_prio
 .text.z_sched_init
                0x000000000001a018       0x18 zephyr/kernel/libkernel.a(sched.c.obj)
                0x000000000001a018                z_sched_init
 .text.z_impl_k_yield
                0x000000000001a030       0x98 zephyr/kernel/libkernel.a(sched.c.obj)
                0x000000000001a030                z_impl_k_yield
 .text.z_impl_k_sleep
                0x000000000001a0c8       0x50 zephyr/kernel/libkernel.a(sched.c.obj)
                0x000000000001a0c8                z_impl_k_sleep
 .text.z_impl_k_current_get
                0x000000000001a118        0xc zephyr/kernel/libkernel.a(sched.c.obj)
                0x000000000001a118                z_impl_k_current_get
 .text.z_impl_k_sem_give
                0x000000000001a124       0x58 zephyr/kernel/libkernel.a(sem.c.obj)
                0x000000000001a124                z_impl_k_sem_give
 .text.z_impl_k_sem_take
                0x000000000001a17c       0x4c zephyr/kernel/libkernel.a(sem.c.obj)
                0x000000000001a17c                z_impl_k_sem_take
 .text.k_sys_work_q_init
                0x000000000001a1c8       0x30 zephyr/kernel/libkernel.a(system_work_q.c.obj)
 .text.z_impl_k_thread_start
                0x000000000001a1f8       0x48 zephyr/kernel/libkernel.a(thread.c.obj)
                0x000000000001a1f8                z_impl_k_thread_start
 .text.z_setup_new_thread
                0x000000000001a240       0x30 zephyr/kernel/libkernel.a(thread.c.obj)
                0x000000000001a240                z_setup_new_thread
 .text.z_impl_k_thread_create
                0x000000000001a270       0x60 zephyr/kernel/libkernel.a(thread.c.obj)
                0x000000000001a270                z_impl_k_thread_create
 .text.z_impl_k_thread_suspend
                0x000000000001a2d0       0x40 zephyr/kernel/libkernel.a(thread.c.obj)
                0x000000000001a2d0                z_impl_k_thread_suspend
 .text.z_init_static_threads
                0x000000000001a310       0xb4 zephyr/kernel/libkernel.a(thread.c.obj)
                0x000000000001a310                z_init_static_threads
 .text.k_work_q_start
                0x000000000001a3c4       0x48 zephyr/kernel/libkernel.a(work_q.c.obj)
                0x000000000001a3c4                k_work_q_start
 .text.elapsed  0x000000000001a40c       0x14 zephyr/kernel/libkernel.a(timeout.c.obj)
 .text.remove_timeout
                0x000000000001a420       0x28 zephyr/kernel/libkernel.a(timeout.c.obj)
 .text.next_timeout
                0x000000000001a448       0x38 zephyr/kernel/libkernel.a(timeout.c.obj)
 .text.z_add_timeout
                0x000000000001a480       0x84 zephyr/kernel/libkernel.a(timeout.c.obj)
                0x000000000001a480                z_add_timeout
 .text.z_clock_announce
                0x000000000001a504       0xac zephyr/kernel/libkernel.a(timeout.c.obj)
                0x000000000001a504                z_clock_announce
 .text.z_tick_get
                0x000000000001a5b0       0x3c zephyr/kernel/libkernel.a(timeout.c.obj)
                0x000000000001a5b0                z_tick_get
 .text.z_timer_expiration_handler
                0x000000000001a5ec       0x48 zephyr/kernel/libkernel.a(timer.c.obj)
                0x000000000001a5ec                z_timer_expiration_handler
 .text.z_impl_k_timer_start
                0x000000000001a634       0x5c zephyr/kernel/libkernel.a(timer.c.obj)
                0x000000000001a634                z_impl_k_timer_start
 .text.k_poll_event_init
                0x000000000001a690       0x28 zephyr/kernel/libkernel.a(poll.c.obj)
                0x000000000001a690                k_poll_event_init
 .text.z_impl_k_poll
                0x000000000001a6b8       0xa8 zephyr/kernel/libkernel.a(poll.c.obj)
                0x000000000001a6b8                z_impl_k_poll
 .text.z_errno  0x000000000001a760        0x4 app/libapp.a(coap_module.c.obj)
 .text.get_bit_ptr
                0x000000000001a764       0x2e zephyr/libzephyr.a(mempool.c.obj)
 .text.pool_irq_lock.isra.2.part.3
                0x000000000001a792       0x12 zephyr/libzephyr.a(mempool.c.obj)
 .text.pool_irq_unlock.isra.4
                0x000000000001a7a4        0xe zephyr/libzephyr.a(mempool.c.obj)
 .text.z_sys_mem_pool_base_init
                0x000000000001a7b2       0x8c zephyr/libzephyr.a(mempool.c.obj)
                0x000000000001a7b2                z_sys_mem_pool_base_init
 .text.z_sys_mem_pool_block_alloc
                0x000000000001a83e      0x164 zephyr/libzephyr.a(mempool.c.obj)
                0x000000000001a83e                z_sys_mem_pool_block_alloc
 .text.z_sys_mem_pool_block_free
                0x000000000001a9a2      0x134 zephyr/libzephyr.a(mempool.c.obj)
                0x000000000001a9a2                z_sys_mem_pool_block_free
 .text.arch_printk_char_out
                0x000000000001aad6        0x4 zephyr/libzephyr.a(printk.c.obj)
                0x000000000001aad6                arch_printk_char_out
 .text.print_err
                0x000000000001aada       0x1c zephyr/libzephyr.a(printk.c.obj)
 .text.z_vprintk
                0x000000000001aaf6      0x2e0 zephyr/libzephyr.a(printk.c.obj)
                0x000000000001aaf6                z_vprintk
 .text.printk   0x000000000001add6       0x1a zephyr/libzephyr.a(printk.c.obj)
                0x000000000001add6                printk
 .text.z_thread_entry
                0x000000000001adf0       0x14 zephyr/libzephyr.a(thread_entry.c.obj)
                0x000000000001adf0                z_thread_entry
 .text.z_work_q_main
                0x000000000001ae04       0x36 zephyr/libzephyr.a(work_q.c.obj)
                0x000000000001ae04                z_work_q_main
 .text._ConfigAbsSyms
                0x000000000001ae3a        0x2 zephyr/libzephyr.a(configs.c.obj)
                0x000000000001ae3a                _ConfigAbsSyms
 .text.z_platform_init
                0x000000000001ae3c        0x4 zephyr/libzephyr.a(soc.c.obj)
                0x000000000001ae3c                z_platform_init
 .text.log_list_init
                0x000000000001ae40        0x8 zephyr/libzephyr.a(log_list.c.obj)
                0x000000000001ae40                log_list_init
 .text.log_list_add_tail
                0x000000000001ae48       0x14 zephyr/libzephyr.a(log_list.c.obj)
                0x000000000001ae48                log_list_add_tail
 .text.log_list_head_peek
                0x000000000001ae5c        0x4 zephyr/libzephyr.a(log_list.c.obj)
                0x000000000001ae5c                log_list_head_peek
 .text.log_list_head_get